Java HotSpot(TM) 64-Bit Server VM (25.261-b12) for linux-amd64 JRE (1.8.0_261-b12), built on Jun 17 2020 23:41:40 by "java_re" with gcc 7.3.0
Memory: 4k page, physical 7733224k(4085564k free), swap 0k(0k free)
CommandLine flags: -XX:CompressedClassSpaceSize=125829120 -XX:+HeapDumpOnOutOfMemoryError -XX:HeapDumpPath=/usr/local/hero/logs/java_heapdump.hprof -XX:InitialHeapSize=1149239296 -XX:MaxHeapSize=1149239296 -XX:MaxMetaspaceSize=134217728 -XX:MaxNewSize=427819008 -XX:MetaspaceSize=134217728 -XX:NewSize=427819008 -XX:-OmitStackTraceInFastThrow -XX:+PrintGC -XX:+PrintGCDateStamps -XX:+PrintGCDetails -XX:+PrintGCTimeStamps -XX:+PrintHeapAtGC -XX:+UseCompressedClassPointers -XX:+UseCompressedOops -XX:-UseLargePages -XX:+UseParallelGC 
{Heap before GC invocations=1 (full 0):
 PSYoungGen      total 365568K, used 313344K [0x00000000e6800000, 0x0000000100000000, 0x0000000100000000)
  eden space 313344K, 100% used [0x00000000e6800000,0x00000000f9a00000,0x00000000f9a00000)
  from space 52224K, 0% used [0x00000000fcd00000,0x00000000fcd00000,0x0000000100000000)
  to   space 52224K, 0% used [0x00000000f9a00000,0x00000000f9a00000,0x00000000fcd00000)
 ParOldGen       total 704512K, used 0K [0x00000000bb800000, 0x00000000e6800000, 0x00000000e6800000)
  object space 704512K, 0% used [0x00000000bb800000,0x00000000bb800000,0x00000000e6800000)
 Metaspace       used 18638K, capacity 19402K, committed 19712K, reserved 1067008K
  class space    used 2315K, capacity 2513K, committed 2560K, reserved 1048576K
2023-08-17T19:39:17.109+0800: 1.103: [GC (Allocation Failure) [PSYoungGen: 313344K->13530K(365568K)] 313344K->13554K(1070080K), 0.0207876 secs] [Times: user=0.05 sys=0.00, real=0.02 secs] 
Heap after GC invocations=1 (full 0):
 PSYoungGen      total 365568K, used 13530K [0x00000000e6800000, 0x0000000100000000, 0x0000000100000000)
  eden space 313344K, 0% used [0x00000000e6800000,0x00000000e6800000,0x00000000f9a00000)
  from space 52224K, 25% used [0x00000000f9a00000,0x00000000fa736b18,0x00000000fcd00000)
  to   space 52224K, 0% used [0x00000000fcd00000,0x00000000fcd00000,0x0000000100000000)
 ParOldGen       total 704512K, used 24K [0x00000000bb800000, 0x00000000e6800000, 0x00000000e6800000)
  object space 704512K, 0% used [0x00000000bb800000,0x00000000bb806000,0x00000000e6800000)
 Metaspace       used 18638K, capacity 19402K, committed 19712K, reserved 1067008K
  class space    used 2315K, capacity 2513K, committed 2560K, reserved 1048576K
}
{Heap before GC invocations=2 (full 0):
 PSYoungGen      total 365568K, used 326874K [0x00000000e6800000, 0x0000000100000000, 0x0000000100000000)
  eden space 313344K, 100% used [0x00000000e6800000,0x00000000f9a00000,0x00000000f9a00000)
  from space 52224K, 25% used [0x00000000f9a00000,0x00000000fa736b18,0x00000000fcd00000)
  to   space 52224K, 0% used [0x00000000fcd00000,0x00000000fcd00000,0x0000000100000000)
 ParOldGen       total 704512K, used 24K [0x00000000bb800000, 0x00000000e6800000, 0x00000000e6800000)
  object space 704512K, 0% used [0x00000000bb800000,0x00000000bb806000,0x00000000e6800000)
 Metaspace       used 22465K, capacity 23530K, committed 23808K, reserved 1071104K
  class space    used 2805K, capacity 3037K, committed 3072K, reserved 1048576K
2023-08-17T19:39:17.910+0800: 1.904: [GC (Allocation Failure) [PSYoungGen: 326874K->21802K(365568K)] 326898K->21842K(1070080K), 0.0308162 secs] [Times: user=0.05 sys=0.00, real=0.03 secs] 
Heap after GC invocations=2 (full 0):
 PSYoungGen      total 365568K, used 21802K [0x00000000e6800000, 0x0000000100000000, 0x0000000100000000)
  eden space 313344K, 0% used [0x00000000e6800000,0x00000000e6800000,0x00000000f9a00000)
  from space 52224K, 41% used [0x00000000fcd00000,0x00000000fe24a8d0,0x0000000100000000)
  to   space 52224K, 0% used [0x00000000f9a00000,0x00000000f9a00000,0x00000000fcd00000)
 ParOldGen       total 704512K, used 40K [0x00000000bb800000, 0x00000000e6800000, 0x00000000e6800000)
  object space 704512K, 0% used [0x00000000bb800000,0x00000000bb80a000,0x00000000e6800000)
 Metaspace       used 22465K, capacity 23530K, committed 23808K, reserved 1071104K
  class space    used 2805K, capacity 3037K, committed 3072K, reserved 1048576K
}
{Heap before GC invocations=3 (full 0):
 PSYoungGen      total 365568K, used 335146K [0x00000000e6800000, 0x0000000100000000, 0x0000000100000000)
  eden space 313344K, 100% used [0x00000000e6800000,0x00000000f9a00000,0x00000000f9a00000)
  from space 52224K, 41% used [0x00000000fcd00000,0x00000000fe24a8d0,0x0000000100000000)
  to   space 52224K, 0% used [0x00000000f9a00000,0x00000000f9a00000,0x00000000fcd00000)
 ParOldGen       total 704512K, used 40K [0x00000000bb800000, 0x00000000e6800000, 0x00000000e6800000)
  object space 704512K, 0% used [0x00000000bb800000,0x00000000bb80a000,0x00000000e6800000)
 Metaspace       used 34457K, capacity 36384K, committed 36608K, reserved 1081344K
  class space    used 4469K, capacity 4830K, committed 4864K, reserved 1048576K
2023-08-17T19:39:19.201+0800: 3.194: [GC (Allocation Failure) [PSYoungGen: 335146K->22310K(365568K)] 335186K->22430K(1070080K), 0.0235690 secs] [Times: user=0.05 sys=0.00, real=0.02 secs] 
Heap after GC invocations=3 (full 0):
 PSYoungGen      total 365568K, used 22310K [0x00000000e6800000, 0x0000000100000000, 0x0000000100000000)
  eden space 313344K, 0% used [0x00000000e6800000,0x00000000e6800000,0x00000000f9a00000)
  from space 52224K, 42% used [0x00000000f9a00000,0x00000000fafc9a38,0x00000000fcd00000)
  to   space 52224K, 0% used [0x00000000fcd00000,0x00000000fcd00000,0x0000000100000000)
 ParOldGen       total 704512K, used 120K [0x00000000bb800000, 0x00000000e6800000, 0x00000000e6800000)
  object space 704512K, 0% used [0x00000000bb800000,0x00000000bb81e010,0x00000000e6800000)
 Metaspace       used 34457K, capacity 36384K, committed 36608K, reserved 1081344K
  class space    used 4469K, capacity 4830K, committed 4864K, reserved 1048576K
}
{Heap before GC invocations=4 (full 0):
 PSYoungGen      total 365568K, used 335654K [0x00000000e6800000, 0x0000000100000000, 0x0000000100000000)
  eden space 313344K, 100% used [0x00000000e6800000,0x00000000f9a00000,0x00000000f9a00000)
  from space 52224K, 42% used [0x00000000f9a00000,0x00000000fafc9a38,0x00000000fcd00000)
  to   space 52224K, 0% used [0x00000000fcd00000,0x00000000fcd00000,0x0000000100000000)
 ParOldGen       total 704512K, used 120K [0x00000000bb800000, 0x00000000e6800000, 0x00000000e6800000)
  object space 704512K, 0% used [0x00000000bb800000,0x00000000bb81e010,0x00000000e6800000)
 Metaspace       used 36433K, capacity 38512K, committed 38656K, reserved 1083392K
  class space    used 4648K, capacity 5026K, committed 5120K, reserved 1048576K
2023-08-17T19:39:19.877+0800: 3.870: [GC (Allocation Failure) [PSYoungGen: 335654K->16704K(365568K)] 335774K->16840K(1070080K), 0.0179529 secs] [Times: user=0.06 sys=0.00, real=0.02 secs] 
Heap after GC invocations=4 (full 0):
 PSYoungGen      total 365568K, used 16704K [0x00000000e6800000, 0x0000000100000000, 0x0000000100000000)
  eden space 313344K, 0% used [0x00000000e6800000,0x00000000e6800000,0x00000000f9a00000)
  from space 52224K, 31% used [0x00000000fcd00000,0x00000000fdd50050,0x0000000100000000)
  to   space 52224K, 0% used [0x00000000f9a00000,0x00000000f9a00000,0x00000000fcd00000)
 ParOldGen       total 704512K, used 136K [0x00000000bb800000, 0x00000000e6800000, 0x00000000e6800000)
  object space 704512K, 0% used [0x00000000bb800000,0x00000000bb822010,0x00000000e6800000)
 Metaspace       used 36433K, capacity 38512K, committed 38656K, reserved 1083392K
  class space    used 4648K, capacity 5026K, committed 5120K, reserved 1048576K
}
{Heap before GC invocations=5 (full 0):
 PSYoungGen      total 365568K, used 330048K [0x00000000e6800000, 0x0000000100000000, 0x0000000100000000)
  eden space 313344K, 100% used [0x00000000e6800000,0x00000000f9a00000,0x00000000f9a00000)
  from space 52224K, 31% used [0x00000000fcd00000,0x00000000fdd50050,0x0000000100000000)
  to   space 52224K, 0% used [0x00000000f9a00000,0x00000000f9a00000,0x00000000fcd00000)
 ParOldGen       total 704512K, used 136K [0x00000000bb800000, 0x00000000e6800000, 0x00000000e6800000)
  object space 704512K, 0% used [0x00000000bb800000,0x00000000bb822010,0x00000000e6800000)
 Metaspace       used 48598K, capacity 51472K, committed 51840K, reserved 1093632K
  class space    used 6178K, capacity 6696K, committed 6784K, reserved 1048576K
2023-08-17T19:44:26.374+0800: 310.367: [GC (Allocation Failure) [PSYoungGen: 330048K->27576K(365568K)] 330184K->27728K(1070080K), 0.0344815 secs] [Times: user=0.11 sys=0.00, real=0.03 secs] 
Heap after GC invocations=5 (full 0):
 PSYoungGen      total 365568K, used 27576K [0x00000000e6800000, 0x0000000100000000, 0x0000000100000000)
  eden space 313344K, 0% used [0x00000000e6800000,0x00000000e6800000,0x00000000f9a00000)
  from space 52224K, 52% used [0x00000000f9a00000,0x00000000fb4ee2c8,0x00000000fcd00000)
  to   space 30208K, 0% used [0x00000000fe280000,0x00000000fe280000,0x0000000100000000)
 ParOldGen       total 704512K, used 152K [0x00000000bb800000, 0x00000000e6800000, 0x00000000e6800000)
  object space 704512K, 0% used [0x00000000bb800000,0x00000000bb826010,0x00000000e6800000)
 Metaspace       used 48598K, capacity 51472K, committed 51840K, reserved 1093632K
  class space    used 6178K, capacity 6696K, committed 6784K, reserved 1048576K
}
{Heap before GC invocations=6 (full 0):
 PSYoungGen      total 365568K, used 340920K [0x00000000e6800000, 0x0000000100000000, 0x0000000100000000)
  eden space 313344K, 100% used [0x00000000e6800000,0x00000000f9a00000,0x00000000f9a00000)
  from space 52224K, 52% used [0x00000000f9a00000,0x00000000fb4ee2c8,0x00000000fcd00000)
  to   space 30208K, 0% used [0x00000000fe280000,0x00000000fe280000,0x0000000100000000)
 ParOldGen       total 704512K, used 152K [0x00000000bb800000, 0x00000000e6800000, 0x00000000e6800000)
  object space 704512K, 0% used [0x00000000bb800000,0x00000000bb826010,0x00000000e6800000)
 Metaspace       used 52445K, capacity 55584K, committed 55680K, reserved 1097728K
  class space    used 6484K, capacity 7024K, committed 7040K, reserved 1048576K
2023-08-17T20:17:50.966+0800: 2314.960: [GC (Allocation Failure) [PSYoungGen: 340920K->30201K(370176K)] 341072K->38493K(1074688K), 0.0249593 secs] [Times: user=0.07 sys=0.01, real=0.03 secs] 
Heap after GC invocations=6 (full 0):
 PSYoungGen      total 370176K, used 30201K [0x00000000e6800000, 0x0000000100000000, 0x0000000100000000)
  eden space 339968K, 0% used [0x00000000e6800000,0x00000000e6800000,0x00000000fb400000)
  from space 30208K, 99% used [0x00000000fe280000,0x00000000ffffe620,0x0000000100000000)
  to   space 38912K, 0% used [0x00000000fb400000,0x00000000fb400000,0x00000000fda00000)
 ParOldGen       total 704512K, used 8291K [0x00000000bb800000, 0x00000000e6800000, 0x00000000e6800000)
  object space 704512K, 1% used [0x00000000bb800000,0x00000000bc018f88,0x00000000e6800000)
 Metaspace       used 52445K, capacity 55584K, committed 55680K, reserved 1097728K
  class space    used 6484K, capacity 7024K, committed 7040K, reserved 1048576K
}
{Heap before GC invocations=7 (full 0):
 PSYoungGen      total 370176K, used 370169K [0x00000000e6800000, 0x0000000100000000, 0x0000000100000000)
  eden space 339968K, 100% used [0x00000000e6800000,0x00000000fb400000,0x00000000fb400000)
  from space 30208K, 99% used [0x00000000fe280000,0x00000000ffffe620,0x0000000100000000)
  to   space 38912K, 0% used [0x00000000fb400000,0x00000000fb400000,0x00000000fda00000)
 ParOldGen       total 704512K, used 8291K [0x00000000bb800000, 0x00000000e6800000, 0x00000000e6800000)
  object space 704512K, 1% used [0x00000000bb800000,0x00000000bc018f88,0x00000000e6800000)
 Metaspace       used 53539K, capacity 56676K, committed 56704K, reserved 1099776K
  class space    used 6486K, capacity 7024K, committed 7040K, reserved 1048576K
2023-08-17T20:17:56.149+0800: 2320.142: [GC (Allocation Failure) [PSYoungGen: 370169K->38911K(378880K)] 378461K->60341K(1083392K), 0.0292924 secs] [Times: user=0.08 sys=0.02, real=0.02 secs] 
Heap after GC invocations=7 (full 0):
 PSYoungGen      total 378880K, used 38911K [0x00000000e6800000, 0x0000000100000000, 0x0000000100000000)
  eden space 339968K, 0% used [0x00000000e6800000,0x00000000e6800000,0x00000000fb400000)
  from space 38912K, 99% used [0x00000000fb400000,0x00000000fd9ffeb0,0x00000000fda00000)
  to   space 38912K, 0% used [0x00000000fda00000,0x00000000fda00000,0x0000000100000000)
 ParOldGen       total 704512K, used 21430K [0x00000000bb800000, 0x00000000e6800000, 0x00000000e6800000)
  object space 704512K, 3% used [0x00000000bb800000,0x00000000bcced888,0x00000000e6800000)
 Metaspace       used 53539K, capacity 56676K, committed 56704K, reserved 1099776K
  class space    used 6486K, capacity 7024K, committed 7040K, reserved 1048576K
}
{Heap before GC invocations=8 (full 0):
 PSYoungGen      total 378880K, used 378874K [0x00000000e6800000, 0x0000000100000000, 0x0000000100000000)
  eden space 339968K, 99% used [0x00000000e6800000,0x00000000fb3fecc8,0x00000000fb400000)
  from space 38912K, 99% used [0x00000000fb400000,0x00000000fd9ffeb0,0x00000000fda00000)
  to   space 38912K, 0% used [0x00000000fda00000,0x00000000fda00000,0x0000000100000000)
 ParOldGen       total 704512K, used 21430K [0x00000000bb800000, 0x00000000e6800000, 0x00000000e6800000)
  object space 704512K, 3% used [0x00000000bb800000,0x00000000bcced888,0x00000000e6800000)
 Metaspace       used 53554K, capacity 56708K, committed 56832K, reserved 1099776K
  class space    used 6489K, capacity 7056K, committed 7168K, reserved 1048576K
2023-08-17T20:18:02.095+0800: 2326.088: [GC (Allocation Failure) [PSYoungGen: 378874K->36159K(352256K)] 400305K->60889K(1056768K), 0.0146331 secs] [Times: user=0.05 sys=0.00, real=0.02 secs] 
Heap after GC invocations=8 (full 0):
 PSYoungGen      total 352256K, used 36159K [0x00000000e6800000, 0x0000000100000000, 0x0000000100000000)
  eden space 313344K, 0% used [0x00000000e6800000,0x00000000e6800000,0x00000000f9a00000)
  from space 38912K, 92% used [0x00000000fda00000,0x00000000ffd4feb0,0x0000000100000000)
  to   space 52224K, 0% used [0x00000000f9a00000,0x00000000f9a00000,0x00000000fcd00000)
 ParOldGen       total 704512K, used 24730K [0x00000000bb800000, 0x00000000e6800000, 0x00000000e6800000)
  object space 704512K, 3% used [0x00000000bb800000,0x00000000bd026898,0x00000000e6800000)
 Metaspace       used 53554K, capacity 56708K, committed 56832K, reserved 1099776K
  class space    used 6489K, capacity 7056K, committed 7168K, reserved 1048576K
}
{Heap before GC invocations=9 (full 0):
 PSYoungGen      total 352256K, used 349503K [0x00000000e6800000, 0x0000000100000000, 0x0000000100000000)
  eden space 313344K, 100% used [0x00000000e6800000,0x00000000f9a00000,0x00000000f9a00000)
  from space 38912K, 92% used [0x00000000fda00000,0x00000000ffd4feb0,0x0000000100000000)
  to   space 52224K, 0% used [0x00000000f9a00000,0x00000000f9a00000,0x00000000fcd00000)
 ParOldGen       total 704512K, used 24730K [0x00000000bb800000, 0x00000000e6800000, 0x00000000e6800000)
  object space 704512K, 3% used [0x00000000bb800000,0x00000000bd026898,0x00000000e6800000)
 Metaspace       used 53579K, capacity 56708K, committed 56832K, reserved 1099776K
  class space    used 6495K, capacity 7056K, committed 7168K, reserved 1048576K
2023-08-17T20:18:07.954+0800: 2331.947: [GC (Allocation Failure) [PSYoungGen: 349503K->22693K(365568K)] 374233K->60722K(1070080K), 0.0141070 secs] [Times: user=0.04 sys=0.01, real=0.01 secs] 
Heap after GC invocations=9 (full 0):
 PSYoungGen      total 365568K, used 22693K [0x00000000e6800000, 0x0000000100000000, 0x0000000100000000)
  eden space 313344K, 0% used [0x00000000e6800000,0x00000000e6800000,0x00000000f9a00000)
  from space 52224K, 43% used [0x00000000f9a00000,0x00000000fb029460,0x00000000fcd00000)
  to   space 50688K, 0% used [0x00000000fce80000,0x00000000fce80000,0x0000000100000000)
 ParOldGen       total 704512K, used 38029K [0x00000000bb800000, 0x00000000e6800000, 0x00000000e6800000)
  object space 704512K, 5% used [0x00000000bb800000,0x00000000bdd23478,0x00000000e6800000)
 Metaspace       used 53579K, capacity 56708K, committed 56832K, reserved 1099776K
  class space    used 6495K, capacity 7056K, committed 7168K, reserved 1048576K
}
{Heap before GC invocations=10 (full 0):
 PSYoungGen      total 365568K, used 336035K [0x00000000e6800000, 0x0000000100000000, 0x0000000100000000)
  eden space 313344K, 99% used [0x00000000e6800000,0x00000000f99ffae8,0x00000000f9a00000)
  from space 52224K, 43% used [0x00000000f9a00000,0x00000000fb029460,0x00000000fcd00000)
  to   space 50688K, 0% used [0x00000000fce80000,0x00000000fce80000,0x0000000100000000)
 ParOldGen       total 704512K, used 38029K [0x00000000bb800000, 0x00000000e6800000, 0x00000000e6800000)
  object space 704512K, 5% used [0x00000000bb800000,0x00000000bdd23478,0x00000000e6800000)
 Metaspace       used 53581K, capacity 56708K, committed 56832K, reserved 1099776K
  class space    used 6495K, capacity 7056K, committed 7168K, reserved 1048576K
2023-08-17T20:18:14.425+0800: 2338.418: [GC (Allocation Failure) [PSYoungGen: 336035K->1120K(363008K)] 374064K->59477K(1067520K), 0.0094130 secs] [Times: user=0.02 sys=0.01, real=0.01 secs] 
Heap after GC invocations=10 (full 0):
 PSYoungGen      total 363008K, used 1120K [0x00000000e6800000, 0x0000000100000000, 0x0000000100000000)
  eden space 312320K, 0% used [0x00000000e6800000,0x00000000e6800000,0x00000000f9900000)
  from space 50688K, 2% used [0x00000000fce80000,0x00000000fcf98000,0x0000000100000000)
  to   space 52736K, 0% used [0x00000000f9900000,0x00000000f9900000,0x00000000fcc80000)
 ParOldGen       total 704512K, used 58357K [0x00000000bb800000, 0x00000000e6800000, 0x00000000e6800000)
  object space 704512K, 8% used [0x00000000bb800000,0x00000000bf0fd5b8,0x00000000e6800000)
 Metaspace       used 53581K, capacity 56708K, committed 56832K, reserved 1099776K
  class space    used 6495K, capacity 7056K, committed 7168K, reserved 1048576K
}
{Heap before GC invocations=11 (full 0):
 PSYoungGen      total 363008K, used 313440K [0x00000000e6800000, 0x0000000100000000, 0x0000000100000000)
  eden space 312320K, 100% used [0x00000000e6800000,0x00000000f9900000,0x00000000f9900000)
  from space 50688K, 2% used [0x00000000fce80000,0x00000000fcf98000,0x0000000100000000)
  to   space 52736K, 0% used [0x00000000f9900000,0x00000000f9900000,0x00000000fcc80000)
 ParOldGen       total 704512K, used 58357K [0x00000000bb800000, 0x00000000e6800000, 0x00000000e6800000)
  object space 704512K, 8% used [0x00000000bb800000,0x00000000bf0fd5b8,0x00000000e6800000)
 Metaspace       used 53582K, capacity 56708K, committed 56832K, reserved 1099776K
  class space    used 6495K, capacity 7056K, committed 7168K, reserved 1048576K
2023-08-17T20:18:20.954+0800: 2344.947: [GC (Allocation Failure) [PSYoungGen: 313440K->1280K(313856K)] 371797K->59701K(1018368K), 0.0041020 secs] [Times: user=0.01 sys=0.00, real=0.00 secs] 
Heap after GC invocations=11 (full 0):
 PSYoungGen      total 313856K, used 1280K [0x00000000e6800000, 0x0000000100000000, 0x0000000100000000)
  eden space 312320K, 0% used [0x00000000e6800000,0x00000000e6800000,0x00000000f9900000)
  from space 1536K, 83% used [0x00000000f9900000,0x00000000f9a40000,0x00000000f9a80000)
  to   space 54272K, 0% used [0x00000000fcb00000,0x00000000fcb00000,0x0000000100000000)
 ParOldGen       total 704512K, used 58421K [0x00000000bb800000, 0x00000000e6800000, 0x00000000e6800000)
  object space 704512K, 8% used [0x00000000bb800000,0x00000000bf10d5b8,0x00000000e6800000)
 Metaspace       used 53582K, capacity 56708K, committed 56832K, reserved 1099776K
  class space    used 6495K, capacity 7056K, committed 7168K, reserved 1048576K
}
{Heap before GC invocations=12 (full 0):
 PSYoungGen      total 313856K, used 313600K [0x00000000e6800000, 0x0000000100000000, 0x0000000100000000)
  eden space 312320K, 100% used [0x00000000e6800000,0x00000000f9900000,0x00000000f9900000)
  from space 1536K, 83% used [0x00000000f9900000,0x00000000f9a40000,0x00000000f9a80000)
  to   space 54272K, 0% used [0x00000000fcb00000,0x00000000fcb00000,0x0000000100000000)
 ParOldGen       total 704512K, used 58421K [0x00000000bb800000, 0x00000000e6800000, 0x00000000e6800000)
  object space 704512K, 8% used [0x00000000bb800000,0x00000000bf10d5b8,0x00000000e6800000)
 Metaspace       used 53583K, capacity 56708K, committed 56832K, reserved 1099776K
  class space    used 6495K, capacity 7056K, committed 7168K, reserved 1048576K
2023-08-17T20:18:27.462+0800: 2351.455: [GC (Allocation Failure) [PSYoungGen: 313600K->1376K(362496K)] 372021K->59829K(1067008K), 0.0044184 secs] [Times: user=0.01 sys=0.00, real=0.00 secs] 
Heap after GC invocations=12 (full 0):
 PSYoungGen      total 362496K, used 1376K [0x00000000e6800000, 0x0000000100000000, 0x0000000100000000)
  eden space 308224K, 0% used [0x00000000e6800000,0x00000000e6800000,0x00000000f9500000)
  from space 54272K, 2% used [0x00000000fcb00000,0x00000000fcc58000,0x0000000100000000)
  to   space 54784K, 0% used [0x00000000f9500000,0x00000000f9500000,0x00000000fca80000)
 ParOldGen       total 704512K, used 58453K [0x00000000bb800000, 0x00000000e6800000, 0x00000000e6800000)
  object space 704512K, 8% used [0x00000000bb800000,0x00000000bf1155b8,0x00000000e6800000)
 Metaspace       used 53583K, capacity 56708K, committed 56832K, reserved 1099776K
  class space    used 6495K, capacity 7056K, committed 7168K, reserved 1048576K
}
{Heap before GC invocations=13 (full 0):
 PSYoungGen      total 362496K, used 309600K [0x00000000e6800000, 0x0000000100000000, 0x0000000100000000)
  eden space 308224K, 100% used [0x00000000e6800000,0x00000000f9500000,0x00000000f9500000)
  from space 54272K, 2% used [0x00000000fcb00000,0x00000000fcc58000,0x0000000100000000)
  to   space 54784K, 0% used [0x00000000f9500000,0x00000000f9500000,0x00000000fca80000)
 ParOldGen       total 704512K, used 58453K [0x00000000bb800000, 0x00000000e6800000, 0x00000000e6800000)
  object space 704512K, 8% used [0x00000000bb800000,0x00000000bf1155b8,0x00000000e6800000)
 Metaspace       used 53592K, capacity 56708K, committed 56832K, reserved 1099776K
  class space    used 6495K, capacity 7056K, committed 7168K, reserved 1048576K
2023-08-17T20:18:33.727+0800: 2357.721: [GC (Allocation Failure) [PSYoungGen: 309600K->1312K(363008K)] 368053K->59789K(1067520K), 0.0043466 secs] [Times: user=0.01 sys=0.00, real=0.01 secs] 
Heap after GC invocations=13 (full 0):
 PSYoungGen      total 363008K, used 1312K [0x00000000e6800000, 0x0000000100000000, 0x0000000100000000)
  eden space 308224K, 0% used [0x00000000e6800000,0x00000000e6800000,0x00000000f9500000)
  from space 54784K, 2% used [0x00000000f9500000,0x00000000f9648000,0x00000000fca80000)
  to   space 54784K, 0% used [0x00000000fca80000,0x00000000fca80000,0x0000000100000000)
 ParOldGen       total 704512K, used 58477K [0x00000000bb800000, 0x00000000e6800000, 0x00000000e6800000)
  object space 704512K, 8% used [0x00000000bb800000,0x00000000bf11b5b8,0x00000000e6800000)
 Metaspace       used 53592K, capacity 56708K, committed 56832K, reserved 1099776K
  class space    used 6495K, capacity 7056K, committed 7168K, reserved 1048576K
}
{Heap before GC invocations=14 (full 0):
 PSYoungGen      total 363008K, used 309536K [0x00000000e6800000, 0x0000000100000000, 0x0000000100000000)
  eden space 308224K, 100% used [0x00000000e6800000,0x00000000f9500000,0x00000000f9500000)
  from space 54784K, 2% used [0x00000000f9500000,0x00000000f9648000,0x00000000fca80000)
  to   space 54784K, 0% used [0x00000000fca80000,0x00000000fca80000,0x0000000100000000)
 ParOldGen       total 704512K, used 58477K [0x00000000bb800000, 0x00000000e6800000, 0x00000000e6800000)
  object space 704512K, 8% used [0x00000000bb800000,0x00000000bf11b5b8,0x00000000e6800000)
 Metaspace       used 53592K, capacity 56708K, committed 56832K, reserved 1099776K
  class space    used 6495K, capacity 7056K, committed 7168K, reserved 1048576K
2023-08-17T20:18:40.062+0800: 2364.055: [GC (Allocation Failure) [PSYoungGen: 309536K->1152K(364032K)] 368013K->59661K(1068544K), 0.0041775 secs] [Times: user=0.01 sys=0.00, real=0.00 secs] 
Heap after GC invocations=14 (full 0):
 PSYoungGen      total 364032K, used 1152K [0x00000000e6800000, 0x0000000100000000, 0x0000000100000000)
  eden space 309248K, 0% used [0x00000000e6800000,0x00000000e6800000,0x00000000f9600000)
  from space 54784K, 2% used [0x00000000fca80000,0x00000000fcba0000,0x0000000100000000)
  to   space 53760K, 0% used [0x00000000f9600000,0x00000000f9600000,0x00000000fca80000)
 ParOldGen       total 704512K, used 58509K [0x00000000bb800000, 0x00000000e6800000, 0x00000000e6800000)
  object space 704512K, 8% used [0x00000000bb800000,0x00000000bf1235b8,0x00000000e6800000)
 Metaspace       used 53592K, capacity 56708K, committed 56832K, reserved 1099776K
  class space    used 6495K, capacity 7056K, committed 7168K, reserved 1048576K
}
{Heap before GC invocations=15 (full 0):
 PSYoungGen      total 364032K, used 310400K [0x00000000e6800000, 0x0000000100000000, 0x0000000100000000)
  eden space 309248K, 100% used [0x00000000e6800000,0x00000000f9600000,0x00000000f9600000)
  from space 54784K, 2% used [0x00000000fca80000,0x00000000fcba0000,0x0000000100000000)
  to   space 53760K, 0% used [0x00000000f9600000,0x00000000f9600000,0x00000000fca80000)
 ParOldGen       total 704512K, used 58509K [0x00000000bb800000, 0x00000000e6800000, 0x00000000e6800000)
  object space 704512K, 8% used [0x00000000bb800000,0x00000000bf1235b8,0x00000000e6800000)
 Metaspace       used 53608K, capacity 56708K, committed 56832K, reserved 1099776K
  class space    used 6495K, capacity 7056K, committed 7168K, reserved 1048576K
2023-08-17T20:18:54.300+0800: 2378.293: [GC (Allocation Failure) [PSYoungGen: 310400K->640K(363008K)] 368909K->59173K(1067520K), 0.0040996 secs] [Times: user=0.02 sys=0.00, real=0.00 secs] 
Heap after GC invocations=15 (full 0):
 PSYoungGen      total 363008K, used 640K [0x00000000e6800000, 0x0000000100000000, 0x0000000100000000)
  eden space 309248K, 0% used [0x00000000e6800000,0x00000000e6800000,0x00000000f9600000)
  from space 53760K, 1% used [0x00000000f9600000,0x00000000f96a0000,0x00000000fca80000)
  to   space 53248K, 0% used [0x00000000fcc00000,0x00000000fcc00000,0x0000000100000000)
 ParOldGen       total 704512K, used 58533K [0x00000000bb800000, 0x00000000e6800000, 0x00000000e6800000)
  object space 704512K, 8% used [0x00000000bb800000,0x00000000bf1295b8,0x00000000e6800000)
 Metaspace       used 53608K, capacity 56708K, committed 56832K, reserved 1099776K
  class space    used 6495K, capacity 7056K, committed 7168K, reserved 1048576K
}
{Heap before GC invocations=16 (full 0):
 PSYoungGen      total 363008K, used 309887K [0x00000000e6800000, 0x0000000100000000, 0x0000000100000000)
  eden space 309248K, 99% used [0x00000000e6800000,0x00000000f95fffd0,0x00000000f9600000)
  from space 53760K, 1% used [0x00000000f9600000,0x00000000f96a0000,0x00000000fca80000)
  to   space 53248K, 0% used [0x00000000fcc00000,0x00000000fcc00000,0x0000000100000000)
 ParOldGen       total 704512K, used 58533K [0x00000000bb800000, 0x00000000e6800000, 0x00000000e6800000)
  object space 704512K, 8% used [0x00000000bb800000,0x00000000bf1295b8,0x00000000e6800000)
 Metaspace       used 53625K, capacity 56772K, committed 57088K, reserved 1099776K
  class space    used 6495K, capacity 7056K, committed 7168K, reserved 1048576K
2023-08-17T20:19:09.418+0800: 2393.411: [GC (Allocation Failure) [PSYoungGen: 309887K->704K(366080K)] 368421K->59397K(1070592K), 0.0039214 secs] [Times: user=0.01 sys=0.00, real=0.01 secs] 
Heap after GC invocations=16 (full 0):
 PSYoungGen      total 366080K, used 704K [0x00000000e6800000, 0x0000000100000000, 0x0000000100000000)
  eden space 312832K, 0% used [0x00000000e6800000,0x00000000e6800000,0x00000000f9980000)
  from space 53248K, 1% used [0x00000000fcc00000,0x00000000fccb0000,0x0000000100000000)
  to   space 51712K, 0% used [0x00000000f9980000,0x00000000f9980000,0x00000000fcc00000)
 ParOldGen       total 704512K, used 58693K [0x00000000bb800000, 0x00000000e6800000, 0x00000000e6800000)
  object space 704512K, 8% used [0x00000000bb800000,0x00000000bf1515b8,0x00000000e6800000)
 Metaspace       used 53625K, capacity 56772K, committed 57088K, reserved 1099776K
  class space    used 6495K, capacity 7056K, committed 7168K, reserved 1048576K
}
{Heap before GC invocations=17 (full 0):
 PSYoungGen      total 366080K, used 313536K [0x00000000e6800000, 0x0000000100000000, 0x0000000100000000)
  eden space 312832K, 100% used [0x00000000e6800000,0x00000000f9980000,0x00000000f9980000)
  from space 53248K, 1% used [0x00000000fcc00000,0x00000000fccb0000,0x0000000100000000)
  to   space 51712K, 0% used [0x00000000f9980000,0x00000000f9980000,0x00000000fcc00000)
 ParOldGen       total 704512K, used 58693K [0x00000000bb800000, 0x00000000e6800000, 0x00000000e6800000)
  object space 704512K, 8% used [0x00000000bb800000,0x00000000bf1515b8,0x00000000e6800000)
 Metaspace       used 53626K, capacity 56772K, committed 57088K, reserved 1099776K
  class space    used 6495K, capacity 7056K, committed 7168K, reserved 1048576K
2023-08-17T20:19:23.393+0800: 2407.387: [GC (Allocation Failure) [PSYoungGen: 313536K->672K(364544K)] 372229K->59437K(1069056K), 0.0037200 secs] [Times: user=0.01 sys=0.00, real=0.00 secs] 
Heap after GC invocations=17 (full 0):
 PSYoungGen      total 364544K, used 672K [0x00000000e6800000, 0x0000000100000000, 0x0000000100000000)
  eden space 312832K, 0% used [0x00000000e6800000,0x00000000e6800000,0x00000000f9980000)
  from space 51712K, 1% used [0x00000000f9980000,0x00000000f9a28000,0x00000000fcc00000)
  to   space 50176K, 0% used [0x00000000fcf00000,0x00000000fcf00000,0x0000000100000000)
 ParOldGen       total 704512K, used 58765K [0x00000000bb800000, 0x00000000e6800000, 0x00000000e6800000)
  object space 704512K, 8% used [0x00000000bb800000,0x00000000bf1635b8,0x00000000e6800000)
 Metaspace       used 53626K, capacity 56772K, committed 57088K, reserved 1099776K
  class space    used 6495K, capacity 7056K, committed 7168K, reserved 1048576K
}
{Heap before GC invocations=18 (full 0):
 PSYoungGen      total 364544K, used 313504K [0x00000000e6800000, 0x0000000100000000, 0x0000000100000000)
  eden space 312832K, 100% used [0x00000000e6800000,0x00000000f9980000,0x00000000f9980000)
  from space 51712K, 1% used [0x00000000f9980000,0x00000000f9a28000,0x00000000fcc00000)
  to   space 50176K, 0% used [0x00000000fcf00000,0x00000000fcf00000,0x0000000100000000)
 ParOldGen       total 704512K, used 58765K [0x00000000bb800000, 0x00000000e6800000, 0x00000000e6800000)
  object space 704512K, 8% used [0x00000000bb800000,0x00000000bf1635b8,0x00000000e6800000)
 Metaspace       used 53632K, capacity 56772K, committed 57088K, reserved 1099776K
  class space    used 6495K, capacity 7056K, committed 7168K, reserved 1048576K
2023-08-17T20:19:37.612+0800: 2421.605: [GC (Allocation Failure) [PSYoungGen: 313504K->704K(369152K)] 372269K->59501K(1073664K), 0.0037948 secs] [Times: user=0.01 sys=0.00, real=0.00 secs] 
Heap after GC invocations=18 (full 0):
 PSYoungGen      total 369152K, used 704K [0x00000000e6800000, 0x0000000100000000, 0x0000000100000000)
  eden space 318976K, 0% used [0x00000000e6800000,0x00000000e6800000,0x00000000f9f80000)
  from space 50176K, 1% used [0x00000000fcf00000,0x00000000fcfb0000,0x0000000100000000)
  to   space 48640K, 0% used [0x00000000f9f80000,0x00000000f9f80000,0x00000000fcf00000)
 ParOldGen       total 704512K, used 58797K [0x00000000bb800000, 0x00000000e6800000, 0x00000000e6800000)
  object space 704512K, 8% used [0x00000000bb800000,0x00000000bf16b5b8,0x00000000e6800000)
 Metaspace       used 53632K, capacity 56772K, committed 57088K, reserved 1099776K
  class space    used 6495K, capacity 7056K, committed 7168K, reserved 1048576K
}
{Heap before GC invocations=19 (full 0):
 PSYoungGen      total 369152K, used 319680K [0x00000000e6800000, 0x0000000100000000, 0x0000000100000000)
  eden space 318976K, 100% used [0x00000000e6800000,0x00000000f9f80000,0x00000000f9f80000)
  from space 50176K, 1% used [0x00000000fcf00000,0x00000000fcfb0000,0x0000000100000000)
  to   space 48640K, 0% used [0x00000000f9f80000,0x00000000f9f80000,0x00000000fcf00000)
 ParOldGen       total 704512K, used 58797K [0x00000000bb800000, 0x00000000e6800000, 0x00000000e6800000)
  object space 704512K, 8% used [0x00000000bb800000,0x00000000bf16b5b8,0x00000000e6800000)
 Metaspace       used 53986K, capacity 57182K, committed 57344K, reserved 1099776K
  class space    used 6510K, capacity 7063K, committed 7168K, reserved 1048576K
2023-08-17T21:02:23.918+0800: 4987.911: [GC (Allocation Failure) [PSYoungGen: 319680K->4448K(367616K)] 378477K->63269K(1072128K), 0.0058635 secs] [Times: user=0.02 sys=0.00, real=0.01 secs] 
Heap after GC invocations=19 (full 0):
 PSYoungGen      total 367616K, used 4448K [0x00000000e6800000, 0x0000000100000000, 0x0000000100000000)
  eden space 318976K, 0% used [0x00000000e6800000,0x00000000e6800000,0x00000000f9f80000)
  from space 48640K, 9% used [0x00000000f9f80000,0x00000000fa3d8180,0x00000000fcf00000)
  to   space 46080K, 0% used [0x00000000fd300000,0x00000000fd300000,0x0000000100000000)
 ParOldGen       total 704512K, used 58821K [0x00000000bb800000, 0x00000000e6800000, 0x00000000e6800000)
  object space 704512K, 8% used [0x00000000bb800000,0x00000000bf1715b8,0x00000000e6800000)
 Metaspace       used 53986K, capacity 57182K, committed 57344K, reserved 1099776K
  class space    used 6510K, capacity 7063K, committed 7168K, reserved 1048576K
}
{Heap before GC invocations=20 (full 0):
 PSYoungGen      total 367616K, used 323424K [0x00000000e6800000, 0x0000000100000000, 0x0000000100000000)
  eden space 318976K, 100% used [0x00000000e6800000,0x00000000f9f80000,0x00000000f9f80000)
  from space 48640K, 9% used [0x00000000f9f80000,0x00000000fa3d8180,0x00000000fcf00000)
  to   space 46080K, 0% used [0x00000000fd300000,0x00000000fd300000,0x0000000100000000)
 ParOldGen       total 704512K, used 58821K [0x00000000bb800000, 0x00000000e6800000, 0x00000000e6800000)
  object space 704512K, 8% used [0x00000000bb800000,0x00000000bf1715b8,0x00000000e6800000)
 Metaspace       used 54000K, capacity 57186K, committed 57344K, reserved 1099776K
  class space    used 6510K, capacity 7063K, committed 7168K, reserved 1048576K
2023-08-17T21:02:28.288+0800: 4992.281: [GC (Allocation Failure) [PSYoungGen: 323424K->38984K(358400K)] 382245K->101514K(1062912K), 0.0119788 secs] [Times: user=0.04 sys=0.00, real=0.02 secs] 
Heap after GC invocations=20 (full 0):
 PSYoungGen      total 358400K, used 38984K [0x00000000e6800000, 0x0000000100000000, 0x0000000100000000)
  eden space 312320K, 0% used [0x00000000e6800000,0x00000000e6800000,0x00000000f9900000)
  from space 46080K, 84% used [0x00000000fd300000,0x00000000ff912160,0x0000000100000000)
  to   space 52736K, 0% used [0x00000000f9900000,0x00000000f9900000,0x00000000fcc80000)
 ParOldGen       total 704512K, used 62530K [0x00000000bb800000, 0x00000000e6800000, 0x00000000e6800000)
  object space 704512K, 8% used [0x00000000bb800000,0x00000000bf510808,0x00000000e6800000)
 Metaspace       used 54000K, capacity 57186K, committed 57344K, reserved 1099776K
  class space    used 6510K, capacity 7063K, committed 7168K, reserved 1048576K
}
{Heap before GC invocations=21 (full 0):
 PSYoungGen      total 358400K, used 351304K [0x00000000e6800000, 0x0000000100000000, 0x0000000100000000)
  eden space 312320K, 100% used [0x00000000e6800000,0x00000000f9900000,0x00000000f9900000)
  from space 46080K, 84% used [0x00000000fd300000,0x00000000ff912160,0x0000000100000000)
  to   space 52736K, 0% used [0x00000000f9900000,0x00000000f9900000,0x00000000fcc80000)
 ParOldGen       total 704512K, used 62530K [0x00000000bb800000, 0x00000000e6800000, 0x00000000e6800000)
  object space 704512K, 8% used [0x00000000bb800000,0x00000000bf510808,0x00000000e6800000)
 Metaspace       used 54006K, capacity 57186K, committed 57344K, reserved 1099776K
  class space    used 6510K, capacity 7063K, committed 7168K, reserved 1048576K
2023-08-17T21:02:30.441+0800: 4994.434: [GC (Allocation Failure) [PSYoungGen: 351304K->28550K(340992K)] 413834K->125590K(1045504K), 0.0184161 secs] [Times: user=0.05 sys=0.01, real=0.02 secs] 
Heap after GC invocations=21 (full 0):
 PSYoungGen      total 340992K, used 28550K [0x00000000e6800000, 0x0000000100000000, 0x0000000100000000)
  eden space 312320K, 0% used [0x00000000e6800000,0x00000000e6800000,0x00000000f9900000)
  from space 28672K, 99% used [0x00000000f9900000,0x00000000fb4e1ae0,0x00000000fb500000)
  to   space 54784K, 0% used [0x00000000fca80000,0x00000000fca80000,0x0000000100000000)
 ParOldGen       total 704512K, used 97039K [0x00000000bb800000, 0x00000000e6800000, 0x00000000e6800000)
  object space 704512K, 13% used [0x00000000bb800000,0x00000000c16c3e68,0x00000000e6800000)
 Metaspace       used 54006K, capacity 57186K, committed 57344K, reserved 1099776K
  class space    used 6510K, capacity 7063K, committed 7168K, reserved 1048576K
}
{Heap before GC invocations=22 (full 0):
 PSYoungGen      total 340992K, used 340870K [0x00000000e6800000, 0x0000000100000000, 0x0000000100000000)
  eden space 312320K, 100% used [0x00000000e6800000,0x00000000f9900000,0x00000000f9900000)
  from space 28672K, 99% used [0x00000000f9900000,0x00000000fb4e1ae0,0x00000000fb500000)
  to   space 54784K, 0% used [0x00000000fca80000,0x00000000fca80000,0x0000000100000000)
 ParOldGen       total 704512K, used 97039K [0x00000000bb800000, 0x00000000e6800000, 0x00000000e6800000)
  object space 704512K, 13% used [0x00000000bb800000,0x00000000c16c3e68,0x00000000e6800000)
 Metaspace       used 54006K, capacity 57186K, committed 57344K, reserved 1099776K
  class space    used 6510K, capacity 7063K, committed 7168K, reserved 1048576K
2023-08-17T21:02:32.285+0800: 4996.279: [GC (Allocation Failure) [PSYoungGen: 340870K->14594K(367104K)] 437910K->135294K(1071616K), 0.0152221 secs] [Times: user=0.04 sys=0.01, real=0.02 secs] 
Heap after GC invocations=22 (full 0):
 PSYoungGen      total 367104K, used 14594K [0x00000000e6800000, 0x0000000100000000, 0x0000000100000000)
  eden space 312320K, 0% used [0x00000000e6800000,0x00000000e6800000,0x00000000f9900000)
  from space 54784K, 26% used [0x00000000fca80000,0x00000000fd8c0840,0x0000000100000000)
  to   space 50688K, 0% used [0x00000000f9900000,0x00000000f9900000,0x00000000fca80000)
 ParOldGen       total 704512K, used 120700K [0x00000000bb800000, 0x00000000e6800000, 0x00000000e6800000)
  object space 704512K, 17% used [0x00000000bb800000,0x00000000c2ddf1b8,0x00000000e6800000)
 Metaspace       used 54006K, capacity 57186K, committed 57344K, reserved 1099776K
  class space    used 6510K, capacity 7063K, committed 7168K, reserved 1048576K
}
{Heap before GC invocations=23 (full 0):
 PSYoungGen      total 367104K, used 326914K [0x00000000e6800000, 0x0000000100000000, 0x0000000100000000)
  eden space 312320K, 100% used [0x00000000e6800000,0x00000000f9900000,0x00000000f9900000)
  from space 54784K, 26% used [0x00000000fca80000,0x00000000fd8c0840,0x0000000100000000)
  to   space 50688K, 0% used [0x00000000f9900000,0x00000000f9900000,0x00000000fca80000)
 ParOldGen       total 704512K, used 120700K [0x00000000bb800000, 0x00000000e6800000, 0x00000000e6800000)
  object space 704512K, 17% used [0x00000000bb800000,0x00000000c2ddf1b8,0x00000000e6800000)
 Metaspace       used 54006K, capacity 57186K, committed 57344K, reserved 1099776K
  class space    used 6510K, capacity 7063K, committed 7168K, reserved 1048576K
2023-08-17T21:02:34.153+0800: 4998.146: [GC (Allocation Failure) [PSYoungGen: 326914K->5792K(363008K)] 447614K->136245K(1067520K), 0.0109530 secs] [Times: user=0.03 sys=0.01, real=0.01 secs] 
Heap after GC invocations=23 (full 0):
 PSYoungGen      total 363008K, used 5792K [0x00000000e6800000, 0x0000000100000000, 0x0000000100000000)
  eden space 312320K, 0% used [0x00000000e6800000,0x00000000e6800000,0x00000000f9900000)
  from space 50688K, 11% used [0x00000000f9900000,0x00000000f9ea8000,0x00000000fca80000)
  to   space 48640K, 0% used [0x00000000fd080000,0x00000000fd080000,0x0000000100000000)
 ParOldGen       total 704512K, used 130453K [0x00000000bb800000, 0x00000000e6800000, 0x00000000e6800000)
  object space 704512K, 18% used [0x00000000bb800000,0x00000000c37655a8,0x00000000e6800000)
 Metaspace       used 54006K, capacity 57186K, committed 57344K, reserved 1099776K
  class space    used 6510K, capacity 7063K, committed 7168K, reserved 1048576K
}
{Heap before GC invocations=24 (full 0):
 PSYoungGen      total 363008K, used 318112K [0x00000000e6800000, 0x0000000100000000, 0x0000000100000000)
  eden space 312320K, 100% used [0x00000000e6800000,0x00000000f9900000,0x00000000f9900000)
  from space 50688K, 11% used [0x00000000f9900000,0x00000000f9ea8000,0x00000000fca80000)
  to   space 48640K, 0% used [0x00000000fd080000,0x00000000fd080000,0x0000000100000000)
 ParOldGen       total 704512K, used 130453K [0x00000000bb800000, 0x00000000e6800000, 0x00000000e6800000)
  object space 704512K, 18% used [0x00000000bb800000,0x00000000c37655a8,0x00000000e6800000)
 Metaspace       used 54006K, capacity 57186K, committed 57344K, reserved 1099776K
  class space    used 6510K, capacity 7063K, committed 7168K, reserved 1048576K
2023-08-17T21:02:36.047+0800: 5000.040: [GC (Allocation Failure) [PSYoungGen: 318112K->4032K(370688K)] 448565K->135976K(1075200K), 0.0103468 secs] [Times: user=0.02 sys=0.00, real=0.01 secs] 
Heap after GC invocations=24 (full 0):
 PSYoungGen      total 370688K, used 4032K [0x00000000e6800000, 0x0000000100000000, 0x0000000100000000)
  eden space 322048K, 0% used [0x00000000e6800000,0x00000000e6800000,0x00000000fa280000)
  from space 48640K, 8% used [0x00000000fd080000,0x00000000fd470000,0x0000000100000000)
  to   space 47104K, 0% used [0x00000000fa280000,0x00000000fa280000,0x00000000fd080000)
 ParOldGen       total 704512K, used 131944K [0x00000000bb800000, 0x00000000e6800000, 0x00000000e6800000)
  object space 704512K, 18% used [0x00000000bb800000,0x00000000c38da028,0x00000000e6800000)
 Metaspace       used 54006K, capacity 57186K, committed 57344K, reserved 1099776K
  class space    used 6510K, capacity 7063K, committed 7168K, reserved 1048576K
}
{Heap before GC invocations=25 (full 0):
 PSYoungGen      total 370688K, used 326080K [0x00000000e6800000, 0x0000000100000000, 0x0000000100000000)
  eden space 322048K, 100% used [0x00000000e6800000,0x00000000fa280000,0x00000000fa280000)
  from space 48640K, 8% used [0x00000000fd080000,0x00000000fd470000,0x0000000100000000)
  to   space 47104K, 0% used [0x00000000fa280000,0x00000000fa280000,0x00000000fd080000)
 ParOldGen       total 704512K, used 131944K [0x00000000bb800000, 0x00000000e6800000, 0x00000000e6800000)
  object space 704512K, 18% used [0x00000000bb800000,0x00000000c38da028,0x00000000e6800000)
 Metaspace       used 54006K, capacity 57186K, committed 57344K, reserved 1099776K
  class space    used 6510K, capacity 7063K, committed 7168K, reserved 1048576K
2023-08-17T21:02:37.995+0800: 5001.988: [GC (Allocation Failure) [PSYoungGen: 326080K->4000K(369152K)] 458024K->135968K(1073664K), 0.0101985 secs] [Times: user=0.03 sys=0.00, real=0.01 secs] 
Heap after GC invocations=25 (full 0):
 PSYoungGen      total 369152K, used 4000K [0x00000000e6800000, 0x0000000100000000, 0x0000000100000000)
  eden space 322048K, 0% used [0x00000000e6800000,0x00000000e6800000,0x00000000fa280000)
  from space 47104K, 8% used [0x00000000fa280000,0x00000000fa668000,0x00000000fd080000)
  to   space 45056K, 0% used [0x00000000fd400000,0x00000000fd400000,0x0000000100000000)
 ParOldGen       total 704512K, used 131968K [0x00000000bb800000, 0x00000000e6800000, 0x00000000e6800000)
  object space 704512K, 18% used [0x00000000bb800000,0x00000000c38e0028,0x00000000e6800000)
 Metaspace       used 54006K, capacity 57186K, committed 57344K, reserved 1099776K
  class space    used 6510K, capacity 7063K, committed 7168K, reserved 1048576K
}
{Heap before GC invocations=26 (full 0):
 PSYoungGen      total 369152K, used 326048K [0x00000000e6800000, 0x0000000100000000, 0x0000000100000000)
  eden space 322048K, 100% used [0x00000000e6800000,0x00000000fa280000,0x00000000fa280000)
  from space 47104K, 8% used [0x00000000fa280000,0x00000000fa668000,0x00000000fd080000)
  to   space 45056K, 0% used [0x00000000fd400000,0x00000000fd400000,0x0000000100000000)
 ParOldGen       total 704512K, used 131968K [0x00000000bb800000, 0x00000000e6800000, 0x00000000e6800000)
  object space 704512K, 18% used [0x00000000bb800000,0x00000000c38e0028,0x00000000e6800000)
 Metaspace       used 54008K, capacity 57186K, committed 57344K, reserved 1099776K
  class space    used 6510K, capacity 7063K, committed 7168K, reserved 1048576K
2023-08-17T21:02:39.978+0800: 5003.972: [GC (Allocation Failure) [PSYoungGen: 326048K->3968K(374272K)] 458016K->135960K(1078784K), 0.0096561 secs] [Times: user=0.03 sys=0.00, real=0.00 secs] 
Heap after GC invocations=26 (full 0):
 PSYoungGen      total 374272K, used 3968K [0x00000000e6800000, 0x0000000100000000, 0x0000000100000000)
  eden space 329216K, 0% used [0x00000000e6800000,0x00000000e6800000,0x00000000fa980000)
  from space 45056K, 8% used [0x00000000fd400000,0x00000000fd7e0000,0x0000000100000000)
  to   space 43520K, 0% used [0x00000000fa980000,0x00000000fa980000,0x00000000fd400000)
 ParOldGen       total 704512K, used 131992K [0x00000000bb800000, 0x00000000e6800000, 0x00000000e6800000)
  object space 704512K, 18% used [0x00000000bb800000,0x00000000c38e6028,0x00000000e6800000)
 Metaspace       used 54008K, capacity 57186K, committed 57344K, reserved 1099776K
  class space    used 6510K, capacity 7063K, committed 7168K, reserved 1048576K
}
{Heap before GC invocations=27 (full 0):
 PSYoungGen      total 374272K, used 333184K [0x00000000e6800000, 0x0000000100000000, 0x0000000100000000)
  eden space 329216K, 100% used [0x00000000e6800000,0x00000000fa980000,0x00000000fa980000)
  from space 45056K, 8% used [0x00000000fd400000,0x00000000fd7e0000,0x0000000100000000)
  to   space 43520K, 0% used [0x00000000fa980000,0x00000000fa980000,0x00000000fd400000)
 ParOldGen       total 704512K, used 131992K [0x00000000bb800000, 0x00000000e6800000, 0x00000000e6800000)
  object space 704512K, 18% used [0x00000000bb800000,0x00000000c38e6028,0x00000000e6800000)
 Metaspace       used 54009K, capacity 57186K, committed 57344K, reserved 1099776K
  class space    used 6510K, capacity 7063K, committed 7168K, reserved 1048576K
2023-08-17T21:02:41.933+0800: 5005.926: [GC (Allocation Failure) [PSYoungGen: 333184K->4032K(372736K)] 465176K->136056K(1077248K), 0.0086807 secs] [Times: user=0.03 sys=0.01, real=0.01 secs] 
Heap after GC invocations=27 (full 0):
 PSYoungGen      total 372736K, used 4032K [0x00000000e6800000, 0x0000000100000000, 0x0000000100000000)
  eden space 329216K, 0% used [0x00000000e6800000,0x00000000e6800000,0x00000000fa980000)
  from space 43520K, 9% used [0x00000000fa980000,0x00000000fad70000,0x00000000fd400000)
  to   space 41472K, 0% used [0x00000000fd780000,0x00000000fd780000,0x0000000100000000)
 ParOldGen       total 704512K, used 132024K [0x00000000bb800000, 0x00000000e6800000, 0x00000000e6800000)
  object space 704512K, 18% used [0x00000000bb800000,0x00000000c38ee028,0x00000000e6800000)
 Metaspace       used 54009K, capacity 57186K, committed 57344K, reserved 1099776K
  class space    used 6510K, capacity 7063K, committed 7168K, reserved 1048576K
}
{Heap before GC invocations=28 (full 0):
 PSYoungGen      total 372736K, used 333248K [0x00000000e6800000, 0x0000000100000000, 0x0000000100000000)
  eden space 329216K, 100% used [0x00000000e6800000,0x00000000fa980000,0x00000000fa980000)
  from space 43520K, 9% used [0x00000000fa980000,0x00000000fad70000,0x00000000fd400000)
  to   space 41472K, 0% used [0x00000000fd780000,0x00000000fd780000,0x0000000100000000)
 ParOldGen       total 704512K, used 132024K [0x00000000bb800000, 0x00000000e6800000, 0x00000000e6800000)
  object space 704512K, 18% used [0x00000000bb800000,0x00000000c38ee028,0x00000000e6800000)
 Metaspace       used 54009K, capacity 57186K, committed 57344K, reserved 1099776K
  class space    used 6510K, capacity 7063K, committed 7168K, reserved 1048576K
2023-08-17T21:02:43.923+0800: 5007.916: [GC (Allocation Failure) [PSYoungGen: 333248K->4000K(378368K)] 465272K->136048K(1082880K), 0.0097132 secs] [Times: user=0.02 sys=0.00, real=0.01 secs] 
Heap after GC invocations=28 (full 0):
 PSYoungGen      total 378368K, used 4000K [0x00000000e6800000, 0x0000000100000000, 0x0000000100000000)
  eden space 336896K, 0% used [0x00000000e6800000,0x00000000e6800000,0x00000000fb100000)
  from space 41472K, 9% used [0x00000000fd780000,0x00000000fdb68000,0x0000000100000000)
  to   space 39424K, 0% used [0x00000000fb100000,0x00000000fb100000,0x00000000fd780000)
 ParOldGen       total 704512K, used 132048K [0x00000000bb800000, 0x00000000e6800000, 0x00000000e6800000)
  object space 704512K, 18% used [0x00000000bb800000,0x00000000c38f4028,0x00000000e6800000)
 Metaspace       used 54009K, capacity 57186K, committed 57344K, reserved 1099776K
  class space    used 6510K, capacity 7063K, committed 7168K, reserved 1048576K
}
{Heap before GC invocations=29 (full 0):
 PSYoungGen      total 378368K, used 340896K [0x00000000e6800000, 0x0000000100000000, 0x0000000100000000)
  eden space 336896K, 100% used [0x00000000e6800000,0x00000000fb100000,0x00000000fb100000)
  from space 41472K, 9% used [0x00000000fd780000,0x00000000fdb68000,0x0000000100000000)
  to   space 39424K, 0% used [0x00000000fb100000,0x00000000fb100000,0x00000000fd780000)
 ParOldGen       total 704512K, used 132048K [0x00000000bb800000, 0x00000000e6800000, 0x00000000e6800000)
  object space 704512K, 18% used [0x00000000bb800000,0x00000000c38f4028,0x00000000e6800000)
 Metaspace       used 54009K, capacity 57186K, committed 57344K, reserved 1099776K
  class space    used 6510K, capacity 7063K, committed 7168K, reserved 1048576K
2023-08-17T21:02:46.015+0800: 5010.009: [GC (Allocation Failure) [PSYoungGen: 340896K->4000K(376320K)] 472944K->136072K(1080832K), 0.0097354 secs] [Times: user=0.03 sys=0.00, real=0.01 secs] 
Heap after GC invocations=29 (full 0):
 PSYoungGen      total 376320K, used 4000K [0x00000000e6800000, 0x0000000100000000, 0x0000000100000000)
  eden space 336896K, 0% used [0x00000000e6800000,0x00000000e6800000,0x00000000fb100000)
  from space 39424K, 10% used [0x00000000fb100000,0x00000000fb4e8000,0x00000000fd780000)
  to   space 37376K, 0% used [0x00000000fdb80000,0x00000000fdb80000,0x0000000100000000)
 ParOldGen       total 704512K, used 132072K [0x00000000bb800000, 0x00000000e6800000, 0x00000000e6800000)
  object space 704512K, 18% used [0x00000000bb800000,0x00000000c38fa028,0x00000000e6800000)
 Metaspace       used 54009K, capacity 57186K, committed 57344K, reserved 1099776K
  class space    used 6510K, capacity 7063K, committed 7168K, reserved 1048576K
}
{Heap before GC invocations=30 (full 0):
 PSYoungGen      total 376320K, used 340896K [0x00000000e6800000, 0x0000000100000000, 0x0000000100000000)
  eden space 336896K, 100% used [0x00000000e6800000,0x00000000fb100000,0x00000000fb100000)
  from space 39424K, 10% used [0x00000000fb100000,0x00000000fb4e8000,0x00000000fd780000)
  to   space 37376K, 0% used [0x00000000fdb80000,0x00000000fdb80000,0x0000000100000000)
 ParOldGen       total 704512K, used 132072K [0x00000000bb800000, 0x00000000e6800000, 0x00000000e6800000)
  object space 704512K, 18% used [0x00000000bb800000,0x00000000c38fa028,0x00000000e6800000)
 Metaspace       used 54011K, capacity 57186K, committed 57344K, reserved 1099776K
  class space    used 6510K, capacity 7063K, committed 7168K, reserved 1048576K
2023-08-17T21:02:48.050+0800: 5012.044: [GC (Allocation Failure) [PSYoungGen: 340896K->4064K(381952K)] 472968K->136168K(1086464K), 0.0085110 secs] [Times: user=0.03 sys=0.00, real=0.01 secs] 
Heap after GC invocations=30 (full 0):
 PSYoungGen      total 381952K, used 4064K [0x00000000e6800000, 0x0000000100000000, 0x0000000100000000)
  eden space 344576K, 0% used [0x00000000e6800000,0x00000000e6800000,0x00000000fb880000)
  from space 37376K, 10% used [0x00000000fdb80000,0x00000000fdf78000,0x0000000100000000)
  to   space 35840K, 0% used [0x00000000fb880000,0x00000000fb880000,0x00000000fdb80000)
 ParOldGen       total 704512K, used 132104K [0x00000000bb800000, 0x00000000e6800000, 0x00000000e6800000)
  object space 704512K, 18% used [0x00000000bb800000,0x00000000c3902028,0x00000000e6800000)
 Metaspace       used 54011K, capacity 57186K, committed 57344K, reserved 1099776K
  class space    used 6510K, capacity 7063K, committed 7168K, reserved 1048576K
}
{Heap before GC invocations=31 (full 0):
 PSYoungGen      total 381952K, used 348640K [0x00000000e6800000, 0x0000000100000000, 0x0000000100000000)
  eden space 344576K, 100% used [0x00000000e6800000,0x00000000fb880000,0x00000000fb880000)
  from space 37376K, 10% used [0x00000000fdb80000,0x00000000fdf78000,0x0000000100000000)
  to   space 35840K, 0% used [0x00000000fb880000,0x00000000fb880000,0x00000000fdb80000)
 ParOldGen       total 704512K, used 132104K [0x00000000bb800000, 0x00000000e6800000, 0x00000000e6800000)
  object space 704512K, 18% used [0x00000000bb800000,0x00000000c3902028,0x00000000e6800000)
 Metaspace       used 54011K, capacity 57186K, committed 57344K, reserved 1099776K
  class space    used 6510K, capacity 7063K, committed 7168K, reserved 1048576K
2023-08-17T21:02:50.108+0800: 5014.101: [GC (Allocation Failure) [PSYoungGen: 348640K->4032K(380416K)] 480744K->136168K(1084928K), 0.0098747 secs] [Times: user=0.02 sys=0.00, real=0.01 secs] 
Heap after GC invocations=31 (full 0):
 PSYoungGen      total 380416K, used 4032K [0x00000000e6800000, 0x0000000100000000, 0x0000000100000000)
  eden space 344576K, 0% used [0x00000000e6800000,0x00000000e6800000,0x00000000fb880000)
  from space 35840K, 11% used [0x00000000fb880000,0x00000000fbc70000,0x00000000fdb80000)
  to   space 33792K, 0% used [0x00000000fdf00000,0x00000000fdf00000,0x0000000100000000)
 ParOldGen       total 704512K, used 132136K [0x00000000bb800000, 0x00000000e6800000, 0x00000000e6800000)
  object space 704512K, 18% used [0x00000000bb800000,0x00000000c390a028,0x00000000e6800000)
 Metaspace       used 54011K, capacity 57186K, committed 57344K, reserved 1099776K
  class space    used 6510K, capacity 7063K, committed 7168K, reserved 1048576K
}
{Heap before GC invocations=32 (full 0):
 PSYoungGen      total 380416K, used 348608K [0x00000000e6800000, 0x0000000100000000, 0x0000000100000000)
  eden space 344576K, 100% used [0x00000000e6800000,0x00000000fb880000,0x00000000fb880000)
  from space 35840K, 11% used [0x00000000fb880000,0x00000000fbc70000,0x00000000fdb80000)
  to   space 33792K, 0% used [0x00000000fdf00000,0x00000000fdf00000,0x0000000100000000)
 ParOldGen       total 704512K, used 132136K [0x00000000bb800000, 0x00000000e6800000, 0x00000000e6800000)
  object space 704512K, 18% used [0x00000000bb800000,0x00000000c390a028,0x00000000e6800000)
 Metaspace       used 54011K, capacity 57186K, committed 57344K, reserved 1099776K
  class space    used 6510K, capacity 7063K, committed 7168K, reserved 1048576K
2023-08-17T21:02:52.184+0800: 5016.177: [GC (Allocation Failure) [PSYoungGen: 348608K->4032K(386048K)] 480744K->136200K(1090560K), 0.0085912 secs] [Times: user=0.03 sys=0.00, real=0.01 secs] 
Heap after GC invocations=32 (full 0):
 PSYoungGen      total 386048K, used 4032K [0x00000000e6800000, 0x0000000100000000, 0x0000000100000000)
  eden space 352256K, 0% used [0x00000000e6800000,0x00000000e6800000,0x00000000fc000000)
  from space 33792K, 11% used [0x00000000fdf00000,0x00000000fe2f0000,0x0000000100000000)
  to   space 31744K, 0% used [0x00000000fc000000,0x00000000fc000000,0x00000000fdf00000)
 ParOldGen       total 704512K, used 132168K [0x00000000bb800000, 0x00000000e6800000, 0x00000000e6800000)
  object space 704512K, 18% used [0x00000000bb800000,0x00000000c3912028,0x00000000e6800000)
 Metaspace       used 54011K, capacity 57186K, committed 57344K, reserved 1099776K
  class space    used 6510K, capacity 7063K, committed 7168K, reserved 1048576K
}
{Heap before GC invocations=33 (full 0):
 PSYoungGen      total 386048K, used 356288K [0x00000000e6800000, 0x0000000100000000, 0x0000000100000000)
  eden space 352256K, 100% used [0x00000000e6800000,0x00000000fc000000,0x00000000fc000000)
  from space 33792K, 11% used [0x00000000fdf00000,0x00000000fe2f0000,0x0000000100000000)
  to   space 31744K, 0% used [0x00000000fc000000,0x00000000fc000000,0x00000000fdf00000)
 ParOldGen       total 704512K, used 132168K [0x00000000bb800000, 0x00000000e6800000, 0x00000000e6800000)
  object space 704512K, 18% used [0x00000000bb800000,0x00000000c3912028,0x00000000e6800000)
 Metaspace       used 54011K, capacity 57186K, committed 57344K, reserved 1099776K
  class space    used 6510K, capacity 7063K, committed 7168K, reserved 1048576K
2023-08-17T21:02:54.316+0800: 5018.309: [GC (Allocation Failure) [PSYoungGen: 356288K->3968K(384000K)] 488456K->136168K(1088512K), 0.0086766 secs] [Times: user=0.03 sys=0.00, real=0.01 secs] 
Heap after GC invocations=33 (full 0):
 PSYoungGen      total 384000K, used 3968K [0x00000000e6800000, 0x0000000100000000, 0x0000000100000000)
  eden space 352256K, 0% used [0x00000000e6800000,0x00000000e6800000,0x00000000fc000000)
  from space 31744K, 12% used [0x00000000fc000000,0x00000000fc3e0000,0x00000000fdf00000)
  to   space 30208K, 0% used [0x00000000fe280000,0x00000000fe280000,0x0000000100000000)
 ParOldGen       total 704512K, used 132200K [0x00000000bb800000, 0x00000000e6800000, 0x00000000e6800000)
  object space 704512K, 18% used [0x00000000bb800000,0x00000000c391a028,0x00000000e6800000)
 Metaspace       used 54011K, capacity 57186K, committed 57344K, reserved 1099776K
  class space    used 6510K, capacity 7063K, committed 7168K, reserved 1048576K
}
{Heap before GC invocations=34 (full 0):
 PSYoungGen      total 384000K, used 356224K [0x00000000e6800000, 0x0000000100000000, 0x0000000100000000)
  eden space 352256K, 100% used [0x00000000e6800000,0x00000000fc000000,0x00000000fc000000)
  from space 31744K, 12% used [0x00000000fc000000,0x00000000fc3e0000,0x00000000fdf00000)
  to   space 30208K, 0% used [0x00000000fe280000,0x00000000fe280000,0x0000000100000000)
 ParOldGen       total 704512K, used 132200K [0x00000000bb800000, 0x00000000e6800000, 0x00000000e6800000)
  object space 704512K, 18% used [0x00000000bb800000,0x00000000c391a028,0x00000000e6800000)
 Metaspace       used 54011K, capacity 57186K, committed 57344K, reserved 1099776K
  class space    used 6510K, capacity 7063K, committed 7168K, reserved 1048576K
2023-08-17T21:02:56.457+0800: 5020.450: [GC (Allocation Failure) [PSYoungGen: 356224K->4032K(389120K)] 488424K->136264K(1093632K), 0.0088128 secs] [Times: user=0.03 sys=0.00, real=0.01 secs] 
Heap after GC invocations=34 (full 0):
 PSYoungGen      total 389120K, used 4032K [0x00000000e6800000, 0x0000000100000000, 0x0000000100000000)
  eden space 358912K, 0% used [0x00000000e6800000,0x00000000e6800000,0x00000000fc680000)
  from space 30208K, 13% used [0x00000000fe280000,0x00000000fe670000,0x0000000100000000)
  to   space 28672K, 0% used [0x00000000fc680000,0x00000000fc680000,0x00000000fe280000)
 ParOldGen       total 704512K, used 132232K [0x00000000bb800000, 0x00000000e6800000, 0x00000000e6800000)
  object space 704512K, 18% used [0x00000000bb800000,0x00000000c3922028,0x00000000e6800000)
 Metaspace       used 54011K, capacity 57186K, committed 57344K, reserved 1099776K
  class space    used 6510K, capacity 7063K, committed 7168K, reserved 1048576K
}
{Heap before GC invocations=35 (full 0):
 PSYoungGen      total 389120K, used 362944K [0x00000000e6800000, 0x0000000100000000, 0x0000000100000000)
  eden space 358912K, 100% used [0x00000000e6800000,0x00000000fc680000,0x00000000fc680000)
  from space 30208K, 13% used [0x00000000fe280000,0x00000000fe670000,0x0000000100000000)
  to   space 28672K, 0% used [0x00000000fc680000,0x00000000fc680000,0x00000000fe280000)
 ParOldGen       total 704512K, used 132232K [0x00000000bb800000, 0x00000000e6800000, 0x00000000e6800000)
  object space 704512K, 18% used [0x00000000bb800000,0x00000000c3922028,0x00000000e6800000)
 Metaspace       used 54014K, capacity 57186K, committed 57344K, reserved 1099776K
  class space    used 6510K, capacity 7063K, committed 7168K, reserved 1048576K
2023-08-17T21:02:58.651+0800: 5022.645: [GC (Allocation Failure) [PSYoungGen: 362944K->4032K(387584K)] 495176K->136288K(1092096K), 0.0099120 secs] [Times: user=0.03 sys=0.00, real=0.01 secs] 
Heap after GC invocations=35 (full 0):
 PSYoungGen      total 387584K, used 4032K [0x00000000e6800000, 0x0000000100000000, 0x0000000100000000)
  eden space 358912K, 0% used [0x00000000e6800000,0x00000000e6800000,0x00000000fc680000)
  from space 28672K, 14% used [0x00000000fc680000,0x00000000fca70000,0x00000000fe280000)
  to   space 27136K, 0% used [0x00000000fe580000,0x00000000fe580000,0x0000000100000000)
 ParOldGen       total 704512K, used 132256K [0x00000000bb800000, 0x00000000e6800000, 0x00000000e6800000)
  object space 704512K, 18% used [0x00000000bb800000,0x00000000c3928028,0x00000000e6800000)
 Metaspace       used 54014K, capacity 57186K, committed 57344K, reserved 1099776K
  class space    used 6510K, capacity 7063K, committed 7168K, reserved 1048576K
}
{Heap before GC invocations=36 (full 0):
 PSYoungGen      total 387584K, used 362944K [0x00000000e6800000, 0x0000000100000000, 0x0000000100000000)
  eden space 358912K, 100% used [0x00000000e6800000,0x00000000fc680000,0x00000000fc680000)
  from space 28672K, 14% used [0x00000000fc680000,0x00000000fca70000,0x00000000fe280000)
  to   space 27136K, 0% used [0x00000000fe580000,0x00000000fe580000,0x0000000100000000)
 ParOldGen       total 704512K, used 132256K [0x00000000bb800000, 0x00000000e6800000, 0x00000000e6800000)
  object space 704512K, 18% used [0x00000000bb800000,0x00000000c3928028,0x00000000e6800000)
 Metaspace       used 54014K, capacity 57186K, committed 57344K, reserved 1099776K
  class space    used 6510K, capacity 7063K, committed 7168K, reserved 1048576K
2023-08-17T21:03:00.805+0800: 5024.799: [GC (Allocation Failure) [PSYoungGen: 362944K->3968K(392192K)] 495200K->136256K(1096704K), 0.0085820 secs] [Times: user=0.03 sys=0.00, real=0.01 secs] 
Heap after GC invocations=36 (full 0):
 PSYoungGen      total 392192K, used 3968K [0x00000000e6800000, 0x0000000100000000, 0x0000000100000000)
  eden space 365056K, 0% used [0x00000000e6800000,0x00000000e6800000,0x00000000fcc80000)
  from space 27136K, 14% used [0x00000000fe580000,0x00000000fe960000,0x0000000100000000)
  to   space 25600K, 0% used [0x00000000fcc80000,0x00000000fcc80000,0x00000000fe580000)
 ParOldGen       total 704512K, used 132288K [0x00000000bb800000, 0x00000000e6800000, 0x00000000e6800000)
  object space 704512K, 18% used [0x00000000bb800000,0x00000000c3930028,0x00000000e6800000)
 Metaspace       used 54014K, capacity 57186K, committed 57344K, reserved 1099776K
  class space    used 6510K, capacity 7063K, committed 7168K, reserved 1048576K
}
{Heap before GC invocations=37 (full 0):
 PSYoungGen      total 392192K, used 369024K [0x00000000e6800000, 0x0000000100000000, 0x0000000100000000)
  eden space 365056K, 100% used [0x00000000e6800000,0x00000000fcc80000,0x00000000fcc80000)
  from space 27136K, 14% used [0x00000000fe580000,0x00000000fe960000,0x0000000100000000)
  to   space 25600K, 0% used [0x00000000fcc80000,0x00000000fcc80000,0x00000000fe580000)
 ParOldGen       total 704512K, used 132288K [0x00000000bb800000, 0x00000000e6800000, 0x00000000e6800000)
  object space 704512K, 18% used [0x00000000bb800000,0x00000000c3930028,0x00000000e6800000)
 Metaspace       used 54016K, capacity 57186K, committed 57344K, reserved 1099776K
  class space    used 6510K, capacity 7063K, committed 7168K, reserved 1048576K
2023-08-17T21:03:03.091+0800: 5027.085: [GC (Allocation Failure) [PSYoungGen: 369024K->4064K(390656K)] 501312K->136384K(1095168K), 0.0084304 secs] [Times: user=0.03 sys=0.00, real=0.01 secs] 
Heap after GC invocations=37 (full 0):
 PSYoungGen      total 390656K, used 4064K [0x00000000e6800000, 0x0000000100000000, 0x0000000100000000)
  eden space 365056K, 0% used [0x00000000e6800000,0x00000000e6800000,0x00000000fcc80000)
  from space 25600K, 15% used [0x00000000fcc80000,0x00000000fd078000,0x00000000fe580000)
  to   space 24064K, 0% used [0x00000000fe880000,0x00000000fe880000,0x0000000100000000)
 ParOldGen       total 704512K, used 132320K [0x00000000bb800000, 0x00000000e6800000, 0x00000000e6800000)
  object space 704512K, 18% used [0x00000000bb800000,0x00000000c3938028,0x00000000e6800000)
 Metaspace       used 54016K, capacity 57186K, committed 57344K, reserved 1099776K
  class space    used 6510K, capacity 7063K, committed 7168K, reserved 1048576K
}
{Heap before GC invocations=38 (full 0):
 PSYoungGen      total 390656K, used 369120K [0x00000000e6800000, 0x0000000100000000, 0x0000000100000000)
  eden space 365056K, 100% used [0x00000000e6800000,0x00000000fcc80000,0x00000000fcc80000)
  from space 25600K, 15% used [0x00000000fcc80000,0x00000000fd078000,0x00000000fe580000)
  to   space 24064K, 0% used [0x00000000fe880000,0x00000000fe880000,0x0000000100000000)
 ParOldGen       total 704512K, used 132320K [0x00000000bb800000, 0x00000000e6800000, 0x00000000e6800000)
  object space 704512K, 18% used [0x00000000bb800000,0x00000000c3938028,0x00000000e6800000)
 Metaspace       used 54016K, capacity 57186K, committed 57344K, reserved 1099776K
  class space    used 6510K, capacity 7063K, committed 7168K, reserved 1048576K
2023-08-17T21:03:05.236+0800: 5029.230: [GC (Allocation Failure) [PSYoungGen: 369120K->4032K(395264K)] 501440K->136384K(1099776K), 0.0084961 secs] [Times: user=0.03 sys=0.00, real=0.01 secs] 
Heap after GC invocations=38 (full 0):
 PSYoungGen      total 395264K, used 4032K [0x00000000e6800000, 0x0000000100000000, 0x0000000100000000)
  eden space 371200K, 0% used [0x00000000e6800000,0x00000000e6800000,0x00000000fd280000)
  from space 24064K, 16% used [0x00000000fe880000,0x00000000fec70000,0x0000000100000000)
  to   space 22528K, 0% used [0x00000000fd280000,0x00000000fd280000,0x00000000fe880000)
 ParOldGen       total 704512K, used 132352K [0x00000000bb800000, 0x00000000e6800000, 0x00000000e6800000)
  object space 704512K, 18% used [0x00000000bb800000,0x00000000c3940028,0x00000000e6800000)
 Metaspace       used 54016K, capacity 57186K, committed 57344K, reserved 1099776K
  class space    used 6510K, capacity 7063K, committed 7168K, reserved 1048576K
}
{Heap before GC invocations=39 (full 0):
 PSYoungGen      total 395264K, used 375232K [0x00000000e6800000, 0x0000000100000000, 0x0000000100000000)
  eden space 371200K, 100% used [0x00000000e6800000,0x00000000fd280000,0x00000000fd280000)
  from space 24064K, 16% used [0x00000000fe880000,0x00000000fec70000,0x0000000100000000)
  to   space 22528K, 0% used [0x00000000fd280000,0x00000000fd280000,0x00000000fe880000)
 ParOldGen       total 704512K, used 132352K [0x00000000bb800000, 0x00000000e6800000, 0x00000000e6800000)
  object space 704512K, 18% used [0x00000000bb800000,0x00000000c3940028,0x00000000e6800000)
 Metaspace       used 54016K, capacity 57186K, committed 57344K, reserved 1099776K
  class space    used 6510K, capacity 7063K, committed 7168K, reserved 1048576K
2023-08-17T21:03:07.472+0800: 5031.465: [GC (Allocation Failure) [PSYoungGen: 375232K->4032K(393728K)] 507584K->136408K(1098240K), 0.0097405 secs] [Times: user=0.02 sys=0.00, real=0.01 secs] 
Heap after GC invocations=39 (full 0):
 PSYoungGen      total 393728K, used 4032K [0x00000000e6800000, 0x0000000100000000, 0x0000000100000000)
  eden space 371200K, 0% used [0x00000000e6800000,0x00000000e6800000,0x00000000fd280000)
  from space 22528K, 17% used [0x00000000fd280000,0x00000000fd670000,0x00000000fe880000)
  to   space 21504K, 0% used [0x00000000feb00000,0x00000000feb00000,0x0000000100000000)
 ParOldGen       total 704512K, used 132376K [0x00000000bb800000, 0x00000000e6800000, 0x00000000e6800000)
  object space 704512K, 18% used [0x00000000bb800000,0x00000000c3946028,0x00000000e6800000)
 Metaspace       used 54016K, capacity 57186K, committed 57344K, reserved 1099776K
  class space    used 6510K, capacity 7063K, committed 7168K, reserved 1048576K
}
{Heap before GC invocations=40 (full 0):
 PSYoungGen      total 393728K, used 375232K [0x00000000e6800000, 0x0000000100000000, 0x0000000100000000)
  eden space 371200K, 100% used [0x00000000e6800000,0x00000000fd280000,0x00000000fd280000)
  from space 22528K, 17% used [0x00000000fd280000,0x00000000fd670000,0x00000000fe880000)
  to   space 21504K, 0% used [0x00000000feb00000,0x00000000feb00000,0x0000000100000000)
 ParOldGen       total 704512K, used 132376K [0x00000000bb800000, 0x00000000e6800000, 0x00000000e6800000)
  object space 704512K, 18% used [0x00000000bb800000,0x00000000c3946028,0x00000000e6800000)
 Metaspace       used 54016K, capacity 57186K, committed 57344K, reserved 1099776K
  class space    used 6510K, capacity 7063K, committed 7168K, reserved 1048576K
2023-08-17T21:03:09.743+0800: 5033.736: [GC (Allocation Failure) [PSYoungGen: 375232K->4064K(397824K)] 507608K->136464K(1102336K), 0.0090998 secs] [Times: user=0.03 sys=0.00, real=0.01 secs] 
Heap after GC invocations=40 (full 0):
 PSYoungGen      total 397824K, used 4064K [0x00000000e6800000, 0x0000000100000000, 0x0000000100000000)
  eden space 376320K, 0% used [0x00000000e6800000,0x00000000e6800000,0x00000000fd780000)
  from space 21504K, 18% used [0x00000000feb00000,0x00000000feef8000,0x0000000100000000)
  to   space 19968K, 0% used [0x00000000fd780000,0x00000000fd780000,0x00000000feb00000)
 ParOldGen       total 704512K, used 132400K [0x00000000bb800000, 0x00000000e6800000, 0x00000000e6800000)
  object space 704512K, 18% used [0x00000000bb800000,0x00000000c394c028,0x00000000e6800000)
 Metaspace       used 54016K, capacity 57186K, committed 57344K, reserved 1099776K
  class space    used 6510K, capacity 7063K, committed 7168K, reserved 1048576K
}
{Heap before GC invocations=41 (full 0):
 PSYoungGen      total 397824K, used 380384K [0x00000000e6800000, 0x0000000100000000, 0x0000000100000000)
  eden space 376320K, 100% used [0x00000000e6800000,0x00000000fd780000,0x00000000fd780000)
  from space 21504K, 18% used [0x00000000feb00000,0x00000000feef8000,0x0000000100000000)
  to   space 19968K, 0% used [0x00000000fd780000,0x00000000fd780000,0x00000000feb00000)
 ParOldGen       total 704512K, used 132400K [0x00000000bb800000, 0x00000000e6800000, 0x00000000e6800000)
  object space 704512K, 18% used [0x00000000bb800000,0x00000000c394c028,0x00000000e6800000)
 Metaspace       used 54016K, capacity 57186K, committed 57344K, reserved 1099776K
  class space    used 6510K, capacity 7063K, committed 7168K, reserved 1048576K
2023-08-17T21:03:12.020+0800: 5036.014: [GC (Allocation Failure) [PSYoungGen: 380384K->4064K(396288K)] 512784K->136496K(1100800K), 0.0086887 secs] [Times: user=0.03 sys=0.00, real=0.01 secs] 
Heap after GC invocations=41 (full 0):
 PSYoungGen      total 396288K, used 4064K [0x00000000e6800000, 0x0000000100000000, 0x0000000100000000)
  eden space 376320K, 0% used [0x00000000e6800000,0x00000000e6800000,0x00000000fd780000)
  from space 19968K, 20% used [0x00000000fd780000,0x00000000fdb78000,0x00000000feb00000)
  to   space 18944K, 0% used [0x00000000fed80000,0x00000000fed80000,0x0000000100000000)
 ParOldGen       total 704512K, used 132432K [0x00000000bb800000, 0x00000000e6800000, 0x00000000e6800000)
  object space 704512K, 18% used [0x00000000bb800000,0x00000000c3954028,0x00000000e6800000)
 Metaspace       used 54016K, capacity 57186K, committed 57344K, reserved 1099776K
  class space    used 6510K, capacity 7063K, committed 7168K, reserved 1048576K
}
{Heap before GC invocations=42 (full 0):
 PSYoungGen      total 396288K, used 380384K [0x00000000e6800000, 0x0000000100000000, 0x0000000100000000)
  eden space 376320K, 100% used [0x00000000e6800000,0x00000000fd780000,0x00000000fd780000)
  from space 19968K, 20% used [0x00000000fd780000,0x00000000fdb78000,0x00000000feb00000)
  to   space 18944K, 0% used [0x00000000fed80000,0x00000000fed80000,0x0000000100000000)
 ParOldGen       total 704512K, used 132432K [0x00000000bb800000, 0x00000000e6800000, 0x00000000e6800000)
  object space 704512K, 18% used [0x00000000bb800000,0x00000000c3954028,0x00000000e6800000)
 Metaspace       used 54016K, capacity 57186K, committed 57344K, reserved 1099776K
  class space    used 6510K, capacity 7063K, committed 7168K, reserved 1048576K
2023-08-17T21:03:14.312+0800: 5038.305: [GC (Allocation Failure) [PSYoungGen: 380384K->4000K(399872K)] 512816K->136456K(1104384K), 0.0096638 secs] [Times: user=0.03 sys=0.00, real=0.01 secs] 
Heap after GC invocations=42 (full 0):
 PSYoungGen      total 399872K, used 4000K [0x00000000e6800000, 0x0000000100000000, 0x0000000100000000)
  eden space 380928K, 0% used [0x00000000e6800000,0x00000000e6800000,0x00000000fdc00000)
  from space 18944K, 21% used [0x00000000fed80000,0x00000000ff168000,0x0000000100000000)
  to   space 17920K, 0% used [0x00000000fdc00000,0x00000000fdc00000,0x00000000fed80000)
 ParOldGen       total 704512K, used 132456K [0x00000000bb800000, 0x00000000e6800000, 0x00000000e6800000)
  object space 704512K, 18% used [0x00000000bb800000,0x00000000c395a028,0x00000000e6800000)
 Metaspace       used 54016K, capacity 57186K, committed 57344K, reserved 1099776K
  class space    used 6510K, capacity 7063K, committed 7168K, reserved 1048576K
}
{Heap before GC invocations=43 (full 0):
 PSYoungGen      total 399872K, used 384928K [0x00000000e6800000, 0x0000000100000000, 0x0000000100000000)
  eden space 380928K, 100% used [0x00000000e6800000,0x00000000fdc00000,0x00000000fdc00000)
  from space 18944K, 21% used [0x00000000fed80000,0x00000000ff168000,0x0000000100000000)
  to   space 17920K, 0% used [0x00000000fdc00000,0x00000000fdc00000,0x00000000fed80000)
 ParOldGen       total 704512K, used 132456K [0x00000000bb800000, 0x00000000e6800000, 0x00000000e6800000)
  object space 704512K, 18% used [0x00000000bb800000,0x00000000c395a028,0x00000000e6800000)
 Metaspace       used 54016K, capacity 57186K, committed 57344K, reserved 1099776K
  class space    used 6510K, capacity 7063K, committed 7168K, reserved 1048576K
2023-08-17T21:03:16.658+0800: 5040.651: [GC (Allocation Failure) [PSYoungGen: 384928K->4032K(398848K)] 517384K->136512K(1103360K), 0.0101522 secs] [Times: user=0.02 sys=0.00, real=0.02 secs] 
Heap after GC invocations=43 (full 0):
 PSYoungGen      total 398848K, used 4032K [0x00000000e6800000, 0x0000000100000000, 0x0000000100000000)
  eden space 380928K, 0% used [0x00000000e6800000,0x00000000e6800000,0x00000000fdc00000)
  from space 17920K, 22% used [0x00000000fdc00000,0x00000000fdff0000,0x00000000fed80000)
  to   space 16896K, 0% used [0x00000000fef80000,0x00000000fef80000,0x0000000100000000)
 ParOldGen       total 704512K, used 132480K [0x00000000bb800000, 0x00000000e6800000, 0x00000000e6800000)
  object space 704512K, 18% used [0x00000000bb800000,0x00000000c3960028,0x00000000e6800000)
 Metaspace       used 54016K, capacity 57186K, committed 57344K, reserved 1099776K
  class space    used 6510K, capacity 7063K, committed 7168K, reserved 1048576K
}
{Heap before GC invocations=44 (full 0):
 PSYoungGen      total 398848K, used 384960K [0x00000000e6800000, 0x0000000100000000, 0x0000000100000000)
  eden space 380928K, 100% used [0x00000000e6800000,0x00000000fdc00000,0x00000000fdc00000)
  from space 17920K, 22% used [0x00000000fdc00000,0x00000000fdff0000,0x00000000fed80000)
  to   space 16896K, 0% used [0x00000000fef80000,0x00000000fef80000,0x0000000100000000)
 ParOldGen       total 704512K, used 132480K [0x00000000bb800000, 0x00000000e6800000, 0x00000000e6800000)
  object space 704512K, 18% used [0x00000000bb800000,0x00000000c3960028,0x00000000e6800000)
 Metaspace       used 54016K, capacity 57186K, committed 57344K, reserved 1099776K
  class space    used 6510K, capacity 7063K, committed 7168K, reserved 1048576K
2023-08-17T21:03:18.917+0800: 5042.910: [GC (Allocation Failure) [PSYoungGen: 384960K->4064K(401920K)] 517440K->136568K(1106432K), 0.0097150 secs] [Times: user=0.03 sys=0.00, real=0.01 secs] 
Heap after GC invocations=44 (full 0):
 PSYoungGen      total 401920K, used 4064K [0x00000000e6800000, 0x0000000100000000, 0x0000000100000000)
  eden space 385024K, 0% used [0x00000000e6800000,0x00000000e6800000,0x00000000fe000000)
  from space 16896K, 24% used [0x00000000fef80000,0x00000000ff378000,0x0000000100000000)
  to   space 15872K, 0% used [0x00000000fe000000,0x00000000fe000000,0x00000000fef80000)
 ParOldGen       total 704512K, used 132504K [0x00000000bb800000, 0x00000000e6800000, 0x00000000e6800000)
  object space 704512K, 18% used [0x00000000bb800000,0x00000000c3966028,0x00000000e6800000)
 Metaspace       used 54016K, capacity 57186K, committed 57344K, reserved 1099776K
  class space    used 6510K, capacity 7063K, committed 7168K, reserved 1048576K
}
{Heap before GC invocations=45 (full 0):
 PSYoungGen      total 401920K, used 389088K [0x00000000e6800000, 0x0000000100000000, 0x0000000100000000)
  eden space 385024K, 100% used [0x00000000e6800000,0x00000000fe000000,0x00000000fe000000)
  from space 16896K, 24% used [0x00000000fef80000,0x00000000ff378000,0x0000000100000000)
  to   space 15872K, 0% used [0x00000000fe000000,0x00000000fe000000,0x00000000fef80000)
 ParOldGen       total 704512K, used 132504K [0x00000000bb800000, 0x00000000e6800000, 0x00000000e6800000)
  object space 704512K, 18% used [0x00000000bb800000,0x00000000c3966028,0x00000000e6800000)
 Metaspace       used 54017K, capacity 57186K, committed 57344K, reserved 1099776K
  class space    used 6510K, capacity 7063K, committed 7168K, reserved 1048576K
2023-08-17T21:03:21.250+0800: 5045.243: [GC (Allocation Failure) [PSYoungGen: 389088K->4064K(400896K)] 521592K->136592K(1105408K), 0.0091299 secs] [Times: user=0.03 sys=0.00, real=0.01 secs] 
Heap after GC invocations=45 (full 0):
 PSYoungGen      total 400896K, used 4064K [0x00000000e6800000, 0x0000000100000000, 0x0000000100000000)
  eden space 385024K, 0% used [0x00000000e6800000,0x00000000e6800000,0x00000000fe000000)
  from space 15872K, 25% used [0x00000000fe000000,0x00000000fe3f8000,0x00000000fef80000)
  to   space 15360K, 0% used [0x00000000ff100000,0x00000000ff100000,0x0000000100000000)
 ParOldGen       total 704512K, used 132528K [0x00000000bb800000, 0x00000000e6800000, 0x00000000e6800000)
  object space 704512K, 18% used [0x00000000bb800000,0x00000000c396c028,0x00000000e6800000)
 Metaspace       used 54017K, capacity 57186K, committed 57344K, reserved 1099776K
  class space    used 6510K, capacity 7063K, committed 7168K, reserved 1048576K
}
{Heap before GC invocations=46 (full 0):
 PSYoungGen      total 400896K, used 389088K [0x00000000e6800000, 0x0000000100000000, 0x0000000100000000)
  eden space 385024K, 100% used [0x00000000e6800000,0x00000000fe000000,0x00000000fe000000)
  from space 15872K, 25% used [0x00000000fe000000,0x00000000fe3f8000,0x00000000fef80000)
  to   space 15360K, 0% used [0x00000000ff100000,0x00000000ff100000,0x0000000100000000)
 ParOldGen       total 704512K, used 132528K [0x00000000bb800000, 0x00000000e6800000, 0x00000000e6800000)
  object space 704512K, 18% used [0x00000000bb800000,0x00000000c396c028,0x00000000e6800000)
 Metaspace       used 54023K, capacity 57186K, committed 57344K, reserved 1099776K
  class space    used 6510K, capacity 7063K, committed 7168K, reserved 1048576K
2023-08-17T21:03:23.670+0800: 5047.663: [GC (Allocation Failure) [PSYoungGen: 389088K->4000K(403456K)] 521616K->136560K(1107968K), 0.0085929 secs] [Times: user=0.03 sys=0.00, real=0.01 secs] 
Heap after GC invocations=46 (full 0):
 PSYoungGen      total 403456K, used 4000K [0x00000000e6800000, 0x0000000100000000, 0x0000000100000000)
  eden space 388096K, 0% used [0x00000000e6800000,0x00000000e6800000,0x00000000fe300000)
  from space 15360K, 26% used [0x00000000ff100000,0x00000000ff4e8000,0x0000000100000000)
  to   space 14336K, 0% used [0x00000000fe300000,0x00000000fe300000,0x00000000ff100000)
 ParOldGen       total 704512K, used 132560K [0x00000000bb800000, 0x00000000e6800000, 0x00000000e6800000)
  object space 704512K, 18% used [0x00000000bb800000,0x00000000c3974028,0x00000000e6800000)
 Metaspace       used 54023K, capacity 57186K, committed 57344K, reserved 1099776K
  class space    used 6510K, capacity 7063K, committed 7168K, reserved 1048576K
}
{Heap before GC invocations=47 (full 0):
 PSYoungGen      total 403456K, used 392096K [0x00000000e6800000, 0x0000000100000000, 0x0000000100000000)
  eden space 388096K, 100% used [0x00000000e6800000,0x00000000fe300000,0x00000000fe300000)
  from space 15360K, 26% used [0x00000000ff100000,0x00000000ff4e8000,0x0000000100000000)
  to   space 14336K, 0% used [0x00000000fe300000,0x00000000fe300000,0x00000000ff100000)
 ParOldGen       total 704512K, used 132560K [0x00000000bb800000, 0x00000000e6800000, 0x00000000e6800000)
  object space 704512K, 18% used [0x00000000bb800000,0x00000000c3974028,0x00000000e6800000)
 Metaspace       used 54023K, capacity 57186K, committed 57344K, reserved 1099776K
  class space    used 6510K, capacity 7063K, committed 7168K, reserved 1048576K
2023-08-17T21:03:25.955+0800: 5049.948: [GC (Allocation Failure) [PSYoungGen: 392096K->4576K(402432K)] 524656K->137168K(1106944K), 0.0085562 secs] [Times: user=0.03 sys=0.00, real=0.01 secs] 
Heap after GC invocations=47 (full 0):
 PSYoungGen      total 402432K, used 4576K [0x00000000e6800000, 0x0000000100000000, 0x0000000100000000)
  eden space 388096K, 0% used [0x00000000e6800000,0x00000000e6800000,0x00000000fe300000)
  from space 14336K, 31% used [0x00000000fe300000,0x00000000fe778000,0x00000000ff100000)
  to   space 13312K, 0% used [0x00000000ff300000,0x00000000ff300000,0x0000000100000000)
 ParOldGen       total 704512K, used 132592K [0x00000000bb800000, 0x00000000e6800000, 0x00000000e6800000)
  object space 704512K, 18% used [0x00000000bb800000,0x00000000c397c028,0x00000000e6800000)
 Metaspace       used 54023K, capacity 57186K, committed 57344K, reserved 1099776K
  class space    used 6510K, capacity 7063K, committed 7168K, reserved 1048576K
}
{Heap before GC invocations=48 (full 0):
 PSYoungGen      total 402432K, used 392672K [0x00000000e6800000, 0x0000000100000000, 0x0000000100000000)
  eden space 388096K, 100% used [0x00000000e6800000,0x00000000fe300000,0x00000000fe300000)
  from space 14336K, 31% used [0x00000000fe300000,0x00000000fe778000,0x00000000ff100000)
  to   space 13312K, 0% used [0x00000000ff300000,0x00000000ff300000,0x0000000100000000)
 ParOldGen       total 704512K, used 132592K [0x00000000bb800000, 0x00000000e6800000, 0x00000000e6800000)
  object space 704512K, 18% used [0x00000000bb800000,0x00000000c397c028,0x00000000e6800000)
 Metaspace       used 54024K, capacity 57186K, committed 57344K, reserved 1099776K
  class space    used 6510K, capacity 7063K, committed 7168K, reserved 1048576K
2023-08-17T21:03:28.330+0800: 5052.324: [GC (Allocation Failure) [PSYoungGen: 392672K->4512K(404992K)] 525264K->137648K(1109504K), 0.0090999 secs] [Times: user=0.04 sys=0.00, real=0.01 secs] 
Heap after GC invocations=48 (full 0):
 PSYoungGen      total 404992K, used 4512K [0x00000000e6800000, 0x0000000100000000, 0x0000000100000000)
  eden space 391680K, 0% used [0x00000000e6800000,0x00000000e6800000,0x00000000fe680000)
  from space 13312K, 33% used [0x00000000ff300000,0x00000000ff768000,0x0000000100000000)
  to   space 12800K, 0% used [0x00000000fe680000,0x00000000fe680000,0x00000000ff300000)
 ParOldGen       total 704512K, used 133136K [0x00000000bb800000, 0x00000000e6800000, 0x00000000e6800000)
  object space 704512K, 18% used [0x00000000bb800000,0x00000000c3a041e8,0x00000000e6800000)
 Metaspace       used 54024K, capacity 57186K, committed 57344K, reserved 1099776K
  class space    used 6510K, capacity 7063K, committed 7168K, reserved 1048576K
}
{Heap before GC invocations=49 (full 0):
 PSYoungGen      total 404992K, used 396192K [0x00000000e6800000, 0x0000000100000000, 0x0000000100000000)
  eden space 391680K, 100% used [0x00000000e6800000,0x00000000fe680000,0x00000000fe680000)
  from space 13312K, 33% used [0x00000000ff300000,0x00000000ff768000,0x0000000100000000)
  to   space 12800K, 0% used [0x00000000fe680000,0x00000000fe680000,0x00000000ff300000)
 ParOldGen       total 704512K, used 133136K [0x00000000bb800000, 0x00000000e6800000, 0x00000000e6800000)
  object space 704512K, 18% used [0x00000000bb800000,0x00000000c3a041e8,0x00000000e6800000)
 Metaspace       used 54024K, capacity 57186K, committed 57344K, reserved 1099776K
  class space    used 6510K, capacity 7063K, committed 7168K, reserved 1048576K
2023-08-17T21:03:30.728+0800: 5054.722: [GC (Allocation Failure) [PSYoungGen: 396192K->4320K(404480K)] 529328K->137904K(1108992K), 0.0089891 secs] [Times: user=0.03 sys=0.00, real=0.00 secs] 
Heap after GC invocations=49 (full 0):
 PSYoungGen      total 404480K, used 4320K [0x00000000e6800000, 0x0000000100000000, 0x0000000100000000)
  eden space 391680K, 0% used [0x00000000e6800000,0x00000000e6800000,0x00000000fe680000)
  from space 12800K, 33% used [0x00000000fe680000,0x00000000feab8000,0x00000000ff300000)
  to   space 11776K, 0% used [0x00000000ff480000,0x00000000ff480000,0x0000000100000000)
 ParOldGen       total 704512K, used 133584K [0x00000000bb800000, 0x00000000e6800000, 0x00000000e6800000)
  object space 704512K, 18% used [0x00000000bb800000,0x00000000c3a742e8,0x00000000e6800000)
 Metaspace       used 54024K, capacity 57186K, committed 57344K, reserved 1099776K
  class space    used 6510K, capacity 7063K, committed 7168K, reserved 1048576K
}
{Heap before GC invocations=50 (full 0):
 PSYoungGen      total 404480K, used 396000K [0x00000000e6800000, 0x0000000100000000, 0x0000000100000000)
  eden space 391680K, 100% used [0x00000000e6800000,0x00000000fe680000,0x00000000fe680000)
  from space 12800K, 33% used [0x00000000fe680000,0x00000000feab8000,0x00000000ff300000)
  to   space 11776K, 0% used [0x00000000ff480000,0x00000000ff480000,0x0000000100000000)
 ParOldGen       total 704512K, used 133584K [0x00000000bb800000, 0x00000000e6800000, 0x00000000e6800000)
  object space 704512K, 18% used [0x00000000bb800000,0x00000000c3a742e8,0x00000000e6800000)
 Metaspace       used 54024K, capacity 57186K, committed 57344K, reserved 1099776K
  class space    used 6510K, capacity 7063K, committed 7168K, reserved 1048576K
2023-08-17T21:03:33.054+0800: 5057.047: [GC (Allocation Failure) [PSYoungGen: 396000K->4384K(406528K)] 529584K->138296K(1111040K), 0.0087553 secs] [Times: user=0.03 sys=0.00, real=0.01 secs] 
Heap after GC invocations=50 (full 0):
 PSYoungGen      total 406528K, used 4384K [0x00000000e6800000, 0x0000000100000000, 0x0000000100000000)
  eden space 394752K, 0% used [0x00000000e6800000,0x00000000e6800000,0x00000000fe980000)
  from space 11776K, 37% used [0x00000000ff480000,0x00000000ff8c8000,0x0000000100000000)
  to   space 11264K, 0% used [0x00000000fe980000,0x00000000fe980000,0x00000000ff480000)
 ParOldGen       total 704512K, used 133912K [0x00000000bb800000, 0x00000000e6800000, 0x00000000e6800000)
  object space 704512K, 19% used [0x00000000bb800000,0x00000000c3ac6308,0x00000000e6800000)
 Metaspace       used 54024K, capacity 57186K, committed 57344K, reserved 1099776K
  class space    used 6510K, capacity 7063K, committed 7168K, reserved 1048576K
}
{Heap before GC invocations=51 (full 0):
 PSYoungGen      total 406528K, used 399136K [0x00000000e6800000, 0x0000000100000000, 0x0000000100000000)
  eden space 394752K, 100% used [0x00000000e6800000,0x00000000fe980000,0x00000000fe980000)
  from space 11776K, 37% used [0x00000000ff480000,0x00000000ff8c8000,0x0000000100000000)
  to   space 11264K, 0% used [0x00000000fe980000,0x00000000fe980000,0x00000000ff480000)
 ParOldGen       total 704512K, used 133912K [0x00000000bb800000, 0x00000000e6800000, 0x00000000e6800000)
  object space 704512K, 19% used [0x00000000bb800000,0x00000000c3ac6308,0x00000000e6800000)
 Metaspace       used 54024K, capacity 57186K, committed 57344K, reserved 1099776K
  class space    used 6510K, capacity 7063K, committed 7168K, reserved 1048576K
2023-08-17T21:03:35.439+0800: 5059.432: [GC (Allocation Failure) [PSYoungGen: 399136K->4032K(406016K)] 533048K->138312K(1110528K), 0.0088615 secs] [Times: user=0.04 sys=0.00, real=0.00 secs] 
Heap after GC invocations=51 (full 0):
 PSYoungGen      total 406016K, used 4032K [0x00000000e6800000, 0x0000000100000000, 0x0000000100000000)
  eden space 394752K, 0% used [0x00000000e6800000,0x00000000e6800000,0x00000000fe980000)
  from space 11264K, 35% used [0x00000000fe980000,0x00000000fed70000,0x00000000ff480000)
  to   space 10752K, 0% used [0x00000000ff580000,0x00000000ff580000,0x0000000100000000)
 ParOldGen       total 704512K, used 134280K [0x00000000bb800000, 0x00000000e6800000, 0x00000000e6800000)
  object space 704512K, 19% used [0x00000000bb800000,0x00000000c3b22368,0x00000000e6800000)
 Metaspace       used 54024K, capacity 57186K, committed 57344K, reserved 1099776K
  class space    used 6510K, capacity 7063K, committed 7168K, reserved 1048576K
}
{Heap before GC invocations=52 (full 0):
 PSYoungGen      total 406016K, used 398784K [0x00000000e6800000, 0x0000000100000000, 0x0000000100000000)
  eden space 394752K, 100% used [0x00000000e6800000,0x00000000fe980000,0x00000000fe980000)
  from space 11264K, 35% used [0x00000000fe980000,0x00000000fed70000,0x00000000ff480000)
  to   space 10752K, 0% used [0x00000000ff580000,0x00000000ff580000,0x0000000100000000)
 ParOldGen       total 704512K, used 134280K [0x00000000bb800000, 0x00000000e6800000, 0x00000000e6800000)
  object space 704512K, 19% used [0x00000000bb800000,0x00000000c3b22368,0x00000000e6800000)
 Metaspace       used 54024K, capacity 57186K, committed 57344K, reserved 1099776K
  class space    used 6510K, capacity 7063K, committed 7168K, reserved 1048576K
2023-08-17T21:03:37.860+0800: 5061.853: [GC (Allocation Failure) [PSYoungGen: 398784K->4032K(407552K)] 533064K->138360K(1112064K), 0.0084024 secs] [Times: user=0.03 sys=0.00, real=0.00 secs] 
Heap after GC invocations=52 (full 0):
 PSYoungGen      total 407552K, used 4032K [0x00000000e6800000, 0x0000000100000000, 0x0000000100000000)
  eden space 396800K, 0% used [0x00000000e6800000,0x00000000e6800000,0x00000000feb80000)
  from space 10752K, 37% used [0x00000000ff580000,0x00000000ff970000,0x0000000100000000)
  to   space 10240K, 0% used [0x00000000feb80000,0x00000000feb80000,0x00000000ff580000)
 ParOldGen       total 704512K, used 134328K [0x00000000bb800000, 0x00000000e6800000, 0x00000000e6800000)
  object space 704512K, 19% used [0x00000000bb800000,0x00000000c3b2e368,0x00000000e6800000)
 Metaspace       used 54024K, capacity 57186K, committed 57344K, reserved 1099776K
  class space    used 6510K, capacity 7063K, committed 7168K, reserved 1048576K
}
{Heap before GC invocations=53 (full 0):
 PSYoungGen      total 407552K, used 400832K [0x00000000e6800000, 0x0000000100000000, 0x0000000100000000)
  eden space 396800K, 100% used [0x00000000e6800000,0x00000000feb80000,0x00000000feb80000)
  from space 10752K, 37% used [0x00000000ff580000,0x00000000ff970000,0x0000000100000000)
  to   space 10240K, 0% used [0x00000000feb80000,0x00000000feb80000,0x00000000ff580000)
 ParOldGen       total 704512K, used 134328K [0x00000000bb800000, 0x00000000e6800000, 0x00000000e6800000)
  object space 704512K, 19% used [0x00000000bb800000,0x00000000c3b2e368,0x00000000e6800000)
 Metaspace       used 54024K, capacity 57186K, committed 57344K, reserved 1099776K
  class space    used 6510K, capacity 7063K, committed 7168K, reserved 1048576K
2023-08-17T21:03:40.277+0800: 5064.270: [GC (Allocation Failure) [PSYoungGen: 400832K->4032K(407040K)] 535160K->138392K(1111552K), 0.0085287 secs] [Times: user=0.03 sys=0.00, real=0.01 secs] 
Heap after GC invocations=53 (full 0):
 PSYoungGen      total 407040K, used 4032K [0x00000000e6800000, 0x0000000100000000, 0x0000000100000000)
  eden space 396800K, 0% used [0x00000000e6800000,0x00000000e6800000,0x00000000feb80000)
  from space 10240K, 39% used [0x00000000feb80000,0x00000000fef70000,0x00000000ff580000)
  to   space 9728K, 0% used [0x00000000ff680000,0x00000000ff680000,0x0000000100000000)
 ParOldGen       total 704512K, used 134360K [0x00000000bb800000, 0x00000000e6800000, 0x00000000e6800000)
  object space 704512K, 19% used [0x00000000bb800000,0x00000000c3b36368,0x00000000e6800000)
 Metaspace       used 54024K, capacity 57186K, committed 57344K, reserved 1099776K
  class space    used 6510K, capacity 7063K, committed 7168K, reserved 1048576K
}
{Heap before GC invocations=54 (full 0):
 PSYoungGen      total 407040K, used 400832K [0x00000000e6800000, 0x0000000100000000, 0x0000000100000000)
  eden space 396800K, 100% used [0x00000000e6800000,0x00000000feb80000,0x00000000feb80000)
  from space 10240K, 39% used [0x00000000feb80000,0x00000000fef70000,0x00000000ff580000)
  to   space 9728K, 0% used [0x00000000ff680000,0x00000000ff680000,0x0000000100000000)
 ParOldGen       total 704512K, used 134360K [0x00000000bb800000, 0x00000000e6800000, 0x00000000e6800000)
  object space 704512K, 19% used [0x00000000bb800000,0x00000000c3b36368,0x00000000e6800000)
 Metaspace       used 54024K, capacity 57186K, committed 57344K, reserved 1099776K
  class space    used 6510K, capacity 7063K, committed 7168K, reserved 1048576K
2023-08-17T21:03:42.657+0800: 5066.650: [GC (Allocation Failure) [PSYoungGen: 400832K->4032K(408064K)] 535192K->138424K(1112576K), 0.0100921 secs] [Times: user=0.03 sys=0.00, real=0.01 secs] 
Heap after GC invocations=54 (full 0):
 PSYoungGen      total 408064K, used 4032K [0x00000000e6800000, 0x0000000100000000, 0x0000000100000000)
  eden space 398336K, 0% used [0x00000000e6800000,0x00000000e6800000,0x00000000fed00000)
  from space 9728K, 41% used [0x00000000ff680000,0x00000000ffa70000,0x0000000100000000)
  to   space 9728K, 0% used [0x00000000fed00000,0x00000000fed00000,0x00000000ff680000)
 ParOldGen       total 704512K, used 134392K [0x00000000bb800000, 0x00000000e6800000, 0x00000000e6800000)
  object space 704512K, 19% used [0x00000000bb800000,0x00000000c3b3e368,0x00000000e6800000)
 Metaspace       used 54024K, capacity 57186K, committed 57344K, reserved 1099776K
  class space    used 6510K, capacity 7063K, committed 7168K, reserved 1048576K
}
{Heap before GC invocations=55 (full 0):
 PSYoungGen      total 408064K, used 402368K [0x00000000e6800000, 0x0000000100000000, 0x0000000100000000)
  eden space 398336K, 100% used [0x00000000e6800000,0x00000000fed00000,0x00000000fed00000)
  from space 9728K, 41% used [0x00000000ff680000,0x00000000ffa70000,0x0000000100000000)
  to   space 9728K, 0% used [0x00000000fed00000,0x00000000fed00000,0x00000000ff680000)
 ParOldGen       total 704512K, used 134392K [0x00000000bb800000, 0x00000000e6800000, 0x00000000e6800000)
  object space 704512K, 19% used [0x00000000bb800000,0x00000000c3b3e368,0x00000000e6800000)
 Metaspace       used 54024K, capacity 57186K, committed 57344K, reserved 1099776K
  class space    used 6510K, capacity 7063K, committed 7168K, reserved 1048576K
2023-08-17T21:03:45.080+0800: 5069.073: [GC (Allocation Failure) [PSYoungGen: 402368K->4032K(408064K)] 536760K->138456K(1112576K), 0.0085083 secs] [Times: user=0.03 sys=0.00, real=0.00 secs] 
Heap after GC invocations=55 (full 0):
 PSYoungGen      total 408064K, used 4032K [0x00000000e6800000, 0x0000000100000000, 0x0000000100000000)
  eden space 398336K, 0% used [0x00000000e6800000,0x00000000e6800000,0x00000000fed00000)
  from space 9728K, 41% used [0x00000000fed00000,0x00000000ff0f0000,0x00000000ff680000)
  to   space 9216K, 0% used [0x00000000ff700000,0x00000000ff700000,0x0000000100000000)
 ParOldGen       total 704512K, used 134424K [0x00000000bb800000, 0x00000000e6800000, 0x00000000e6800000)
  object space 704512K, 19% used [0x00000000bb800000,0x00000000c3b46368,0x00000000e6800000)
 Metaspace       used 54024K, capacity 57186K, committed 57344K, reserved 1099776K
  class space    used 6510K, capacity 7063K, committed 7168K, reserved 1048576K
}
{Heap before GC invocations=56 (full 0):
 PSYoungGen      total 408064K, used 402368K [0x00000000e6800000, 0x0000000100000000, 0x0000000100000000)
  eden space 398336K, 100% used [0x00000000e6800000,0x00000000fed00000,0x00000000fed00000)
  from space 9728K, 41% used [0x00000000fed00000,0x00000000ff0f0000,0x00000000ff680000)
  to   space 9216K, 0% used [0x00000000ff700000,0x00000000ff700000,0x0000000100000000)
 ParOldGen       total 704512K, used 134424K [0x00000000bb800000, 0x00000000e6800000, 0x00000000e6800000)
  object space 704512K, 19% used [0x00000000bb800000,0x00000000c3b46368,0x00000000e6800000)
 Metaspace       used 54024K, capacity 57186K, committed 57344K, reserved 1099776K
  class space    used 6510K, capacity 7063K, committed 7168K, reserved 1048576K
2023-08-17T21:03:47.456+0800: 5071.449: [GC (Allocation Failure) [PSYoungGen: 402368K->4064K(409088K)] 536792K->138512K(1113600K), 0.0092822 secs] [Times: user=0.03 sys=0.00, real=0.01 secs] 
Heap after GC invocations=56 (full 0):
 PSYoungGen      total 409088K, used 4064K [0x00000000e6800000, 0x0000000100000000, 0x0000000100000000)
  eden space 399872K, 0% used [0x00000000e6800000,0x00000000e6800000,0x00000000fee80000)
  from space 9216K, 44% used [0x00000000ff700000,0x00000000ffaf8000,0x0000000100000000)
  to   space 8704K, 0% used [0x00000000fee80000,0x00000000fee80000,0x00000000ff700000)
 ParOldGen       total 704512K, used 134448K [0x00000000bb800000, 0x00000000e6800000, 0x00000000e6800000)
  object space 704512K, 19% used [0x00000000bb800000,0x00000000c3b4c368,0x00000000e6800000)
 Metaspace       used 54024K, capacity 57186K, committed 57344K, reserved 1099776K
  class space    used 6510K, capacity 7063K, committed 7168K, reserved 1048576K
}
{Heap before GC invocations=57 (full 0):
 PSYoungGen      total 409088K, used 403936K [0x00000000e6800000, 0x0000000100000000, 0x0000000100000000)
  eden space 399872K, 100% used [0x00000000e6800000,0x00000000fee80000,0x00000000fee80000)
  from space 9216K, 44% used [0x00000000ff700000,0x00000000ffaf8000,0x0000000100000000)
  to   space 8704K, 0% used [0x00000000fee80000,0x00000000fee80000,0x00000000ff700000)
 ParOldGen       total 704512K, used 134448K [0x00000000bb800000, 0x00000000e6800000, 0x00000000e6800000)
  object space 704512K, 19% used [0x00000000bb800000,0x00000000c3b4c368,0x00000000e6800000)
 Metaspace       used 54024K, capacity 57186K, committed 57344K, reserved 1099776K
  class space    used 6510K, capacity 7063K, committed 7168K, reserved 1048576K
2023-08-17T21:03:49.919+0800: 5073.913: [GC (Allocation Failure) [PSYoungGen: 403936K->4032K(408576K)] 538384K->138504K(1113088K), 0.0090159 secs] [Times: user=0.02 sys=0.00, real=0.01 secs] 
Heap after GC invocations=57 (full 0):
 PSYoungGen      total 408576K, used 4032K [0x00000000e6800000, 0x0000000100000000, 0x0000000100000000)
  eden space 399872K, 0% used [0x00000000e6800000,0x00000000e6800000,0x00000000fee80000)
  from space 8704K, 46% used [0x00000000fee80000,0x00000000ff270000,0x00000000ff700000)
  to   space 8192K, 0% used [0x00000000ff800000,0x00000000ff800000,0x0000000100000000)
 ParOldGen       total 704512K, used 134472K [0x00000000bb800000, 0x00000000e6800000, 0x00000000e6800000)
  object space 704512K, 19% used [0x00000000bb800000,0x00000000c3b52368,0x00000000e6800000)
 Metaspace       used 54024K, capacity 57186K, committed 57344K, reserved 1099776K
  class space    used 6510K, capacity 7063K, committed 7168K, reserved 1048576K
}
{Heap before GC invocations=58 (full 0):
 PSYoungGen      total 408576K, used 403904K [0x00000000e6800000, 0x0000000100000000, 0x0000000100000000)
  eden space 399872K, 100% used [0x00000000e6800000,0x00000000fee80000,0x00000000fee80000)
  from space 8704K, 46% used [0x00000000fee80000,0x00000000ff270000,0x00000000ff700000)
  to   space 8192K, 0% used [0x00000000ff800000,0x00000000ff800000,0x0000000100000000)
 ParOldGen       total 704512K, used 134472K [0x00000000bb800000, 0x00000000e6800000, 0x00000000e6800000)
  object space 704512K, 19% used [0x00000000bb800000,0x00000000c3b52368,0x00000000e6800000)
 Metaspace       used 54024K, capacity 57186K, committed 57344K, reserved 1099776K
  class space    used 6510K, capacity 7063K, committed 7168K, reserved 1048576K
2023-08-17T21:03:52.342+0800: 5076.335: [GC (Allocation Failure) [PSYoungGen: 403904K->4032K(409600K)] 538376K->138536K(1114112K), 0.0083445 secs] [Times: user=0.03 sys=0.00, real=0.01 secs] 
Heap after GC invocations=58 (full 0):
 PSYoungGen      total 409600K, used 4032K [0x00000000e6800000, 0x0000000100000000, 0x0000000100000000)
  eden space 401408K, 0% used [0x00000000e6800000,0x00000000e6800000,0x00000000ff000000)
  from space 8192K, 49% used [0x00000000ff800000,0x00000000ffbf0000,0x0000000100000000)
  to   space 8192K, 0% used [0x00000000ff000000,0x00000000ff000000,0x00000000ff800000)
 ParOldGen       total 704512K, used 134504K [0x00000000bb800000, 0x00000000e6800000, 0x00000000e6800000)
  object space 704512K, 19% used [0x00000000bb800000,0x00000000c3b5a368,0x00000000e6800000)
 Metaspace       used 54024K, capacity 57186K, committed 57344K, reserved 1099776K
  class space    used 6510K, capacity 7063K, committed 7168K, reserved 1048576K
}
{Heap before GC invocations=59 (full 0):
 PSYoungGen      total 409600K, used 405440K [0x00000000e6800000, 0x0000000100000000, 0x0000000100000000)
  eden space 401408K, 100% used [0x00000000e6800000,0x00000000ff000000,0x00000000ff000000)
  from space 8192K, 49% used [0x00000000ff800000,0x00000000ffbf0000,0x0000000100000000)
  to   space 8192K, 0% used [0x00000000ff000000,0x00000000ff000000,0x00000000ff800000)
 ParOldGen       total 704512K, used 134504K [0x00000000bb800000, 0x00000000e6800000, 0x00000000e6800000)
  object space 704512K, 19% used [0x00000000bb800000,0x00000000c3b5a368,0x00000000e6800000)
 Metaspace       used 54024K, capacity 57186K, committed 57344K, reserved 1099776K
  class space    used 6510K, capacity 7063K, committed 7168K, reserved 1048576K
2023-08-17T21:03:54.805+0800: 5078.798: [GC (Allocation Failure) [PSYoungGen: 405440K->3968K(409600K)] 539944K->138496K(1114112K), 0.0102150 secs] [Times: user=0.03 sys=0.00, real=0.01 secs] 
Heap after GC invocations=59 (full 0):
 PSYoungGen      total 409600K, used 3968K [0x00000000e6800000, 0x0000000100000000, 0x0000000100000000)
  eden space 401408K, 0% used [0x00000000e6800000,0x00000000e6800000,0x00000000ff000000)
  from space 8192K, 48% used [0x00000000ff000000,0x00000000ff3e0000,0x00000000ff800000)
  to   space 7680K, 0% used [0x00000000ff880000,0x00000000ff880000,0x0000000100000000)
 ParOldGen       total 704512K, used 134528K [0x00000000bb800000, 0x00000000e6800000, 0x00000000e6800000)
  object space 704512K, 19% used [0x00000000bb800000,0x00000000c3b60368,0x00000000e6800000)
 Metaspace       used 54024K, capacity 57186K, committed 57344K, reserved 1099776K
  class space    used 6510K, capacity 7063K, committed 7168K, reserved 1048576K
}
{Heap before GC invocations=60 (full 0):
 PSYoungGen      total 409600K, used 405376K [0x00000000e6800000, 0x0000000100000000, 0x0000000100000000)
  eden space 401408K, 100% used [0x00000000e6800000,0x00000000ff000000,0x00000000ff000000)
  from space 8192K, 48% used [0x00000000ff000000,0x00000000ff3e0000,0x00000000ff800000)
  to   space 7680K, 0% used [0x00000000ff880000,0x00000000ff880000,0x0000000100000000)
 ParOldGen       total 704512K, used 134528K [0x00000000bb800000, 0x00000000e6800000, 0x00000000e6800000)
  object space 704512K, 19% used [0x00000000bb800000,0x00000000c3b60368,0x00000000e6800000)
 Metaspace       used 54026K, capacity 57250K, committed 57600K, reserved 1099776K
  class space    used 6510K, capacity 7063K, committed 7168K, reserved 1048576K
2023-08-17T21:03:57.221+0800: 5081.215: [GC (Allocation Failure) [PSYoungGen: 405376K->4032K(410112K)] 539904K->138576K(1114624K), 0.0084907 secs] [Times: user=0.03 sys=0.00, real=0.01 secs] 
Heap after GC invocations=60 (full 0):
 PSYoungGen      total 410112K, used 4032K [0x00000000e6800000, 0x0000000100000000, 0x0000000100000000)
  eden space 402432K, 0% used [0x00000000e6800000,0x00000000e6800000,0x00000000ff100000)
  from space 7680K, 52% used [0x00000000ff880000,0x00000000ffc70000,0x0000000100000000)
  to   space 7680K, 0% used [0x00000000ff100000,0x00000000ff100000,0x00000000ff880000)
 ParOldGen       total 704512K, used 134544K [0x00000000bb800000, 0x00000000e6800000, 0x00000000e6800000)
  object space 704512K, 19% used [0x00000000bb800000,0x00000000c3b64368,0x00000000e6800000)
 Metaspace       used 54026K, capacity 57250K, committed 57600K, reserved 1099776K
  class space    used 6510K, capacity 7063K, committed 7168K, reserved 1048576K
}
{Heap before GC invocations=61 (full 0):
 PSYoungGen      total 410112K, used 406464K [0x00000000e6800000, 0x0000000100000000, 0x0000000100000000)
  eden space 402432K, 100% used [0x00000000e6800000,0x00000000ff100000,0x00000000ff100000)
  from space 7680K, 52% used [0x00000000ff880000,0x00000000ffc70000,0x0000000100000000)
  to   space 7680K, 0% used [0x00000000ff100000,0x00000000ff100000,0x00000000ff880000)
 ParOldGen       total 704512K, used 134544K [0x00000000bb800000, 0x00000000e6800000, 0x00000000e6800000)
  object space 704512K, 19% used [0x00000000bb800000,0x00000000c3b64368,0x00000000e6800000)
 Metaspace       used 54026K, capacity 57250K, committed 57600K, reserved 1099776K
  class space    used 6510K, capacity 7063K, committed 7168K, reserved 1048576K
2023-08-17T21:03:59.649+0800: 5083.642: [GC (Allocation Failure) [PSYoungGen: 406464K->4000K(410112K)] 541008K->138560K(1114624K), 0.0083949 secs] [Times: user=0.03 sys=0.00, real=0.00 secs] 
Heap after GC invocations=61 (full 0):
 PSYoungGen      total 410112K, used 4000K [0x00000000e6800000, 0x0000000100000000, 0x0000000100000000)
  eden space 402432K, 0% used [0x00000000e6800000,0x00000000e6800000,0x00000000ff100000)
  from space 7680K, 52% used [0x00000000ff100000,0x00000000ff4e8000,0x00000000ff880000)
  to   space 7168K, 0% used [0x00000000ff900000,0x00000000ff900000,0x0000000100000000)
 ParOldGen       total 704512K, used 134560K [0x00000000bb800000, 0x00000000e6800000, 0x00000000e6800000)
  object space 704512K, 19% used [0x00000000bb800000,0x00000000c3b68368,0x00000000e6800000)
 Metaspace       used 54026K, capacity 57250K, committed 57600K, reserved 1099776K
  class space    used 6510K, capacity 7063K, committed 7168K, reserved 1048576K
}
{Heap before GC invocations=62 (full 0):
 PSYoungGen      total 410112K, used 406432K [0x00000000e6800000, 0x0000000100000000, 0x0000000100000000)
  eden space 402432K, 100% used [0x00000000e6800000,0x00000000ff100000,0x00000000ff100000)
  from space 7680K, 52% used [0x00000000ff100000,0x00000000ff4e8000,0x00000000ff880000)
  to   space 7168K, 0% used [0x00000000ff900000,0x00000000ff900000,0x0000000100000000)
 ParOldGen       total 704512K, used 134560K [0x00000000bb800000, 0x00000000e6800000, 0x00000000e6800000)
  object space 704512K, 19% used [0x00000000bb800000,0x00000000c3b68368,0x00000000e6800000)
 Metaspace       used 54026K, capacity 57250K, committed 57600K, reserved 1099776K
  class space    used 6510K, capacity 7063K, committed 7168K, reserved 1048576K
2023-08-17T21:04:02.136+0800: 5086.129: [GC (Allocation Failure) [PSYoungGen: 406432K->4064K(410624K)] 540992K->138656K(1115136K), 0.0085830 secs] [Times: user=0.03 sys=0.00, real=0.01 secs] 
Heap after GC invocations=62 (full 0):
 PSYoungGen      total 410624K, used 4064K [0x00000000e6800000, 0x0000000100000000, 0x0000000100000000)
  eden space 403456K, 0% used [0x00000000e6800000,0x00000000e6800000,0x00000000ff200000)
  from space 7168K, 56% used [0x00000000ff900000,0x00000000ffcf8000,0x0000000100000000)
  to   space 7168K, 0% used [0x00000000ff200000,0x00000000ff200000,0x00000000ff900000)
 ParOldGen       total 704512K, used 134592K [0x00000000bb800000, 0x00000000e6800000, 0x00000000e6800000)
  object space 704512K, 19% used [0x00000000bb800000,0x00000000c3b70368,0x00000000e6800000)
 Metaspace       used 54026K, capacity 57250K, committed 57600K, reserved 1099776K
  class space    used 6510K, capacity 7063K, committed 7168K, reserved 1048576K
}
{Heap before GC invocations=63 (full 0):
 PSYoungGen      total 410624K, used 407520K [0x00000000e6800000, 0x0000000100000000, 0x0000000100000000)
  eden space 403456K, 100% used [0x00000000e6800000,0x00000000ff200000,0x00000000ff200000)
  from space 7168K, 56% used [0x00000000ff900000,0x00000000ffcf8000,0x0000000100000000)
  to   space 7168K, 0% used [0x00000000ff200000,0x00000000ff200000,0x00000000ff900000)
 ParOldGen       total 704512K, used 134592K [0x00000000bb800000, 0x00000000e6800000, 0x00000000e6800000)
  object space 704512K, 19% used [0x00000000bb800000,0x00000000c3b70368,0x00000000e6800000)
 Metaspace       used 54026K, capacity 57250K, committed 57600K, reserved 1099776K
  class space    used 6510K, capacity 7063K, committed 7168K, reserved 1048576K
2023-08-17T21:04:04.553+0800: 5088.546: [GC (Allocation Failure) [PSYoungGen: 407520K->4000K(410624K)] 542112K->138624K(1115136K), 0.0086481 secs] [Times: user=0.03 sys=0.00, real=0.01 secs] 
Heap after GC invocations=63 (full 0):
 PSYoungGen      total 410624K, used 4000K [0x00000000e6800000, 0x0000000100000000, 0x0000000100000000)
  eden space 403456K, 0% used [0x00000000e6800000,0x00000000e6800000,0x00000000ff200000)
  from space 7168K, 55% used [0x00000000ff200000,0x00000000ff5e8000,0x00000000ff900000)
  to   space 6656K, 0% used [0x00000000ff980000,0x00000000ff980000,0x0000000100000000)
 ParOldGen       total 704512K, used 134624K [0x00000000bb800000, 0x00000000e6800000, 0x00000000e6800000)
  object space 704512K, 19% used [0x00000000bb800000,0x00000000c3b78368,0x00000000e6800000)
 Metaspace       used 54026K, capacity 57250K, committed 57600K, reserved 1099776K
  class space    used 6510K, capacity 7063K, committed 7168K, reserved 1048576K
}
{Heap before GC invocations=64 (full 0):
 PSYoungGen      total 410624K, used 407456K [0x00000000e6800000, 0x0000000100000000, 0x0000000100000000)
  eden space 403456K, 100% used [0x00000000e6800000,0x00000000ff200000,0x00000000ff200000)
  from space 7168K, 55% used [0x00000000ff200000,0x00000000ff5e8000,0x00000000ff900000)
  to   space 6656K, 0% used [0x00000000ff980000,0x00000000ff980000,0x0000000100000000)
 ParOldGen       total 704512K, used 134624K [0x00000000bb800000, 0x00000000e6800000, 0x00000000e6800000)
  object space 704512K, 19% used [0x00000000bb800000,0x00000000c3b78368,0x00000000e6800000)
 Metaspace       used 54026K, capacity 57250K, committed 57600K, reserved 1099776K
  class space    used 6510K, capacity 7063K, committed 7168K, reserved 1048576K
2023-08-17T21:04:06.998+0800: 5090.991: [GC (Allocation Failure) [PSYoungGen: 407456K->4064K(411136K)] 542080K->138712K(1115648K), 0.0101287 secs] [Times: user=0.03 sys=0.00, real=0.02 secs] 
Heap after GC invocations=64 (full 0):
 PSYoungGen      total 411136K, used 4064K [0x00000000e6800000, 0x0000000100000000, 0x0000000100000000)
  eden space 404480K, 0% used [0x00000000e6800000,0x00000000e6800000,0x00000000ff300000)
  from space 6656K, 61% used [0x00000000ff980000,0x00000000ffd78000,0x0000000100000000)
  to   space 6656K, 0% used [0x00000000ff300000,0x00000000ff300000,0x00000000ff980000)
 ParOldGen       total 704512K, used 134648K [0x00000000bb800000, 0x00000000e6800000, 0x00000000e6800000)
  object space 704512K, 19% used [0x00000000bb800000,0x00000000c3b7e368,0x00000000e6800000)
 Metaspace       used 54026K, capacity 57250K, committed 57600K, reserved 1099776K
  class space    used 6510K, capacity 7063K, committed 7168K, reserved 1048576K
}
{Heap before GC invocations=65 (full 0):
 PSYoungGen      total 411136K, used 408544K [0x00000000e6800000, 0x0000000100000000, 0x0000000100000000)
  eden space 404480K, 100% used [0x00000000e6800000,0x00000000ff300000,0x00000000ff300000)
  from space 6656K, 61% used [0x00000000ff980000,0x00000000ffd78000,0x0000000100000000)
  to   space 6656K, 0% used [0x00000000ff300000,0x00000000ff300000,0x00000000ff980000)
 ParOldGen       total 704512K, used 134648K [0x00000000bb800000, 0x00000000e6800000, 0x00000000e6800000)
  object space 704512K, 19% used [0x00000000bb800000,0x00000000c3b7e368,0x00000000e6800000)
 Metaspace       used 54026K, capacity 57250K, committed 57600K, reserved 1099776K
  class space    used 6510K, capacity 7063K, committed 7168K, reserved 1048576K
2023-08-17T21:04:09.483+0800: 5093.476: [GC (Allocation Failure) [PSYoungGen: 408544K->4000K(411136K)] 543192K->138672K(1115648K), 0.0098726 secs] [Times: user=0.03 sys=0.00, real=0.01 secs] 
Heap after GC invocations=65 (full 0):
 PSYoungGen      total 411136K, used 4000K [0x00000000e6800000, 0x0000000100000000, 0x0000000100000000)
  eden space 404480K, 0% used [0x00000000e6800000,0x00000000e6800000,0x00000000ff300000)
  from space 6656K, 60% used [0x00000000ff300000,0x00000000ff6e8000,0x00000000ff980000)
  to   space 6656K, 0% used [0x00000000ff980000,0x00000000ff980000,0x0000000100000000)
 ParOldGen       total 704512K, used 134672K [0x00000000bb800000, 0x00000000e6800000, 0x00000000e6800000)
  object space 704512K, 19% used [0x00000000bb800000,0x00000000c3b84368,0x00000000e6800000)
 Metaspace       used 54026K, capacity 57250K, committed 57600K, reserved 1099776K
  class space    used 6510K, capacity 7063K, committed 7168K, reserved 1048576K
}
{Heap before GC invocations=66 (full 0):
 PSYoungGen      total 411136K, used 408480K [0x00000000e6800000, 0x0000000100000000, 0x0000000100000000)
  eden space 404480K, 100% used [0x00000000e6800000,0x00000000ff300000,0x00000000ff300000)
  from space 6656K, 60% used [0x00000000ff300000,0x00000000ff6e8000,0x00000000ff980000)
  to   space 6656K, 0% used [0x00000000ff980000,0x00000000ff980000,0x0000000100000000)
 ParOldGen       total 704512K, used 134672K [0x00000000bb800000, 0x00000000e6800000, 0x00000000e6800000)
  object space 704512K, 19% used [0x00000000bb800000,0x00000000c3b84368,0x00000000e6800000)
 Metaspace       used 54026K, capacity 57250K, committed 57600K, reserved 1099776K
  class space    used 6510K, capacity 7063K, committed 7168K, reserved 1048576K
2023-08-17T21:04:11.970+0800: 5095.964: [GC (Allocation Failure) [PSYoungGen: 408480K->4064K(411648K)] 543152K->138768K(1116160K), 0.0084482 secs] [Times: user=0.03 sys=0.00, real=0.01 secs] 
Heap after GC invocations=66 (full 0):
 PSYoungGen      total 411648K, used 4064K [0x00000000e6800000, 0x0000000100000000, 0x0000000100000000)
  eden space 404992K, 0% used [0x00000000e6800000,0x00000000e6800000,0x00000000ff380000)
  from space 6656K, 61% used [0x00000000ff980000,0x00000000ffd78000,0x0000000100000000)
  to   space 6144K, 0% used [0x00000000ff380000,0x00000000ff380000,0x00000000ff980000)
 ParOldGen       total 704512K, used 134704K [0x00000000bb800000, 0x00000000e6800000, 0x00000000e6800000)
  object space 704512K, 19% used [0x00000000bb800000,0x00000000c3b8c368,0x00000000e6800000)
 Metaspace       used 54026K, capacity 57250K, committed 57600K, reserved 1099776K
  class space    used 6510K, capacity 7063K, committed 7168K, reserved 1048576K
}
{Heap before GC invocations=67 (full 0):
 PSYoungGen      total 411648K, used 409056K [0x00000000e6800000, 0x0000000100000000, 0x0000000100000000)
  eden space 404992K, 100% used [0x00000000e6800000,0x00000000ff380000,0x00000000ff380000)
  from space 6656K, 61% used [0x00000000ff980000,0x00000000ffd78000,0x0000000100000000)
  to   space 6144K, 0% used [0x00000000ff380000,0x00000000ff380000,0x00000000ff980000)
 ParOldGen       total 704512K, used 134704K [0x00000000bb800000, 0x00000000e6800000, 0x00000000e6800000)
  object space 704512K, 19% used [0x00000000bb800000,0x00000000c3b8c368,0x00000000e6800000)
 Metaspace       used 54027K, capacity 57250K, committed 57600K, reserved 1099776K
  class space    used 6510K, capacity 7063K, committed 7168K, reserved 1048576K
2023-08-17T21:04:14.401+0800: 5098.394: [GC (Allocation Failure) [PSYoungGen: 409056K->3968K(411136K)] 543760K->138696K(1115648K), 0.0094917 secs] [Times: user=0.03 sys=0.00, real=0.01 secs] 
Heap after GC invocations=67 (full 0):
 PSYoungGen      total 411136K, used 3968K [0x00000000e6800000, 0x0000000100000000, 0x0000000100000000)
  eden space 404992K, 0% used [0x00000000e6800000,0x00000000e6800000,0x00000000ff380000)
  from space 6144K, 64% used [0x00000000ff380000,0x00000000ff760000,0x00000000ff980000)
  to   space 6144K, 0% used [0x00000000ffa00000,0x00000000ffa00000,0x0000000100000000)
 ParOldGen       total 704512K, used 134728K [0x00000000bb800000, 0x00000000e6800000, 0x00000000e6800000)
  object space 704512K, 19% used [0x00000000bb800000,0x00000000c3b92368,0x00000000e6800000)
 Metaspace       used 54027K, capacity 57250K, committed 57600K, reserved 1099776K
  class space    used 6510K, capacity 7063K, committed 7168K, reserved 1048576K
}
{Heap before GC invocations=68 (full 0):
 PSYoungGen      total 411136K, used 408960K [0x00000000e6800000, 0x0000000100000000, 0x0000000100000000)
  eden space 404992K, 100% used [0x00000000e6800000,0x00000000ff380000,0x00000000ff380000)
  from space 6144K, 64% used [0x00000000ff380000,0x00000000ff760000,0x00000000ff980000)
  to   space 6144K, 0% used [0x00000000ffa00000,0x00000000ffa00000,0x0000000100000000)
 ParOldGen       total 704512K, used 134728K [0x00000000bb800000, 0x00000000e6800000, 0x00000000e6800000)
  object space 704512K, 19% used [0x00000000bb800000,0x00000000c3b92368,0x00000000e6800000)
 Metaspace       used 54027K, capacity 57250K, committed 57600K, reserved 1099776K
  class space    used 6510K, capacity 7063K, committed 7168K, reserved 1048576K
2023-08-17T21:04:16.887+0800: 5100.880: [GC (Allocation Failure) [PSYoungGen: 408960K->4064K(411648K)] 543688K->138824K(1116160K), 0.0084438 secs] [Times: user=0.04 sys=0.00, real=0.01 secs] 
Heap after GC invocations=68 (full 0):
 PSYoungGen      total 411648K, used 4064K [0x00000000e6800000, 0x0000000100000000, 0x0000000100000000)
  eden space 405504K, 0% used [0x00000000e6800000,0x00000000e6800000,0x00000000ff400000)
  from space 6144K, 66% used [0x00000000ffa00000,0x00000000ffdf8000,0x0000000100000000)
  to   space 6144K, 0% used [0x00000000ff400000,0x00000000ff400000,0x00000000ffa00000)
 ParOldGen       total 704512K, used 134760K [0x00000000bb800000, 0x00000000e6800000, 0x00000000e6800000)
  object space 704512K, 19% used [0x00000000bb800000,0x00000000c3b9a368,0x00000000e6800000)
 Metaspace       used 54027K, capacity 57250K, committed 57600K, reserved 1099776K
  class space    used 6510K, capacity 7063K, committed 7168K, reserved 1048576K
}
{Heap before GC invocations=69 (full 0):
 PSYoungGen      total 411648K, used 409568K [0x00000000e6800000, 0x0000000100000000, 0x0000000100000000)
  eden space 405504K, 100% used [0x00000000e6800000,0x00000000ff400000,0x00000000ff400000)
  from space 6144K, 66% used [0x00000000ffa00000,0x00000000ffdf8000,0x0000000100000000)
  to   space 6144K, 0% used [0x00000000ff400000,0x00000000ff400000,0x00000000ffa00000)
 ParOldGen       total 704512K, used 134760K [0x00000000bb800000, 0x00000000e6800000, 0x00000000e6800000)
  object space 704512K, 19% used [0x00000000bb800000,0x00000000c3b9a368,0x00000000e6800000)
 Metaspace       used 54027K, capacity 57250K, committed 57600K, reserved 1099776K
  class space    used 6510K, capacity 7063K, committed 7168K, reserved 1048576K
2023-08-17T21:04:19.386+0800: 5103.379: [GC (Allocation Failure) [PSYoungGen: 409568K->4000K(411648K)] 544328K->138792K(1116160K), 0.0086197 secs] [Times: user=0.03 sys=0.00, real=0.01 secs] 
Heap after GC invocations=69 (full 0):
 PSYoungGen      total 411648K, used 4000K [0x00000000e6800000, 0x0000000100000000, 0x0000000100000000)
  eden space 405504K, 0% used [0x00000000e6800000,0x00000000e6800000,0x00000000ff400000)
  from space 6144K, 65% used [0x00000000ff400000,0x00000000ff7e8000,0x00000000ffa00000)
  to   space 5632K, 0% used [0x00000000ffa80000,0x00000000ffa80000,0x0000000100000000)
 ParOldGen       total 704512K, used 134792K [0x00000000bb800000, 0x00000000e6800000, 0x00000000e6800000)
  object space 704512K, 19% used [0x00000000bb800000,0x00000000c3ba2368,0x00000000e6800000)
 Metaspace       used 54027K, capacity 57250K, committed 57600K, reserved 1099776K
  class space    used 6510K, capacity 7063K, committed 7168K, reserved 1048576K
}
{Heap before GC invocations=70 (full 0):
 PSYoungGen      total 411648K, used 409500K [0x00000000e6800000, 0x0000000100000000, 0x0000000100000000)
  eden space 405504K, 99% used [0x00000000e6800000,0x00000000ff3ff060,0x00000000ff400000)
  from space 6144K, 65% used [0x00000000ff400000,0x00000000ff7e8000,0x00000000ffa00000)
  to   space 5632K, 0% used [0x00000000ffa80000,0x00000000ffa80000,0x0000000100000000)
 ParOldGen       total 704512K, used 134792K [0x00000000bb800000, 0x00000000e6800000, 0x00000000e6800000)
  object space 704512K, 19% used [0x00000000bb800000,0x00000000c3ba2368,0x00000000e6800000)
 Metaspace       used 54027K, capacity 57250K, committed 57600K, reserved 1099776K
  class space    used 6510K, capacity 7063K, committed 7168K, reserved 1048576K
2023-08-17T21:04:21.776+0800: 5105.770: [GC (Allocation Failure) [PSYoungGen: 409500K->4032K(412160K)] 544292K->138856K(1116672K), 0.0088267 secs] [Times: user=0.03 sys=0.00, real=0.01 secs] 
Heap after GC invocations=70 (full 0):
 PSYoungGen      total 412160K, used 4032K [0x00000000e6800000, 0x0000000100000000, 0x0000000100000000)
  eden space 406528K, 0% used [0x00000000e6800000,0x00000000e6800000,0x00000000ff500000)
  from space 5632K, 71% used [0x00000000ffa80000,0x00000000ffe70000,0x0000000100000000)
  to   space 5632K, 0% used [0x00000000ff500000,0x00000000ff500000,0x00000000ffa80000)
 ParOldGen       total 704512K, used 134824K [0x00000000bb800000, 0x00000000e6800000, 0x00000000e6800000)
  object space 704512K, 19% used [0x00000000bb800000,0x00000000c3baa368,0x00000000e6800000)
 Metaspace       used 54027K, capacity 57250K, committed 57600K, reserved 1099776K
  class space    used 6510K, capacity 7063K, committed 7168K, reserved 1048576K
}
{Heap before GC invocations=71 (full 0):
 PSYoungGen      total 412160K, used 410560K [0x00000000e6800000, 0x0000000100000000, 0x0000000100000000)
  eden space 406528K, 100% used [0x00000000e6800000,0x00000000ff500000,0x00000000ff500000)
  from space 5632K, 71% used [0x00000000ffa80000,0x00000000ffe70000,0x0000000100000000)
  to   space 5632K, 0% used [0x00000000ff500000,0x00000000ff500000,0x00000000ffa80000)
 ParOldGen       total 704512K, used 134824K [0x00000000bb800000, 0x00000000e6800000, 0x00000000e6800000)
  object space 704512K, 19% used [0x00000000bb800000,0x00000000c3baa368,0x00000000e6800000)
 Metaspace       used 54027K, capacity 57250K, committed 57600K, reserved 1099776K
  class space    used 6510K, capacity 7063K, committed 7168K, reserved 1048576K
2023-08-17T21:04:24.235+0800: 5108.228: [GC (Allocation Failure) [PSYoungGen: 410560K->4064K(412160K)] 545384K->138904K(1116672K), 0.0099227 secs] [Times: user=0.03 sys=0.00, real=0.01 secs] 
Heap after GC invocations=71 (full 0):
 PSYoungGen      total 412160K, used 4064K [0x00000000e6800000, 0x0000000100000000, 0x0000000100000000)
  eden space 406528K, 0% used [0x00000000e6800000,0x00000000e6800000,0x00000000ff500000)
  from space 5632K, 72% used [0x00000000ff500000,0x00000000ff8f8000,0x00000000ffa80000)
  to   space 5632K, 0% used [0x00000000ffa80000,0x00000000ffa80000,0x0000000100000000)
 ParOldGen       total 704512K, used 134840K [0x00000000bb800000, 0x00000000e6800000, 0x00000000e6800000)
  object space 704512K, 19% used [0x00000000bb800000,0x00000000c3bae368,0x00000000e6800000)
 Metaspace       used 54027K, capacity 57250K, committed 57600K, reserved 1099776K
  class space    used 6510K, capacity 7063K, committed 7168K, reserved 1048576K
}
{Heap before GC invocations=72 (full 0):
 PSYoungGen      total 412160K, used 410592K [0x00000000e6800000, 0x0000000100000000, 0x0000000100000000)
  eden space 406528K, 100% used [0x00000000e6800000,0x00000000ff500000,0x00000000ff500000)
  from space 5632K, 72% used [0x00000000ff500000,0x00000000ff8f8000,0x00000000ffa80000)
  to   space 5632K, 0% used [0x00000000ffa80000,0x00000000ffa80000,0x0000000100000000)
 ParOldGen       total 704512K, used 134840K [0x00000000bb800000, 0x00000000e6800000, 0x00000000e6800000)
  object space 704512K, 19% used [0x00000000bb800000,0x00000000c3bae368,0x00000000e6800000)
 Metaspace       used 54028K, capacity 57250K, committed 57600K, reserved 1099776K
  class space    used 6510K, capacity 7063K, committed 7168K, reserved 1048576K
2023-08-17T21:04:26.732+0800: 5110.725: [GC (Allocation Failure) [PSYoungGen: 410592K->4320K(412160K)] 545432K->139224K(1116672K), 0.0102114 secs] [Times: user=0.03 sys=0.00, real=0.01 secs] 
Heap after GC invocations=72 (full 0):
 PSYoungGen      total 412160K, used 4320K [0x00000000e6800000, 0x0000000100000000, 0x0000000100000000)
  eden space 406528K, 0% used [0x00000000e6800000,0x00000000e6800000,0x00000000ff500000)
  from space 5632K, 76% used [0x00000000ffa80000,0x00000000ffeb8000,0x0000000100000000)
  to   space 5632K, 0% used [0x00000000ff500000,0x00000000ff500000,0x00000000ffa80000)
 ParOldGen       total 704512K, used 134904K [0x00000000bb800000, 0x00000000e6800000, 0x00000000e6800000)
  object space 704512K, 19% used [0x00000000bb800000,0x00000000c3bbe368,0x00000000e6800000)
 Metaspace       used 54028K, capacity 57250K, committed 57600K, reserved 1099776K
  class space    used 6510K, capacity 7063K, committed 7168K, reserved 1048576K
}
{Heap before GC invocations=73 (full 0):
 PSYoungGen      total 412160K, used 410848K [0x00000000e6800000, 0x0000000100000000, 0x0000000100000000)
  eden space 406528K, 100% used [0x00000000e6800000,0x00000000ff500000,0x00000000ff500000)
  from space 5632K, 76% used [0x00000000ffa80000,0x00000000ffeb8000,0x0000000100000000)
  to   space 5632K, 0% used [0x00000000ff500000,0x00000000ff500000,0x00000000ffa80000)
 ParOldGen       total 704512K, used 134904K [0x00000000bb800000, 0x00000000e6800000, 0x00000000e6800000)
  object space 704512K, 19% used [0x00000000bb800000,0x00000000c3bbe368,0x00000000e6800000)
 Metaspace       used 54028K, capacity 57250K, committed 57600K, reserved 1099776K
  class space    used 6510K, capacity 7063K, committed 7168K, reserved 1048576K
2023-08-17T21:04:29.154+0800: 5113.147: [GC (Allocation Failure) [PSYoungGen: 410848K->4320K(412160K)] 545752K->139536K(1116672K), 0.0089950 secs] [Times: user=0.03 sys=0.00, real=0.01 secs] 
Heap after GC invocations=73 (full 0):
 PSYoungGen      total 412160K, used 4320K [0x00000000e6800000, 0x0000000100000000, 0x0000000100000000)
  eden space 406528K, 0% used [0x00000000e6800000,0x00000000e6800000,0x00000000ff500000)
  from space 5632K, 76% used [0x00000000ff500000,0x00000000ff938000,0x00000000ffa80000)
  to   space 5632K, 0% used [0x00000000ffa80000,0x00000000ffa80000,0x0000000100000000)
 ParOldGen       total 704512K, used 135216K [0x00000000bb800000, 0x00000000e6800000, 0x00000000e6800000)
  object space 704512K, 19% used [0x00000000bb800000,0x00000000c3c0c368,0x00000000e6800000)
 Metaspace       used 54028K, capacity 57250K, committed 57600K, reserved 1099776K
  class space    used 6510K, capacity 7063K, committed 7168K, reserved 1048576K
}
{Heap before GC invocations=74 (full 0):
 PSYoungGen      total 412160K, used 410848K [0x00000000e6800000, 0x0000000100000000, 0x0000000100000000)
  eden space 406528K, 100% used [0x00000000e6800000,0x00000000ff500000,0x00000000ff500000)
  from space 5632K, 76% used [0x00000000ff500000,0x00000000ff938000,0x00000000ffa80000)
  to   space 5632K, 0% used [0x00000000ffa80000,0x00000000ffa80000,0x0000000100000000)
 ParOldGen       total 704512K, used 135216K [0x00000000bb800000, 0x00000000e6800000, 0x00000000e6800000)
  object space 704512K, 19% used [0x00000000bb800000,0x00000000c3c0c368,0x00000000e6800000)
 Metaspace       used 54028K, capacity 57250K, committed 57600K, reserved 1099776K
  class space    used 6510K, capacity 7063K, committed 7168K, reserved 1048576K
2023-08-17T21:04:31.617+0800: 5115.610: [GC (Allocation Failure) [PSYoungGen: 410848K->4320K(412160K)] 546064K->139848K(1116672K), 0.0094349 secs] [Times: user=0.04 sys=0.00, real=0.01 secs] 
Heap after GC invocations=74 (full 0):
 PSYoungGen      total 412160K, used 4320K [0x00000000e6800000, 0x0000000100000000, 0x0000000100000000)
  eden space 406528K, 0% used [0x00000000e6800000,0x00000000e6800000,0x00000000ff500000)
  from space 5632K, 76% used [0x00000000ffa80000,0x00000000ffeb8000,0x0000000100000000)
  to   space 5632K, 0% used [0x00000000ff500000,0x00000000ff500000,0x00000000ffa80000)
 ParOldGen       total 704512K, used 135528K [0x00000000bb800000, 0x00000000e6800000, 0x00000000e6800000)
  object space 704512K, 19% used [0x00000000bb800000,0x00000000c3c5a368,0x00000000e6800000)
 Metaspace       used 54028K, capacity 57250K, committed 57600K, reserved 1099776K
  class space    used 6510K, capacity 7063K, committed 7168K, reserved 1048576K
}
{Heap before GC invocations=75 (full 0):
 PSYoungGen      total 412160K, used 410844K [0x00000000e6800000, 0x0000000100000000, 0x0000000100000000)
  eden space 406528K, 99% used [0x00000000e6800000,0x00000000ff4ff350,0x00000000ff500000)
  from space 5632K, 76% used [0x00000000ffa80000,0x00000000ffeb8000,0x0000000100000000)
  to   space 5632K, 0% used [0x00000000ff500000,0x00000000ff500000,0x00000000ffa80000)
 ParOldGen       total 704512K, used 135528K [0x00000000bb800000, 0x00000000e6800000, 0x00000000e6800000)
  object space 704512K, 19% used [0x00000000bb800000,0x00000000c3c5a368,0x00000000e6800000)
 Metaspace       used 54028K, capacity 57250K, committed 57600K, reserved 1099776K
  class space    used 6510K, capacity 7063K, committed 7168K, reserved 1048576K
2023-08-17T21:04:34.097+0800: 5118.090: [GC (Allocation Failure) [PSYoungGen: 410844K->4256K(412160K)] 546373K->140088K(1116672K), 0.0089967 secs] [Times: user=0.03 sys=0.00, real=0.01 secs] 
Heap after GC invocations=75 (full 0):
 PSYoungGen      total 412160K, used 4256K [0x00000000e6800000, 0x0000000100000000, 0x0000000100000000)
  eden space 406528K, 0% used [0x00000000e6800000,0x00000000e6800000,0x00000000ff500000)
  from space 5632K, 75% used [0x00000000ff500000,0x00000000ff928000,0x00000000ffa80000)
  to   space 5120K, 0% used [0x00000000ffb00000,0x00000000ffb00000,0x0000000100000000)
 ParOldGen       total 704512K, used 135832K [0x00000000bb800000, 0x00000000e6800000, 0x00000000e6800000)
  object space 704512K, 19% used [0x00000000bb800000,0x00000000c3ca6368,0x00000000e6800000)
 Metaspace       used 54028K, capacity 57250K, committed 57600K, reserved 1099776K
  class space    used 6510K, capacity 7063K, committed 7168K, reserved 1048576K
}
{Heap before GC invocations=76 (full 0):
 PSYoungGen      total 412160K, used 410784K [0x00000000e6800000, 0x0000000100000000, 0x0000000100000000)
  eden space 406528K, 100% used [0x00000000e6800000,0x00000000ff500000,0x00000000ff500000)
  from space 5632K, 75% used [0x00000000ff500000,0x00000000ff928000,0x00000000ffa80000)
  to   space 5120K, 0% used [0x00000000ffb00000,0x00000000ffb00000,0x0000000100000000)
 ParOldGen       total 704512K, used 135832K [0x00000000bb800000, 0x00000000e6800000, 0x00000000e6800000)
  object space 704512K, 19% used [0x00000000bb800000,0x00000000c3ca6368,0x00000000e6800000)
 Metaspace       used 54028K, capacity 57250K, committed 57600K, reserved 1099776K
  class space    used 6510K, capacity 7063K, committed 7168K, reserved 1048576K
2023-08-17T21:04:36.586+0800: 5120.579: [GC (Allocation Failure) [PSYoungGen: 410784K->4032K(412672K)] 546616K->140152K(1117184K), 0.0086116 secs] [Times: user=0.03 sys=0.00, real=0.01 secs] 
Heap after GC invocations=76 (full 0):
 PSYoungGen      total 412672K, used 4032K [0x00000000e6800000, 0x0000000100000000, 0x0000000100000000)
  eden space 407552K, 0% used [0x00000000e6800000,0x00000000e6800000,0x00000000ff600000)
  from space 5120K, 78% used [0x00000000ffb00000,0x00000000ffef0000,0x0000000100000000)
  to   space 5120K, 0% used [0x00000000ff600000,0x00000000ff600000,0x00000000ffb00000)
 ParOldGen       total 704512K, used 136120K [0x00000000bb800000, 0x00000000e6800000, 0x00000000e6800000)
  object space 704512K, 19% used [0x00000000bb800000,0x00000000c3cee388,0x00000000e6800000)
 Metaspace       used 54028K, capacity 57250K, committed 57600K, reserved 1099776K
  class space    used 6510K, capacity 7063K, committed 7168K, reserved 1048576K
}
{Heap before GC invocations=77 (full 0):
 PSYoungGen      total 412672K, used 411584K [0x00000000e6800000, 0x0000000100000000, 0x0000000100000000)
  eden space 407552K, 100% used [0x00000000e6800000,0x00000000ff600000,0x00000000ff600000)
  from space 5120K, 78% used [0x00000000ffb00000,0x00000000ffef0000,0x0000000100000000)
  to   space 5120K, 0% used [0x00000000ff600000,0x00000000ff600000,0x00000000ffb00000)
 ParOldGen       total 704512K, used 136120K [0x00000000bb800000, 0x00000000e6800000, 0x00000000e6800000)
  object space 704512K, 19% used [0x00000000bb800000,0x00000000c3cee388,0x00000000e6800000)
 Metaspace       used 54029K, capacity 57250K, committed 57600K, reserved 1099776K
  class space    used 6510K, capacity 7063K, committed 7168K, reserved 1048576K
2023-08-17T21:04:39.084+0800: 5123.077: [GC (Allocation Failure) [PSYoungGen: 411584K->4000K(412672K)] 547704K->140144K(1117184K), 0.0100954 secs] [Times: user=0.03 sys=0.00, real=0.01 secs] 
Heap after GC invocations=77 (full 0):
 PSYoungGen      total 412672K, used 4000K [0x00000000e6800000, 0x0000000100000000, 0x0000000100000000)
  eden space 407552K, 0% used [0x00000000e6800000,0x00000000e6800000,0x00000000ff600000)
  from space 5120K, 78% used [0x00000000ff600000,0x00000000ff9e8000,0x00000000ffb00000)
  to   space 5120K, 0% used [0x00000000ffb00000,0x00000000ffb00000,0x0000000100000000)
 ParOldGen       total 704512K, used 136144K [0x00000000bb800000, 0x00000000e6800000, 0x00000000e6800000)
  object space 704512K, 19% used [0x00000000bb800000,0x00000000c3cf4388,0x00000000e6800000)
 Metaspace       used 54029K, capacity 57250K, committed 57600K, reserved 1099776K
  class space    used 6510K, capacity 7063K, committed 7168K, reserved 1048576K
}
{Heap before GC invocations=78 (full 0):
 PSYoungGen      total 412672K, used 411552K [0x00000000e6800000, 0x0000000100000000, 0x0000000100000000)
  eden space 407552K, 100% used [0x00000000e6800000,0x00000000ff600000,0x00000000ff600000)
  from space 5120K, 78% used [0x00000000ff600000,0x00000000ff9e8000,0x00000000ffb00000)
  to   space 5120K, 0% used [0x00000000ffb00000,0x00000000ffb00000,0x0000000100000000)
 ParOldGen       total 704512K, used 136144K [0x00000000bb800000, 0x00000000e6800000, 0x00000000e6800000)
  object space 704512K, 19% used [0x00000000bb800000,0x00000000c3cf4388,0x00000000e6800000)
 Metaspace       used 54029K, capacity 57250K, committed 57600K, reserved 1099776K
  class space    used 6510K, capacity 7063K, committed 7168K, reserved 1048576K
2023-08-17T21:04:41.585+0800: 5125.578: [GC (Allocation Failure) [PSYoungGen: 411552K->4064K(412672K)] 547696K->140232K(1117184K), 0.0099243 secs] [Times: user=0.03 sys=0.00, real=0.01 secs] 
Heap after GC invocations=78 (full 0):
 PSYoungGen      total 412672K, used 4064K [0x00000000e6800000, 0x0000000100000000, 0x0000000100000000)
  eden space 407552K, 0% used [0x00000000e6800000,0x00000000e6800000,0x00000000ff600000)
  from space 5120K, 79% used [0x00000000ffb00000,0x00000000ffef8000,0x0000000100000000)
  to   space 5120K, 0% used [0x00000000ff600000,0x00000000ff600000,0x00000000ffb00000)
 ParOldGen       total 704512K, used 136168K [0x00000000bb800000, 0x00000000e6800000, 0x00000000e6800000)
  object space 704512K, 19% used [0x00000000bb800000,0x00000000c3cfa388,0x00000000e6800000)
 Metaspace       used 54029K, capacity 57250K, committed 57600K, reserved 1099776K
  class space    used 6510K, capacity 7063K, committed 7168K, reserved 1048576K
}
{Heap before GC invocations=79 (full 0):
 PSYoungGen      total 412672K, used 411616K [0x00000000e6800000, 0x0000000100000000, 0x0000000100000000)
  eden space 407552K, 100% used [0x00000000e6800000,0x00000000ff600000,0x00000000ff600000)
  from space 5120K, 79% used [0x00000000ffb00000,0x00000000ffef8000,0x0000000100000000)
  to   space 5120K, 0% used [0x00000000ff600000,0x00000000ff600000,0x00000000ffb00000)
 ParOldGen       total 704512K, used 136168K [0x00000000bb800000, 0x00000000e6800000, 0x00000000e6800000)
  object space 704512K, 19% used [0x00000000bb800000,0x00000000c3cfa388,0x00000000e6800000)
 Metaspace       used 54029K, capacity 57250K, committed 57600K, reserved 1099776K
  class space    used 6510K, capacity 7063K, committed 7168K, reserved 1048576K
2023-08-17T21:04:44.012+0800: 5128.006: [GC (Allocation Failure) [PSYoungGen: 411616K->4000K(412672K)] 547784K->140200K(1117184K), 0.0084773 secs] [Times: user=0.03 sys=0.00, real=0.01 secs] 
Heap after GC invocations=79 (full 0):
 PSYoungGen      total 412672K, used 4000K [0x00000000e6800000, 0x0000000100000000, 0x0000000100000000)
  eden space 407552K, 0% used [0x00000000e6800000,0x00000000e6800000,0x00000000ff600000)
  from space 5120K, 78% used [0x00000000ff600000,0x00000000ff9e8000,0x00000000ffb00000)
  to   space 5120K, 0% used [0x00000000ffb00000,0x00000000ffb00000,0x0000000100000000)
 ParOldGen       total 704512K, used 136200K [0x00000000bb800000, 0x00000000e6800000, 0x00000000e6800000)
  object space 704512K, 19% used [0x00000000bb800000,0x00000000c3d02388,0x00000000e6800000)
 Metaspace       used 54029K, capacity 57250K, committed 57600K, reserved 1099776K
  class space    used 6510K, capacity 7063K, committed 7168K, reserved 1048576K
}
{Heap before GC invocations=80 (full 0):
 PSYoungGen      total 412672K, used 411552K [0x00000000e6800000, 0x0000000100000000, 0x0000000100000000)
  eden space 407552K, 100% used [0x00000000e6800000,0x00000000ff600000,0x00000000ff600000)
  from space 5120K, 78% used [0x00000000ff600000,0x00000000ff9e8000,0x00000000ffb00000)
  to   space 5120K, 0% used [0x00000000ffb00000,0x00000000ffb00000,0x0000000100000000)
 ParOldGen       total 704512K, used 136200K [0x00000000bb800000, 0x00000000e6800000, 0x00000000e6800000)
  object space 704512K, 19% used [0x00000000bb800000,0x00000000c3d02388,0x00000000e6800000)
 Metaspace       used 54029K, capacity 57250K, committed 57600K, reserved 1099776K
  class space    used 6510K, capacity 7063K, committed 7168K, reserved 1048576K
2023-08-17T21:04:46.509+0800: 5130.502: [GC (Allocation Failure) [PSYoungGen: 411552K->4032K(412672K)] 547752K->140232K(1117184K), 0.0096673 secs] [Times: user=0.02 sys=0.00, real=0.01 secs] 
Heap after GC invocations=80 (full 0):
 PSYoungGen      total 412672K, used 4032K [0x00000000e6800000, 0x0000000100000000, 0x0000000100000000)
  eden space 407552K, 0% used [0x00000000e6800000,0x00000000e6800000,0x00000000ff600000)
  from space 5120K, 78% used [0x00000000ffb00000,0x00000000ffef0000,0x0000000100000000)
  to   space 5120K, 0% used [0x00000000ff600000,0x00000000ff600000,0x00000000ffb00000)
 ParOldGen       total 704512K, used 136200K [0x00000000bb800000, 0x00000000e6800000, 0x00000000e6800000)
  object space 704512K, 19% used [0x00000000bb800000,0x00000000c3d02388,0x00000000e6800000)
 Metaspace       used 54029K, capacity 57250K, committed 57600K, reserved 1099776K
  class space    used 6510K, capacity 7063K, committed 7168K, reserved 1048576K
}
{Heap before GC invocations=81 (full 0):
 PSYoungGen      total 412672K, used 411584K [0x00000000e6800000, 0x0000000100000000, 0x0000000100000000)
  eden space 407552K, 100% used [0x00000000e6800000,0x00000000ff600000,0x00000000ff600000)
  from space 5120K, 78% used [0x00000000ffb00000,0x00000000ffef0000,0x0000000100000000)
  to   space 5120K, 0% used [0x00000000ff600000,0x00000000ff600000,0x00000000ffb00000)
 ParOldGen       total 704512K, used 136200K [0x00000000bb800000, 0x00000000e6800000, 0x00000000e6800000)
  object space 704512K, 19% used [0x00000000bb800000,0x00000000c3d02388,0x00000000e6800000)
 Metaspace       used 54029K, capacity 57250K, committed 57600K, reserved 1099776K
  class space    used 6510K, capacity 7063K, committed 7168K, reserved 1048576K
2023-08-17T21:04:49.006+0800: 5132.999: [GC (Allocation Failure) [PSYoungGen: 411584K->4000K(412672K)] 547784K->140232K(1117184K), 0.0085705 secs] [Times: user=0.03 sys=0.00, real=0.01 secs] 
Heap after GC invocations=81 (full 0):
 PSYoungGen      total 412672K, used 4000K [0x00000000e6800000, 0x0000000100000000, 0x0000000100000000)
  eden space 407552K, 0% used [0x00000000e6800000,0x00000000e6800000,0x00000000ff600000)
  from space 5120K, 78% used [0x00000000ff600000,0x00000000ff9e8000,0x00000000ffb00000)
  to   space 5120K, 0% used [0x00000000ffb00000,0x00000000ffb00000,0x0000000100000000)
 ParOldGen       total 704512K, used 136232K [0x00000000bb800000, 0x00000000e6800000, 0x00000000e6800000)
  object space 704512K, 19% used [0x00000000bb800000,0x00000000c3d0a388,0x00000000e6800000)
 Metaspace       used 54029K, capacity 57250K, committed 57600K, reserved 1099776K
  class space    used 6510K, capacity 7063K, committed 7168K, reserved 1048576K
}
{Heap before GC invocations=82 (full 0):
 PSYoungGen      total 412672K, used 411552K [0x00000000e6800000, 0x0000000100000000, 0x0000000100000000)
  eden space 407552K, 100% used [0x00000000e6800000,0x00000000ff600000,0x00000000ff600000)
  from space 5120K, 78% used [0x00000000ff600000,0x00000000ff9e8000,0x00000000ffb00000)
  to   space 5120K, 0% used [0x00000000ffb00000,0x00000000ffb00000,0x0000000100000000)
 ParOldGen       total 704512K, used 136232K [0x00000000bb800000, 0x00000000e6800000, 0x00000000e6800000)
  object space 704512K, 19% used [0x00000000bb800000,0x00000000c3d0a388,0x00000000e6800000)
 Metaspace       used 54029K, capacity 57250K, committed 57600K, reserved 1099776K
  class space    used 6510K, capacity 7063K, committed 7168K, reserved 1048576K
2023-08-17T21:04:51.506+0800: 5135.499: [GC (Allocation Failure) [PSYoungGen: 411552K->4064K(412672K)] 547784K->140320K(1117184K), 0.0098200 secs] [Times: user=0.02 sys=0.00, real=0.01 secs] 
Heap after GC invocations=82 (full 0):
 PSYoungGen      total 412672K, used 4064K [0x00000000e6800000, 0x0000000100000000, 0x0000000100000000)
  eden space 407552K, 0% used [0x00000000e6800000,0x00000000e6800000,0x00000000ff600000)
  from space 5120K, 79% used [0x00000000ffb00000,0x00000000ffef8000,0x0000000100000000)
  to   space 5120K, 0% used [0x00000000ff600000,0x00000000ff600000,0x00000000ffb00000)
 ParOldGen       total 704512K, used 136256K [0x00000000bb800000, 0x00000000e6800000, 0x00000000e6800000)
  object space 704512K, 19% used [0x00000000bb800000,0x00000000c3d10388,0x00000000e6800000)
 Metaspace       used 54029K, capacity 57250K, committed 57600K, reserved 1099776K
  class space    used 6510K, capacity 7063K, committed 7168K, reserved 1048576K
}
{Heap before GC invocations=83 (full 0):
 PSYoungGen      total 412672K, used 411616K [0x00000000e6800000, 0x0000000100000000, 0x0000000100000000)
  eden space 407552K, 100% used [0x00000000e6800000,0x00000000ff600000,0x00000000ff600000)
  from space 5120K, 79% used [0x00000000ffb00000,0x00000000ffef8000,0x0000000100000000)
  to   space 5120K, 0% used [0x00000000ff600000,0x00000000ff600000,0x00000000ffb00000)
 ParOldGen       total 704512K, used 136256K [0x00000000bb800000, 0x00000000e6800000, 0x00000000e6800000)
  object space 704512K, 19% used [0x00000000bb800000,0x00000000c3d10388,0x00000000e6800000)
 Metaspace       used 54029K, capacity 57250K, committed 57600K, reserved 1099776K
  class space    used 6510K, capacity 7063K, committed 7168K, reserved 1048576K
2023-08-17T21:04:53.965+0800: 5137.958: [GC (Allocation Failure) [PSYoungGen: 411616K->4032K(412672K)] 547872K->140320K(1117184K), 0.0089459 secs] [Times: user=0.03 sys=0.00, real=0.01 secs] 
Heap after GC invocations=83 (full 0):
 PSYoungGen      total 412672K, used 4032K [0x00000000e6800000, 0x0000000100000000, 0x0000000100000000)
  eden space 407552K, 0% used [0x00000000e6800000,0x00000000e6800000,0x00000000ff600000)
  from space 5120K, 78% used [0x00000000ff600000,0x00000000ff9f0000,0x00000000ffb00000)
  to   space 5120K, 0% used [0x00000000ffb00000,0x00000000ffb00000,0x0000000100000000)
 ParOldGen       total 704512K, used 136288K [0x00000000bb800000, 0x00000000e6800000, 0x00000000e6800000)
  object space 704512K, 19% used [0x00000000bb800000,0x00000000c3d18388,0x00000000e6800000)
 Metaspace       used 54029K, capacity 57250K, committed 57600K, reserved 1099776K
  class space    used 6510K, capacity 7063K, committed 7168K, reserved 1048576K
}
{Heap before GC invocations=84 (full 0):
 PSYoungGen      total 412672K, used 411584K [0x00000000e6800000, 0x0000000100000000, 0x0000000100000000)
  eden space 407552K, 100% used [0x00000000e6800000,0x00000000ff600000,0x00000000ff600000)
  from space 5120K, 78% used [0x00000000ff600000,0x00000000ff9f0000,0x00000000ffb00000)
  to   space 5120K, 0% used [0x00000000ffb00000,0x00000000ffb00000,0x0000000100000000)
 ParOldGen       total 704512K, used 136288K [0x00000000bb800000, 0x00000000e6800000, 0x00000000e6800000)
  object space 704512K, 19% used [0x00000000bb800000,0x00000000c3d18388,0x00000000e6800000)
 Metaspace       used 54029K, capacity 57250K, committed 57600K, reserved 1099776K
  class space    used 6510K, capacity 7063K, committed 7168K, reserved 1048576K
2023-08-17T21:04:56.383+0800: 5140.376: [GC (Allocation Failure) [PSYoungGen: 411584K->4096K(413184K)] 547872K->140408K(1117696K), 0.0086214 secs] [Times: user=0.03 sys=0.00, real=0.01 secs] 
Heap after GC invocations=84 (full 0):
 PSYoungGen      total 413184K, used 4096K [0x00000000e6800000, 0x0000000100000000, 0x0000000100000000)
  eden space 408064K, 0% used [0x00000000e6800000,0x00000000e6800000,0x00000000ff680000)
  from space 5120K, 80% used [0x00000000ffb00000,0x00000000fff00000,0x0000000100000000)
  to   space 4608K, 0% used [0x00000000ff680000,0x00000000ff680000,0x00000000ffb00000)
 ParOldGen       total 704512K, used 136312K [0x00000000bb800000, 0x00000000e6800000, 0x00000000e6800000)
  object space 704512K, 19% used [0x00000000bb800000,0x00000000c3d1e388,0x00000000e6800000)
 Metaspace       used 54029K, capacity 57250K, committed 57600K, reserved 1099776K
  class space    used 6510K, capacity 7063K, committed 7168K, reserved 1048576K
}
{Heap before GC invocations=85 (full 0):
 PSYoungGen      total 413184K, used 412160K [0x00000000e6800000, 0x0000000100000000, 0x0000000100000000)
  eden space 408064K, 100% used [0x00000000e6800000,0x00000000ff680000,0x00000000ff680000)
  from space 5120K, 80% used [0x00000000ffb00000,0x00000000fff00000,0x0000000100000000)
  to   space 4608K, 0% used [0x00000000ff680000,0x00000000ff680000,0x00000000ffb00000)
 ParOldGen       total 704512K, used 136312K [0x00000000bb800000, 0x00000000e6800000, 0x00000000e6800000)
  object space 704512K, 19% used [0x00000000bb800000,0x00000000c3d1e388,0x00000000e6800000)
 Metaspace       used 54029K, capacity 57250K, committed 57600K, reserved 1099776K
  class space    used 6510K, capacity 7063K, committed 7168K, reserved 1048576K
2023-08-17T21:04:58.866+0800: 5142.859: [GC (Allocation Failure) [PSYoungGen: 412160K->4032K(412672K)] 548472K->140368K(1117184K), 0.0083969 secs] [Times: user=0.03 sys=0.00, real=0.01 secs] 
Heap after GC invocations=85 (full 0):
 PSYoungGen      total 412672K, used 4032K [0x00000000e6800000, 0x0000000100000000, 0x0000000100000000)
  eden space 408064K, 0% used [0x00000000e6800000,0x00000000e6800000,0x00000000ff680000)
  from space 4608K, 87% used [0x00000000ff680000,0x00000000ffa70000,0x00000000ffb00000)
  to   space 4608K, 0% used [0x00000000ffb80000,0x00000000ffb80000,0x0000000100000000)
 ParOldGen       total 704512K, used 136336K [0x00000000bb800000, 0x00000000e6800000, 0x00000000e6800000)
  object space 704512K, 19% used [0x00000000bb800000,0x00000000c3d24388,0x00000000e6800000)
 Metaspace       used 54029K, capacity 57250K, committed 57600K, reserved 1099776K
  class space    used 6510K, capacity 7063K, committed 7168K, reserved 1048576K
}
{Heap before GC invocations=86 (full 0):
 PSYoungGen      total 412672K, used 412096K [0x00000000e6800000, 0x0000000100000000, 0x0000000100000000)
  eden space 408064K, 100% used [0x00000000e6800000,0x00000000ff680000,0x00000000ff680000)
  from space 4608K, 87% used [0x00000000ff680000,0x00000000ffa70000,0x00000000ffb00000)
  to   space 4608K, 0% used [0x00000000ffb80000,0x00000000ffb80000,0x0000000100000000)
 ParOldGen       total 704512K, used 136336K [0x00000000bb800000, 0x00000000e6800000, 0x00000000e6800000)
  object space 704512K, 19% used [0x00000000bb800000,0x00000000c3d24388,0x00000000e6800000)
 Metaspace       used 54029K, capacity 57250K, committed 57600K, reserved 1099776K
  class space    used 6510K, capacity 7063K, committed 7168K, reserved 1048576K
2023-08-17T21:05:01.370+0800: 5145.363: [GC (Allocation Failure) [PSYoungGen: 412096K->4064K(413184K)] 548432K->140416K(1117696K), 0.0098762 secs] [Times: user=0.03 sys=0.00, real=0.01 secs] 
Heap after GC invocations=86 (full 0):
 PSYoungGen      total 413184K, used 4064K [0x00000000e6800000, 0x0000000100000000, 0x0000000100000000)
  eden space 408576K, 0% used [0x00000000e6800000,0x00000000e6800000,0x00000000ff700000)
  from space 4608K, 88% used [0x00000000ffb80000,0x00000000fff78000,0x0000000100000000)
  to   space 4608K, 0% used [0x00000000ff700000,0x00000000ff700000,0x00000000ffb80000)
 ParOldGen       total 704512K, used 136352K [0x00000000bb800000, 0x00000000e6800000, 0x00000000e6800000)
  object space 704512K, 19% used [0x00000000bb800000,0x00000000c3d28388,0x00000000e6800000)
 Metaspace       used 54029K, capacity 57250K, committed 57600K, reserved 1099776K
  class space    used 6510K, capacity 7063K, committed 7168K, reserved 1048576K
}
{Heap before GC invocations=87 (full 0):
 PSYoungGen      total 413184K, used 412640K [0x00000000e6800000, 0x0000000100000000, 0x0000000100000000)
  eden space 408576K, 100% used [0x00000000e6800000,0x00000000ff700000,0x00000000ff700000)
  from space 4608K, 88% used [0x00000000ffb80000,0x00000000fff78000,0x0000000100000000)
  to   space 4608K, 0% used [0x00000000ff700000,0x00000000ff700000,0x00000000ffb80000)
 ParOldGen       total 704512K, used 136352K [0x00000000bb800000, 0x00000000e6800000, 0x00000000e6800000)
  object space 704512K, 19% used [0x00000000bb800000,0x00000000c3d28388,0x00000000e6800000)
 Metaspace       used 54029K, capacity 57250K, committed 57600K, reserved 1099776K
  class space    used 6510K, capacity 7063K, committed 7168K, reserved 1048576K
2023-08-17T21:05:03.874+0800: 5147.867: [GC (Allocation Failure) [PSYoungGen: 412640K->4000K(413184K)] 548992K->140376K(1117696K), 0.0095848 secs] [Times: user=0.02 sys=0.00, real=0.01 secs] 
Heap after GC invocations=87 (full 0):
 PSYoungGen      total 413184K, used 4000K [0x00000000e6800000, 0x0000000100000000, 0x0000000100000000)
  eden space 408576K, 0% used [0x00000000e6800000,0x00000000e6800000,0x00000000ff700000)
  from space 4608K, 86% used [0x00000000ff700000,0x00000000ffae8000,0x00000000ffb80000)
  to   space 4608K, 0% used [0x00000000ffb80000,0x00000000ffb80000,0x0000000100000000)
 ParOldGen       total 704512K, used 136376K [0x00000000bb800000, 0x00000000e6800000, 0x00000000e6800000)
  object space 704512K, 19% used [0x00000000bb800000,0x00000000c3d2e388,0x00000000e6800000)
 Metaspace       used 54029K, capacity 57250K, committed 57600K, reserved 1099776K
  class space    used 6510K, capacity 7063K, committed 7168K, reserved 1048576K
}
{Heap before GC invocations=88 (full 0):
 PSYoungGen      total 413184K, used 412576K [0x00000000e6800000, 0x0000000100000000, 0x0000000100000000)
  eden space 408576K, 100% used [0x00000000e6800000,0x00000000ff700000,0x00000000ff700000)
  from space 4608K, 86% used [0x00000000ff700000,0x00000000ffae8000,0x00000000ffb80000)
  to   space 4608K, 0% used [0x00000000ffb80000,0x00000000ffb80000,0x0000000100000000)
 ParOldGen       total 704512K, used 136376K [0x00000000bb800000, 0x00000000e6800000, 0x00000000e6800000)
  object space 704512K, 19% used [0x00000000bb800000,0x00000000c3d2e388,0x00000000e6800000)
 Metaspace       used 54030K, capacity 57250K, committed 57600K, reserved 1099776K
  class space    used 6510K, capacity 7063K, committed 7168K, reserved 1048576K
2023-08-17T21:05:06.378+0800: 5150.372: [GC (Allocation Failure) [PSYoungGen: 412576K->4096K(413184K)] 548952K->140504K(1117696K), 0.0090270 secs] [Times: user=0.03 sys=0.00, real=0.00 secs] 
Heap after GC invocations=88 (full 0):
 PSYoungGen      total 413184K, used 4096K [0x00000000e6800000, 0x0000000100000000, 0x0000000100000000)
  eden space 408576K, 0% used [0x00000000e6800000,0x00000000e6800000,0x00000000ff700000)
  from space 4608K, 88% used [0x00000000ffb80000,0x00000000fff80000,0x0000000100000000)
  to   space 4608K, 0% used [0x00000000ff700000,0x00000000ff700000,0x00000000ffb80000)
 ParOldGen       total 704512K, used 136408K [0x00000000bb800000, 0x00000000e6800000, 0x00000000e6800000)
  object space 704512K, 19% used [0x00000000bb800000,0x00000000c3d36388,0x00000000e6800000)
 Metaspace       used 54030K, capacity 57250K, committed 57600K, reserved 1099776K
  class space    used 6510K, capacity 7063K, committed 7168K, reserved 1048576K
}
{Heap before GC invocations=89 (full 0):
 PSYoungGen      total 413184K, used 412672K [0x00000000e6800000, 0x0000000100000000, 0x0000000100000000)
  eden space 408576K, 100% used [0x00000000e6800000,0x00000000ff700000,0x00000000ff700000)
  from space 4608K, 88% used [0x00000000ffb80000,0x00000000fff80000,0x0000000100000000)
  to   space 4608K, 0% used [0x00000000ff700000,0x00000000ff700000,0x00000000ffb80000)
 ParOldGen       total 704512K, used 136408K [0x00000000bb800000, 0x00000000e6800000, 0x00000000e6800000)
  object space 704512K, 19% used [0x00000000bb800000,0x00000000c3d36388,0x00000000e6800000)
 Metaspace       used 54031K, capacity 57250K, committed 57600K, reserved 1099776K
  class space    used 6510K, capacity 7063K, committed 7168K, reserved 1048576K
2023-08-17T21:05:08.789+0800: 5152.782: [GC (Allocation Failure) [PSYoungGen: 412672K->4000K(413184K)] 549080K->140432K(1117696K), 0.0084884 secs] [Times: user=0.03 sys=0.00, real=0.00 secs] 
Heap after GC invocations=89 (full 0):
 PSYoungGen      total 413184K, used 4000K [0x00000000e6800000, 0x0000000100000000, 0x0000000100000000)
  eden space 408576K, 0% used [0x00000000e6800000,0x00000000e6800000,0x00000000ff700000)
  from space 4608K, 86% used [0x00000000ff700000,0x00000000ffae8000,0x00000000ffb80000)
  to   space 4608K, 0% used [0x00000000ffb80000,0x00000000ffb80000,0x0000000100000000)
 ParOldGen       total 704512K, used 136432K [0x00000000bb800000, 0x00000000e6800000, 0x00000000e6800000)
  object space 704512K, 19% used [0x00000000bb800000,0x00000000c3d3c388,0x00000000e6800000)
 Metaspace       used 54031K, capacity 57250K, committed 57600K, reserved 1099776K
  class space    used 6510K, capacity 7063K, committed 7168K, reserved 1048576K
}
{Heap before GC invocations=90 (full 0):
 PSYoungGen      total 413184K, used 412576K [0x00000000e6800000, 0x0000000100000000, 0x0000000100000000)
  eden space 408576K, 100% used [0x00000000e6800000,0x00000000ff700000,0x00000000ff700000)
  from space 4608K, 86% used [0x00000000ff700000,0x00000000ffae8000,0x00000000ffb80000)
  to   space 4608K, 0% used [0x00000000ffb80000,0x00000000ffb80000,0x0000000100000000)
 ParOldGen       total 704512K, used 136432K [0x00000000bb800000, 0x00000000e6800000, 0x00000000e6800000)
  object space 704512K, 19% used [0x00000000bb800000,0x00000000c3d3c388,0x00000000e6800000)
 Metaspace       used 54031K, capacity 57250K, committed 57600K, reserved 1099776K
  class space    used 6510K, capacity 7063K, committed 7168K, reserved 1048576K
2023-08-17T21:05:11.292+0800: 5155.285: [GC (Allocation Failure) [PSYoungGen: 412576K->4032K(413184K)] 549008K->140488K(1117696K), 0.0086765 secs] [Times: user=0.04 sys=0.00, real=0.01 secs] 
Heap after GC invocations=90 (full 0):
 PSYoungGen      total 413184K, used 4032K [0x00000000e6800000, 0x0000000100000000, 0x0000000100000000)
  eden space 408576K, 0% used [0x00000000e6800000,0x00000000e6800000,0x00000000ff700000)
  from space 4608K, 87% used [0x00000000ffb80000,0x00000000fff70000,0x0000000100000000)
  to   space 4608K, 0% used [0x00000000ff700000,0x00000000ff700000,0x00000000ffb80000)
 ParOldGen       total 704512K, used 136456K [0x00000000bb800000, 0x00000000e6800000, 0x00000000e6800000)
  object space 704512K, 19% used [0x00000000bb800000,0x00000000c3d42388,0x00000000e6800000)
 Metaspace       used 54031K, capacity 57250K, committed 57600K, reserved 1099776K
  class space    used 6510K, capacity 7063K, committed 7168K, reserved 1048576K
}
{Heap before GC invocations=91 (full 0):
 PSYoungGen      total 413184K, used 412608K [0x00000000e6800000, 0x0000000100000000, 0x0000000100000000)
  eden space 408576K, 100% used [0x00000000e6800000,0x00000000ff700000,0x00000000ff700000)
  from space 4608K, 87% used [0x00000000ffb80000,0x00000000fff70000,0x0000000100000000)
  to   space 4608K, 0% used [0x00000000ff700000,0x00000000ff700000,0x00000000ffb80000)
 ParOldGen       total 704512K, used 136456K [0x00000000bb800000, 0x00000000e6800000, 0x00000000e6800000)
  object space 704512K, 19% used [0x00000000bb800000,0x00000000c3d42388,0x00000000e6800000)
 Metaspace       used 54031K, capacity 57250K, committed 57600K, reserved 1099776K
  class space    used 6510K, capacity 7063K, committed 7168K, reserved 1048576K
2023-08-17T21:05:13.734+0800: 5157.727: [GC (Allocation Failure) [PSYoungGen: 412608K->4000K(413184K)] 549064K->140488K(1117696K), 0.0083303 secs] [Times: user=0.04 sys=0.00, real=0.01 secs] 
Heap after GC invocations=91 (full 0):
 PSYoungGen      total 413184K, used 4000K [0x00000000e6800000, 0x0000000100000000, 0x0000000100000000)
  eden space 408576K, 0% used [0x00000000e6800000,0x00000000e6800000,0x00000000ff700000)
  from space 4608K, 86% used [0x00000000ff700000,0x00000000ffae8000,0x00000000ffb80000)
  to   space 4608K, 0% used [0x00000000ffb80000,0x00000000ffb80000,0x0000000100000000)
 ParOldGen       total 704512K, used 136488K [0x00000000bb800000, 0x00000000e6800000, 0x00000000e6800000)
  object space 704512K, 19% used [0x00000000bb800000,0x00000000c3d4a388,0x00000000e6800000)
 Metaspace       used 54031K, capacity 57250K, committed 57600K, reserved 1099776K
  class space    used 6510K, capacity 7063K, committed 7168K, reserved 1048576K
}
{Heap before GC invocations=92 (full 0):
 PSYoungGen      total 413184K, used 412576K [0x00000000e6800000, 0x0000000100000000, 0x0000000100000000)
  eden space 408576K, 100% used [0x00000000e6800000,0x00000000ff700000,0x00000000ff700000)
  from space 4608K, 86% used [0x00000000ff700000,0x00000000ffae8000,0x00000000ffb80000)
  to   space 4608K, 0% used [0x00000000ffb80000,0x00000000ffb80000,0x0000000100000000)
 ParOldGen       total 704512K, used 136488K [0x00000000bb800000, 0x00000000e6800000, 0x00000000e6800000)
  object space 704512K, 19% used [0x00000000bb800000,0x00000000c3d4a388,0x00000000e6800000)
 Metaspace       used 54031K, capacity 57250K, committed 57600K, reserved 1099776K
  class space    used 6510K, capacity 7063K, committed 7168K, reserved 1048576K
2023-08-17T21:05:16.238+0800: 5160.231: [GC (Allocation Failure) [PSYoungGen: 412576K->4064K(413184K)] 549064K->140568K(1117696K), 0.0085024 secs] [Times: user=0.03 sys=0.00, real=0.01 secs] 
Heap after GC invocations=92 (full 0):
 PSYoungGen      total 413184K, used 4064K [0x00000000e6800000, 0x0000000100000000, 0x0000000100000000)
  eden space 408576K, 0% used [0x00000000e6800000,0x00000000e6800000,0x00000000ff700000)
  from space 4608K, 88% used [0x00000000ffb80000,0x00000000fff78000,0x0000000100000000)
  to   space 4608K, 0% used [0x00000000ff700000,0x00000000ff700000,0x00000000ffb80000)
 ParOldGen       total 704512K, used 136504K [0x00000000bb800000, 0x00000000e6800000, 0x00000000e6800000)
  object space 704512K, 19% used [0x00000000bb800000,0x00000000c3d4e388,0x00000000e6800000)
 Metaspace       used 54031K, capacity 57250K, committed 57600K, reserved 1099776K
  class space    used 6510K, capacity 7063K, committed 7168K, reserved 1048576K
}
{Heap before GC invocations=93 (full 0):
 PSYoungGen      total 413184K, used 412640K [0x00000000e6800000, 0x0000000100000000, 0x0000000100000000)
  eden space 408576K, 100% used [0x00000000e6800000,0x00000000ff700000,0x00000000ff700000)
  from space 4608K, 88% used [0x00000000ffb80000,0x00000000fff78000,0x0000000100000000)
  to   space 4608K, 0% used [0x00000000ff700000,0x00000000ff700000,0x00000000ffb80000)
 ParOldGen       total 704512K, used 136504K [0x00000000bb800000, 0x00000000e6800000, 0x00000000e6800000)
  object space 704512K, 19% used [0x00000000bb800000,0x00000000c3d4e388,0x00000000e6800000)
 Metaspace       used 54031K, capacity 57250K, committed 57600K, reserved 1099776K
  class space    used 6510K, capacity 7063K, committed 7168K, reserved 1048576K
2023-08-17T21:05:18.740+0800: 5162.733: [GC (Allocation Failure) [PSYoungGen: 412640K->4000K(413184K)] 549144K->140536K(1117696K), 0.0084368 secs] [Times: user=0.03 sys=0.00, real=0.01 secs] 
Heap after GC invocations=93 (full 0):
 PSYoungGen      total 413184K, used 4000K [0x00000000e6800000, 0x0000000100000000, 0x0000000100000000)
  eden space 408576K, 0% used [0x00000000e6800000,0x00000000e6800000,0x00000000ff700000)
  from space 4608K, 86% used [0x00000000ff700000,0x00000000ffae8000,0x00000000ffb80000)
  to   space 4608K, 0% used [0x00000000ffb80000,0x00000000ffb80000,0x0000000100000000)
 ParOldGen       total 704512K, used 136536K [0x00000000bb800000, 0x00000000e6800000, 0x00000000e6800000)
  object space 704512K, 19% used [0x00000000bb800000,0x00000000c3d56388,0x00000000e6800000)
 Metaspace       used 54031K, capacity 57250K, committed 57600K, reserved 1099776K
  class space    used 6510K, capacity 7063K, committed 7168K, reserved 1048576K
}
{Heap before GC invocations=94 (full 0):
 PSYoungGen      total 413184K, used 412576K [0x00000000e6800000, 0x0000000100000000, 0x0000000100000000)
  eden space 408576K, 100% used [0x00000000e6800000,0x00000000ff700000,0x00000000ff700000)
  from space 4608K, 86% used [0x00000000ff700000,0x00000000ffae8000,0x00000000ffb80000)
  to   space 4608K, 0% used [0x00000000ffb80000,0x00000000ffb80000,0x0000000100000000)
 ParOldGen       total 704512K, used 136536K [0x00000000bb800000, 0x00000000e6800000, 0x00000000e6800000)
  object space 704512K, 19% used [0x00000000bb800000,0x00000000c3d56388,0x00000000e6800000)
 Metaspace       used 54031K, capacity 57250K, committed 57600K, reserved 1099776K
  class space    used 6510K, capacity 7063K, committed 7168K, reserved 1048576K
2023-08-17T21:05:21.244+0800: 5165.238: [GC (Allocation Failure) [PSYoungGen: 412576K->4064K(413184K)] 549112K->140624K(1117696K), 0.0093578 secs] [Times: user=0.03 sys=0.00, real=0.01 secs] 
Heap after GC invocations=94 (full 0):
 PSYoungGen      total 413184K, used 4064K [0x00000000e6800000, 0x0000000100000000, 0x0000000100000000)
  eden space 408576K, 0% used [0x00000000e6800000,0x00000000e6800000,0x00000000ff700000)
  from space 4608K, 88% used [0x00000000ffb80000,0x00000000fff78000,0x0000000100000000)
  to   space 4608K, 0% used [0x00000000ff700000,0x00000000ff700000,0x00000000ffb80000)
 ParOldGen       total 704512K, used 136560K [0x00000000bb800000, 0x00000000e6800000, 0x00000000e6800000)
  object space 704512K, 19% used [0x00000000bb800000,0x00000000c3d5c388,0x00000000e6800000)
 Metaspace       used 54031K, capacity 57250K, committed 57600K, reserved 1099776K
  class space    used 6510K, capacity 7063K, committed 7168K, reserved 1048576K
}
{Heap before GC invocations=95 (full 0):
 PSYoungGen      total 413184K, used 412640K [0x00000000e6800000, 0x0000000100000000, 0x0000000100000000)
  eden space 408576K, 100% used [0x00000000e6800000,0x00000000ff700000,0x00000000ff700000)
  from space 4608K, 88% used [0x00000000ffb80000,0x00000000fff78000,0x0000000100000000)
  to   space 4608K, 0% used [0x00000000ff700000,0x00000000ff700000,0x00000000ffb80000)
 ParOldGen       total 704512K, used 136560K [0x00000000bb800000, 0x00000000e6800000, 0x00000000e6800000)
  object space 704512K, 19% used [0x00000000bb800000,0x00000000c3d5c388,0x00000000e6800000)
 Metaspace       used 54031K, capacity 57250K, committed 57600K, reserved 1099776K
  class space    used 6510K, capacity 7063K, committed 7168K, reserved 1048576K
2023-08-17T21:05:23.747+0800: 5167.740: [GC (Allocation Failure) [PSYoungGen: 412640K->4000K(413184K)] 549200K->140584K(1117696K), 0.0089547 secs] [Times: user=0.03 sys=0.00, real=0.01 secs] 
Heap after GC invocations=95 (full 0):
 PSYoungGen      total 413184K, used 4000K [0x00000000e6800000, 0x0000000100000000, 0x0000000100000000)
  eden space 408576K, 0% used [0x00000000e6800000,0x00000000e6800000,0x00000000ff700000)
  from space 4608K, 86% used [0x00000000ff700000,0x00000000ffae8000,0x00000000ffb80000)
  to   space 4608K, 0% used [0x00000000ffb80000,0x00000000ffb80000,0x0000000100000000)
 ParOldGen       total 704512K, used 136584K [0x00000000bb800000, 0x00000000e6800000, 0x00000000e6800000)
  object space 704512K, 19% used [0x00000000bb800000,0x00000000c3d62388,0x00000000e6800000)
 Metaspace       used 54031K, capacity 57250K, committed 57600K, reserved 1099776K
  class space    used 6510K, capacity 7063K, committed 7168K, reserved 1048576K
}
{Heap before GC invocations=96 (full 0):
 PSYoungGen      total 413184K, used 412576K [0x00000000e6800000, 0x0000000100000000, 0x0000000100000000)
  eden space 408576K, 100% used [0x00000000e6800000,0x00000000ff700000,0x00000000ff700000)
  from space 4608K, 86% used [0x00000000ff700000,0x00000000ffae8000,0x00000000ffb80000)
  to   space 4608K, 0% used [0x00000000ffb80000,0x00000000ffb80000,0x0000000100000000)
 ParOldGen       total 704512K, used 136584K [0x00000000bb800000, 0x00000000e6800000, 0x00000000e6800000)
  object space 704512K, 19% used [0x00000000bb800000,0x00000000c3d62388,0x00000000e6800000)
 Metaspace       used 54031K, capacity 57250K, committed 57600K, reserved 1099776K
  class space    used 6510K, capacity 7063K, committed 7168K, reserved 1048576K
2023-08-17T21:05:26.253+0800: 5170.246: [GC (Allocation Failure) [PSYoungGen: 412576K->4288K(413184K)] 549160K->140896K(1117696K), 0.0094033 secs] [Times: user=0.03 sys=0.00, real=0.01 secs] 
Heap after GC invocations=96 (full 0):
 PSYoungGen      total 413184K, used 4288K [0x00000000e6800000, 0x0000000100000000, 0x0000000100000000)
  eden space 408576K, 0% used [0x00000000e6800000,0x00000000e6800000,0x00000000ff700000)
  from space 4608K, 93% used [0x00000000ffb80000,0x00000000fffb0000,0x0000000100000000)
  to   space 4608K, 0% used [0x00000000ff700000,0x00000000ff700000,0x00000000ffb80000)
 ParOldGen       total 704512K, used 136608K [0x00000000bb800000, 0x00000000e6800000, 0x00000000e6800000)
  object space 704512K, 19% used [0x00000000bb800000,0x00000000c3d68388,0x00000000e6800000)
 Metaspace       used 54031K, capacity 57250K, committed 57600K, reserved 1099776K
  class space    used 6510K, capacity 7063K, committed 7168K, reserved 1048576K
}
{Heap before GC invocations=97 (full 0):
 PSYoungGen      total 413184K, used 412864K [0x00000000e6800000, 0x0000000100000000, 0x0000000100000000)
  eden space 408576K, 100% used [0x00000000e6800000,0x00000000ff700000,0x00000000ff700000)
  from space 4608K, 93% used [0x00000000ffb80000,0x00000000fffb0000,0x0000000100000000)
  to   space 4608K, 0% used [0x00000000ff700000,0x00000000ff700000,0x00000000ffb80000)
 ParOldGen       total 704512K, used 136608K [0x00000000bb800000, 0x00000000e6800000, 0x00000000e6800000)
  object space 704512K, 19% used [0x00000000bb800000,0x00000000c3d68388,0x00000000e6800000)
 Metaspace       used 54031K, capacity 57250K, committed 57600K, reserved 1099776K
  class space    used 6510K, capacity 7063K, committed 7168K, reserved 1048576K
2023-08-17T21:05:28.660+0800: 5172.653: [GC (Allocation Failure) [PSYoungGen: 412864K->4288K(413184K)] 549472K->141176K(1117696K), 0.0090181 secs] [Times: user=0.03 sys=0.00, real=0.01 secs] 
Heap after GC invocations=97 (full 0):
 PSYoungGen      total 413184K, used 4288K [0x00000000e6800000, 0x0000000100000000, 0x0000000100000000)
  eden space 408576K, 0% used [0x00000000e6800000,0x00000000e6800000,0x00000000ff700000)
  from space 4608K, 93% used [0x00000000ff700000,0x00000000ffb30000,0x00000000ffb80000)
  to   space 4608K, 0% used [0x00000000ffb80000,0x00000000ffb80000,0x0000000100000000)
 ParOldGen       total 704512K, used 136888K [0x00000000bb800000, 0x00000000e6800000, 0x00000000e6800000)
  object space 704512K, 19% used [0x00000000bb800000,0x00000000c3dae388,0x00000000e6800000)
 Metaspace       used 54031K, capacity 57250K, committed 57600K, reserved 1099776K
  class space    used 6510K, capacity 7063K, committed 7168K, reserved 1048576K
}
{Heap before GC invocations=98 (full 0):
 PSYoungGen      total 413184K, used 412864K [0x00000000e6800000, 0x0000000100000000, 0x0000000100000000)
  eden space 408576K, 100% used [0x00000000e6800000,0x00000000ff700000,0x00000000ff700000)
  from space 4608K, 93% used [0x00000000ff700000,0x00000000ffb30000,0x00000000ffb80000)
  to   space 4608K, 0% used [0x00000000ffb80000,0x00000000ffb80000,0x0000000100000000)
 ParOldGen       total 704512K, used 136888K [0x00000000bb800000, 0x00000000e6800000, 0x00000000e6800000)
  object space 704512K, 19% used [0x00000000bb800000,0x00000000c3dae388,0x00000000e6800000)
 Metaspace       used 54031K, capacity 57250K, committed 57600K, reserved 1099776K
  class space    used 6510K, capacity 7063K, committed 7168K, reserved 1048576K
2023-08-17T21:05:31.163+0800: 5175.156: [GC (Allocation Failure) [PSYoungGen: 412864K->4352K(413184K)] 549752K->141536K(1117696K), 0.0098591 secs] [Times: user=0.03 sys=0.00, real=0.01 secs] 
Heap after GC invocations=98 (full 0):
 PSYoungGen      total 413184K, used 4352K [0x00000000e6800000, 0x0000000100000000, 0x0000000100000000)
  eden space 408576K, 0% used [0x00000000e6800000,0x00000000e6800000,0x00000000ff700000)
  from space 4608K, 94% used [0x00000000ffb80000,0x00000000fffc0000,0x0000000100000000)
  to   space 4608K, 0% used [0x00000000ff700000,0x00000000ff700000,0x00000000ffb80000)
 ParOldGen       total 704512K, used 137184K [0x00000000bb800000, 0x00000000e6800000, 0x00000000e6800000)
  object space 704512K, 19% used [0x00000000bb800000,0x00000000c3df8388,0x00000000e6800000)
 Metaspace       used 54031K, capacity 57250K, committed 57600K, reserved 1099776K
  class space    used 6510K, capacity 7063K, committed 7168K, reserved 1048576K
}
{Heap before GC invocations=99 (full 0):
 PSYoungGen      total 413184K, used 412928K [0x00000000e6800000, 0x0000000100000000, 0x0000000100000000)
  eden space 408576K, 100% used [0x00000000e6800000,0x00000000ff700000,0x00000000ff700000)
  from space 4608K, 94% used [0x00000000ffb80000,0x00000000fffc0000,0x0000000100000000)
  to   space 4608K, 0% used [0x00000000ff700000,0x00000000ff700000,0x00000000ffb80000)
 ParOldGen       total 704512K, used 137184K [0x00000000bb800000, 0x00000000e6800000, 0x00000000e6800000)
  object space 704512K, 19% used [0x00000000bb800000,0x00000000c3df8388,0x00000000e6800000)
 Metaspace       used 54031K, capacity 57250K, committed 57600K, reserved 1099776K
  class space    used 6510K, capacity 7063K, committed 7168K, reserved 1048576K
2023-08-17T21:05:33.666+0800: 5177.659: [GC (Allocation Failure) [PSYoungGen: 412928K->4352K(413184K)] 550112K->141856K(1117696K), 0.0093833 secs] [Times: user=0.04 sys=0.00, real=0.01 secs] 
Heap after GC invocations=99 (full 0):
 PSYoungGen      total 413184K, used 4352K [0x00000000e6800000, 0x0000000100000000, 0x0000000100000000)
  eden space 408576K, 0% used [0x00000000e6800000,0x00000000e6800000,0x00000000ff700000)
  from space 4608K, 94% used [0x00000000ff700000,0x00000000ffb40000,0x00000000ffb80000)
  to   space 4608K, 0% used [0x00000000ffb80000,0x00000000ffb80000,0x0000000100000000)
 ParOldGen       total 704512K, used 137504K [0x00000000bb800000, 0x00000000e6800000, 0x00000000e6800000)
  object space 704512K, 19% used [0x00000000bb800000,0x00000000c3e48388,0x00000000e6800000)
 Metaspace       used 54031K, capacity 57250K, committed 57600K, reserved 1099776K
  class space    used 6510K, capacity 7063K, committed 7168K, reserved 1048576K
}
{Heap before GC invocations=100 (full 0):
 PSYoungGen      total 413184K, used 412928K [0x00000000e6800000, 0x0000000100000000, 0x0000000100000000)
  eden space 408576K, 100% used [0x00000000e6800000,0x00000000ff700000,0x00000000ff700000)
  from space 4608K, 94% used [0x00000000ff700000,0x00000000ffb40000,0x00000000ffb80000)
  to   space 4608K, 0% used [0x00000000ffb80000,0x00000000ffb80000,0x0000000100000000)
 ParOldGen       total 704512K, used 137504K [0x00000000bb800000, 0x00000000e6800000, 0x00000000e6800000)
  object space 704512K, 19% used [0x00000000bb800000,0x00000000c3e48388,0x00000000e6800000)
 Metaspace       used 54031K, capacity 57250K, committed 57600K, reserved 1099776K
  class space    used 6510K, capacity 7063K, committed 7168K, reserved 1048576K
2023-08-17T21:05:36.169+0800: 5180.162: [GC (Allocation Failure) [PSYoungGen: 412928K->4064K(413184K)] 550432K->141888K(1117696K), 0.0086774 secs] [Times: user=0.03 sys=0.00, real=0.00 secs] 
Heap after GC invocations=100 (full 0):
 PSYoungGen      total 413184K, used 4064K [0x00000000e6800000, 0x0000000100000000, 0x0000000100000000)
  eden space 408576K, 0% used [0x00000000e6800000,0x00000000e6800000,0x00000000ff700000)
  from space 4608K, 88% used [0x00000000ffb80000,0x00000000fff78000,0x0000000100000000)
  to   space 4608K, 0% used [0x00000000ff700000,0x00000000ff700000,0x00000000ffb80000)
 ParOldGen       total 704512K, used 137824K [0x00000000bb800000, 0x00000000e6800000, 0x00000000e6800000)
  object space 704512K, 19% used [0x00000000bb800000,0x00000000c3e98388,0x00000000e6800000)
 Metaspace       used 54031K, capacity 57250K, committed 57600K, reserved 1099776K
  class space    used 6510K, capacity 7063K, committed 7168K, reserved 1048576K
}
{Heap before GC invocations=101 (full 0):
 PSYoungGen      total 413184K, used 412640K [0x00000000e6800000, 0x0000000100000000, 0x0000000100000000)
  eden space 408576K, 100% used [0x00000000e6800000,0x00000000ff700000,0x00000000ff700000)
  from space 4608K, 88% used [0x00000000ffb80000,0x00000000fff78000,0x0000000100000000)
  to   space 4608K, 0% used [0x00000000ff700000,0x00000000ff700000,0x00000000ffb80000)
 ParOldGen       total 704512K, used 137824K [0x00000000bb800000, 0x00000000e6800000, 0x00000000e6800000)
  object space 704512K, 19% used [0x00000000bb800000,0x00000000c3e98388,0x00000000e6800000)
 Metaspace       used 54031K, capacity 57250K, committed 57600K, reserved 1099776K
  class space    used 6510K, capacity 7063K, committed 7168K, reserved 1048576K
2023-08-17T21:05:38.671+0800: 5182.664: [GC (Allocation Failure) [PSYoungGen: 412640K->4000K(413184K)] 550464K->141864K(1117696K), 0.0083527 secs] [Times: user=0.03 sys=0.00, real=0.01 secs] 
Heap after GC invocations=101 (full 0):
 PSYoungGen      total 413184K, used 4000K [0x00000000e6800000, 0x0000000100000000, 0x0000000100000000)
  eden space 408576K, 0% used [0x00000000e6800000,0x00000000e6800000,0x00000000ff700000)
  from space 4608K, 86% used [0x00000000ff700000,0x00000000ffae8000,0x00000000ffb80000)
  to   space 4608K, 0% used [0x00000000ffb80000,0x00000000ffb80000,0x0000000100000000)
 ParOldGen       total 704512K, used 137864K [0x00000000bb800000, 0x00000000e6800000, 0x00000000e6800000)
  object space 704512K, 19% used [0x00000000bb800000,0x00000000c3ea2388,0x00000000e6800000)
 Metaspace       used 54031K, capacity 57250K, committed 57600K, reserved 1099776K
  class space    used 6510K, capacity 7063K, committed 7168K, reserved 1048576K
}
{Heap before GC invocations=102 (full 0):
 PSYoungGen      total 413184K, used 412576K [0x00000000e6800000, 0x0000000100000000, 0x0000000100000000)
  eden space 408576K, 100% used [0x00000000e6800000,0x00000000ff700000,0x00000000ff700000)
  from space 4608K, 86% used [0x00000000ff700000,0x00000000ffae8000,0x00000000ffb80000)
  to   space 4608K, 0% used [0x00000000ffb80000,0x00000000ffb80000,0x0000000100000000)
 ParOldGen       total 704512K, used 137864K [0x00000000bb800000, 0x00000000e6800000, 0x00000000e6800000)
  object space 704512K, 19% used [0x00000000bb800000,0x00000000c3ea2388,0x00000000e6800000)
 Metaspace       used 54031K, capacity 57250K, committed 57600K, reserved 1099776K
  class space    used 6510K, capacity 7063K, committed 7168K, reserved 1048576K
2023-08-17T21:05:41.093+0800: 5185.086: [GC (Allocation Failure) [PSYoungGen: 412576K->4032K(413184K)] 550440K->141920K(1117696K), 0.0095297 secs] [Times: user=0.03 sys=0.00, real=0.01 secs] 
Heap after GC invocations=102 (full 0):
 PSYoungGen      total 413184K, used 4032K [0x00000000e6800000, 0x0000000100000000, 0x0000000100000000)
  eden space 408576K, 0% used [0x00000000e6800000,0x00000000e6800000,0x00000000ff700000)
  from space 4608K, 87% used [0x00000000ffb80000,0x00000000fff70000,0x0000000100000000)
  to   space 4608K, 0% used [0x00000000ff700000,0x00000000ff700000,0x00000000ffb80000)
 ParOldGen       total 704512K, used 137888K [0x00000000bb800000, 0x00000000e6800000, 0x00000000e6800000)
  object space 704512K, 19% used [0x00000000bb800000,0x00000000c3ea8388,0x00000000e6800000)
 Metaspace       used 54031K, capacity 57250K, committed 57600K, reserved 1099776K
  class space    used 6510K, capacity 7063K, committed 7168K, reserved 1048576K
}
{Heap before GC invocations=103 (full 0):
 PSYoungGen      total 413184K, used 412608K [0x00000000e6800000, 0x0000000100000000, 0x0000000100000000)
  eden space 408576K, 100% used [0x00000000e6800000,0x00000000ff700000,0x00000000ff700000)
  from space 4608K, 87% used [0x00000000ffb80000,0x00000000fff70000,0x0000000100000000)
  to   space 4608K, 0% used [0x00000000ff700000,0x00000000ff700000,0x00000000ffb80000)
 ParOldGen       total 704512K, used 137888K [0x00000000bb800000, 0x00000000e6800000, 0x00000000e6800000)
  object space 704512K, 19% used [0x00000000bb800000,0x00000000c3ea8388,0x00000000e6800000)
 Metaspace       used 54031K, capacity 57250K, committed 57600K, reserved 1099776K
  class space    used 6510K, capacity 7063K, committed 7168K, reserved 1048576K
2023-08-17T21:05:43.539+0800: 5187.533: [GC (Allocation Failure) [PSYoungGen: 412608K->4000K(413184K)] 550496K->141904K(1117696K), 0.0100341 secs] [Times: user=0.03 sys=0.00, real=0.01 secs] 
Heap after GC invocations=103 (full 0):
 PSYoungGen      total 413184K, used 4000K [0x00000000e6800000, 0x0000000100000000, 0x0000000100000000)
  eden space 408576K, 0% used [0x00000000e6800000,0x00000000e6800000,0x00000000ff700000)
  from space 4608K, 86% used [0x00000000ff700000,0x00000000ffae8000,0x00000000ffb80000)
  to   space 4608K, 0% used [0x00000000ffb80000,0x00000000ffb80000,0x0000000100000000)
 ParOldGen       total 704512K, used 137904K [0x00000000bb800000, 0x00000000e6800000, 0x00000000e6800000)
  object space 704512K, 19% used [0x00000000bb800000,0x00000000c3eac388,0x00000000e6800000)
 Metaspace       used 54031K, capacity 57250K, committed 57600K, reserved 1099776K
  class space    used 6510K, capacity 7063K, committed 7168K, reserved 1048576K
}
{Heap before GC invocations=104 (full 0):
 PSYoungGen      total 413184K, used 412576K [0x00000000e6800000, 0x0000000100000000, 0x0000000100000000)
  eden space 408576K, 100% used [0x00000000e6800000,0x00000000ff700000,0x00000000ff700000)
  from space 4608K, 86% used [0x00000000ff700000,0x00000000ffae8000,0x00000000ffb80000)
  to   space 4608K, 0% used [0x00000000ffb80000,0x00000000ffb80000,0x0000000100000000)
 ParOldGen       total 704512K, used 137904K [0x00000000bb800000, 0x00000000e6800000, 0x00000000e6800000)
  object space 704512K, 19% used [0x00000000bb800000,0x00000000c3eac388,0x00000000e6800000)
 Metaspace       used 54031K, capacity 57250K, committed 57600K, reserved 1099776K
  class space    used 6510K, capacity 7063K, committed 7168K, reserved 1048576K
2023-08-17T21:05:46.045+0800: 5190.038: [GC (Allocation Failure) [PSYoungGen: 412576K->4032K(413184K)] 550480K->141952K(1117696K), 0.0090786 secs] [Times: user=0.03 sys=0.00, real=0.01 secs] 
Heap after GC invocations=104 (full 0):
 PSYoungGen      total 413184K, used 4032K [0x00000000e6800000, 0x0000000100000000, 0x0000000100000000)
  eden space 408576K, 0% used [0x00000000e6800000,0x00000000e6800000,0x00000000ff700000)
  from space 4608K, 87% used [0x00000000ffb80000,0x00000000fff70000,0x0000000100000000)
  to   space 4608K, 0% used [0x00000000ff700000,0x00000000ff700000,0x00000000ffb80000)
 ParOldGen       total 704512K, used 137920K [0x00000000bb800000, 0x00000000e6800000, 0x00000000e6800000)
  object space 704512K, 19% used [0x00000000bb800000,0x00000000c3eb0388,0x00000000e6800000)
 Metaspace       used 54031K, capacity 57250K, committed 57600K, reserved 1099776K
  class space    used 6510K, capacity 7063K, committed 7168K, reserved 1048576K
}
{Heap before GC invocations=105 (full 0):
 PSYoungGen      total 413184K, used 412608K [0x00000000e6800000, 0x0000000100000000, 0x0000000100000000)
  eden space 408576K, 100% used [0x00000000e6800000,0x00000000ff700000,0x00000000ff700000)
  from space 4608K, 87% used [0x00000000ffb80000,0x00000000fff70000,0x0000000100000000)
  to   space 4608K, 0% used [0x00000000ff700000,0x00000000ff700000,0x00000000ffb80000)
 ParOldGen       total 704512K, used 137920K [0x00000000bb800000, 0x00000000e6800000, 0x00000000e6800000)
  object space 704512K, 19% used [0x00000000bb800000,0x00000000c3eb0388,0x00000000e6800000)
 Metaspace       used 54031K, capacity 57250K, committed 57600K, reserved 1099776K
  class space    used 6510K, capacity 7063K, committed 7168K, reserved 1048576K
2023-08-17T21:05:48.548+0800: 5192.541: [GC (Allocation Failure) [PSYoungGen: 412608K->4064K(413184K)] 550528K->142008K(1117696K), 0.0099248 secs] [Times: user=0.03 sys=0.00, real=0.01 secs] 
Heap after GC invocations=105 (full 0):
 PSYoungGen      total 413184K, used 4064K [0x00000000e6800000, 0x0000000100000000, 0x0000000100000000)
  eden space 408576K, 0% used [0x00000000e6800000,0x00000000e6800000,0x00000000ff700000)
  from space 4608K, 88% used [0x00000000ff700000,0x00000000ffaf8000,0x00000000ffb80000)
  to   space 4608K, 0% used [0x00000000ffb80000,0x00000000ffb80000,0x0000000100000000)
 ParOldGen       total 704512K, used 137944K [0x00000000bb800000, 0x00000000e6800000, 0x00000000e6800000)
  object space 704512K, 19% used [0x00000000bb800000,0x00000000c3eb6388,0x00000000e6800000)
 Metaspace       used 54031K, capacity 57250K, committed 57600K, reserved 1099776K
  class space    used 6510K, capacity 7063K, committed 7168K, reserved 1048576K
}
{Heap before GC invocations=106 (full 0):
 PSYoungGen      total 413184K, used 412640K [0x00000000e6800000, 0x0000000100000000, 0x0000000100000000)
  eden space 408576K, 100% used [0x00000000e6800000,0x00000000ff700000,0x00000000ff700000)
  from space 4608K, 88% used [0x00000000ff700000,0x00000000ffaf8000,0x00000000ffb80000)
  to   space 4608K, 0% used [0x00000000ffb80000,0x00000000ffb80000,0x0000000100000000)
 ParOldGen       total 704512K, used 137944K [0x00000000bb800000, 0x00000000e6800000, 0x00000000e6800000)
  object space 704512K, 19% used [0x00000000bb800000,0x00000000c3eb6388,0x00000000e6800000)
 Metaspace       used 54031K, capacity 57250K, committed 57600K, reserved 1099776K
  class space    used 6510K, capacity 7063K, committed 7168K, reserved 1048576K
2023-08-17T21:05:51.053+0800: 5195.046: [GC (Allocation Failure) [PSYoungGen: 412640K->4032K(413184K)] 550584K->142000K(1117696K), 0.0083292 secs] [Times: user=0.03 sys=0.00, real=0.01 secs] 
Heap after GC invocations=106 (full 0):
 PSYoungGen      total 413184K, used 4032K [0x00000000e6800000, 0x0000000100000000, 0x0000000100000000)
  eden space 408576K, 0% used [0x00000000e6800000,0x00000000e6800000,0x00000000ff700000)
  from space 4608K, 87% used [0x00000000ffb80000,0x00000000fff70000,0x0000000100000000)
  to   space 4608K, 0% used [0x00000000ff700000,0x00000000ff700000,0x00000000ffb80000)
 ParOldGen       total 704512K, used 137968K [0x00000000bb800000, 0x00000000e6800000, 0x00000000e6800000)
  object space 704512K, 19% used [0x00000000bb800000,0x00000000c3ebc388,0x00000000e6800000)
 Metaspace       used 54031K, capacity 57250K, committed 57600K, reserved 1099776K
  class space    used 6510K, capacity 7063K, committed 7168K, reserved 1048576K
}
{Heap before GC invocations=107 (full 0):
 PSYoungGen      total 413184K, used 412608K [0x00000000e6800000, 0x0000000100000000, 0x0000000100000000)
  eden space 408576K, 100% used [0x00000000e6800000,0x00000000ff700000,0x00000000ff700000)
  from space 4608K, 87% used [0x00000000ffb80000,0x00000000fff70000,0x0000000100000000)
  to   space 4608K, 0% used [0x00000000ff700000,0x00000000ff700000,0x00000000ffb80000)
 ParOldGen       total 704512K, used 137968K [0x00000000bb800000, 0x00000000e6800000, 0x00000000e6800000)
  object space 704512K, 19% used [0x00000000bb800000,0x00000000c3ebc388,0x00000000e6800000)
 Metaspace       used 54034K, capacity 57250K, committed 57600K, reserved 1099776K
  class space    used 6511K, capacity 7063K, committed 7168K, reserved 1048576K
2023-08-17T21:05:53.555+0800: 5197.548: [GC (Allocation Failure) [PSYoungGen: 412608K->4064K(413184K)] 550576K->142056K(1117696K), 0.0084764 secs] [Times: user=0.03 sys=0.00, real=0.01 secs] 
Heap after GC invocations=107 (full 0):
 PSYoungGen      total 413184K, used 4064K [0x00000000e6800000, 0x0000000100000000, 0x0000000100000000)
  eden space 408576K, 0% used [0x00000000e6800000,0x00000000e6800000,0x00000000ff700000)
  from space 4608K, 88% used [0x00000000ff700000,0x00000000ffaf8000,0x00000000ffb80000)
  to   space 4608K, 0% used [0x00000000ffb80000,0x00000000ffb80000,0x0000000100000000)
 ParOldGen       total 704512K, used 137992K [0x00000000bb800000, 0x00000000e6800000, 0x00000000e6800000)
  object space 704512K, 19% used [0x00000000bb800000,0x00000000c3ec2388,0x00000000e6800000)
 Metaspace       used 54034K, capacity 57250K, committed 57600K, reserved 1099776K
  class space    used 6511K, capacity 7063K, committed 7168K, reserved 1048576K
}
{Heap before GC invocations=108 (full 0):
 PSYoungGen      total 413184K, used 412640K [0x00000000e6800000, 0x0000000100000000, 0x0000000100000000)
  eden space 408576K, 100% used [0x00000000e6800000,0x00000000ff700000,0x00000000ff700000)
  from space 4608K, 88% used [0x00000000ff700000,0x00000000ffaf8000,0x00000000ffb80000)
  to   space 4608K, 0% used [0x00000000ffb80000,0x00000000ffb80000,0x0000000100000000)
 ParOldGen       total 704512K, used 137992K [0x00000000bb800000, 0x00000000e6800000, 0x00000000e6800000)
  object space 704512K, 19% used [0x00000000bb800000,0x00000000c3ec2388,0x00000000e6800000)
 Metaspace       used 54034K, capacity 57250K, committed 57600K, reserved 1099776K
  class space    used 6511K, capacity 7063K, committed 7168K, reserved 1048576K
2023-08-17T21:05:55.969+0800: 5199.962: [GC (Allocation Failure) [PSYoungGen: 412640K->4032K(413184K)] 550632K->142056K(1117696K), 0.0085210 secs] [Times: user=0.03 sys=0.00, real=0.00 secs] 
Heap after GC invocations=108 (full 0):
 PSYoungGen      total 413184K, used 4032K [0x00000000e6800000, 0x0000000100000000, 0x0000000100000000)
  eden space 408576K, 0% used [0x00000000e6800000,0x00000000e6800000,0x00000000ff700000)
  from space 4608K, 87% used [0x00000000ffb80000,0x00000000fff70000,0x0000000100000000)
  to   space 4608K, 0% used [0x00000000ff700000,0x00000000ff700000,0x00000000ffb80000)
 ParOldGen       total 704512K, used 138024K [0x00000000bb800000, 0x00000000e6800000, 0x00000000e6800000)
  object space 704512K, 19% used [0x00000000bb800000,0x00000000c3eca388,0x00000000e6800000)
 Metaspace       used 54034K, capacity 57250K, committed 57600K, reserved 1099776K
  class space    used 6511K, capacity 7063K, committed 7168K, reserved 1048576K
}
{Heap before GC invocations=109 (full 0):
 PSYoungGen      total 413184K, used 412608K [0x00000000e6800000, 0x0000000100000000, 0x0000000100000000)
  eden space 408576K, 100% used [0x00000000e6800000,0x00000000ff700000,0x00000000ff700000)
  from space 4608K, 87% used [0x00000000ffb80000,0x00000000fff70000,0x0000000100000000)
  to   space 4608K, 0% used [0x00000000ff700000,0x00000000ff700000,0x00000000ffb80000)
 ParOldGen       total 704512K, used 138024K [0x00000000bb800000, 0x00000000e6800000, 0x00000000e6800000)
  object space 704512K, 19% used [0x00000000bb800000,0x00000000c3eca388,0x00000000e6800000)
 Metaspace       used 54034K, capacity 57250K, committed 57600K, reserved 1099776K
  class space    used 6511K, capacity 7063K, committed 7168K, reserved 1048576K
2023-08-17T21:05:58.435+0800: 5202.428: [GC (Allocation Failure) [PSYoungGen: 412608K->4064K(413184K)] 550632K->142112K(1117696K), 0.0095576 secs] [Times: user=0.03 sys=0.00, real=0.01 secs] 
Heap after GC invocations=109 (full 0):
 PSYoungGen      total 413184K, used 4064K [0x00000000e6800000, 0x0000000100000000, 0x0000000100000000)
  eden space 408576K, 0% used [0x00000000e6800000,0x00000000e6800000,0x00000000ff700000)
  from space 4608K, 88% used [0x00000000ff700000,0x00000000ffaf8000,0x00000000ffb80000)
  to   space 4608K, 0% used [0x00000000ffb80000,0x00000000ffb80000,0x0000000100000000)
 ParOldGen       total 704512K, used 138048K [0x00000000bb800000, 0x00000000e6800000, 0x00000000e6800000)
  object space 704512K, 19% used [0x00000000bb800000,0x00000000c3ed0388,0x00000000e6800000)
 Metaspace       used 54034K, capacity 57250K, committed 57600K, reserved 1099776K
  class space    used 6511K, capacity 7063K, committed 7168K, reserved 1048576K
}
{Heap before GC invocations=110 (full 0):
 PSYoungGen      total 413184K, used 412640K [0x00000000e6800000, 0x0000000100000000, 0x0000000100000000)
  eden space 408576K, 100% used [0x00000000e6800000,0x00000000ff700000,0x00000000ff700000)
  from space 4608K, 88% used [0x00000000ff700000,0x00000000ffaf8000,0x00000000ffb80000)
  to   space 4608K, 0% used [0x00000000ffb80000,0x00000000ffb80000,0x0000000100000000)
 ParOldGen       total 704512K, used 138048K [0x00000000bb800000, 0x00000000e6800000, 0x00000000e6800000)
  object space 704512K, 19% used [0x00000000bb800000,0x00000000c3ed0388,0x00000000e6800000)
 Metaspace       used 54034K, capacity 57250K, committed 57600K, reserved 1099776K
  class space    used 6511K, capacity 7063K, committed 7168K, reserved 1048576K
2023-08-17T21:06:00.913+0800: 5204.906: [GC (Allocation Failure) [PSYoungGen: 412640K->4000K(413184K)] 550688K->142072K(1117696K), 0.0085985 secs] [Times: user=0.03 sys=0.00, real=0.01 secs] 
Heap after GC invocations=110 (full 0):
 PSYoungGen      total 413184K, used 4000K [0x00000000e6800000, 0x0000000100000000, 0x0000000100000000)
  eden space 408576K, 0% used [0x00000000e6800000,0x00000000e6800000,0x00000000ff700000)
  from space 4608K, 86% used [0x00000000ffb80000,0x00000000fff68000,0x0000000100000000)
  to   space 4608K, 0% used [0x00000000ff700000,0x00000000ff700000,0x00000000ffb80000)
 ParOldGen       total 704512K, used 138072K [0x00000000bb800000, 0x00000000e6800000, 0x00000000e6800000)
  object space 704512K, 19% used [0x00000000bb800000,0x00000000c3ed6388,0x00000000e6800000)
 Metaspace       used 54034K, capacity 57250K, committed 57600K, reserved 1099776K
  class space    used 6511K, capacity 7063K, committed 7168K, reserved 1048576K
}
{Heap before GC invocations=111 (full 0):
 PSYoungGen      total 413184K, used 412576K [0x00000000e6800000, 0x0000000100000000, 0x0000000100000000)
  eden space 408576K, 100% used [0x00000000e6800000,0x00000000ff700000,0x00000000ff700000)
  from space 4608K, 86% used [0x00000000ffb80000,0x00000000fff68000,0x0000000100000000)
  to   space 4608K, 0% used [0x00000000ff700000,0x00000000ff700000,0x00000000ffb80000)
 ParOldGen       total 704512K, used 138072K [0x00000000bb800000, 0x00000000e6800000, 0x00000000e6800000)
  object space 704512K, 19% used [0x00000000bb800000,0x00000000c3ed6388,0x00000000e6800000)
 Metaspace       used 54034K, capacity 57250K, committed 57600K, reserved 1099776K
  class space    used 6511K, capacity 7063K, committed 7168K, reserved 1048576K
2023-08-17T21:06:03.415+0800: 5207.408: [GC (Allocation Failure) [PSYoungGen: 412576K->4064K(413184K)] 550648K->142152K(1117696K), 0.0084484 secs] [Times: user=0.03 sys=0.00, real=0.01 secs] 
Heap after GC invocations=111 (full 0):
 PSYoungGen      total 413184K, used 4064K [0x00000000e6800000, 0x0000000100000000, 0x0000000100000000)
  eden space 408576K, 0% used [0x00000000e6800000,0x00000000e6800000,0x00000000ff700000)
  from space 4608K, 88% used [0x00000000ff700000,0x00000000ffaf8000,0x00000000ffb80000)
  to   space 4608K, 0% used [0x00000000ffb80000,0x00000000ffb80000,0x0000000100000000)
 ParOldGen       total 704512K, used 138088K [0x00000000bb800000, 0x00000000e6800000, 0x00000000e6800000)
  object space 704512K, 19% used [0x00000000bb800000,0x00000000c3eda388,0x00000000e6800000)
 Metaspace       used 54034K, capacity 57250K, committed 57600K, reserved 1099776K
  class space    used 6511K, capacity 7063K, committed 7168K, reserved 1048576K
}
{Heap before GC invocations=112 (full 0):
 PSYoungGen      total 413184K, used 412640K [0x00000000e6800000, 0x0000000100000000, 0x0000000100000000)
  eden space 408576K, 100% used [0x00000000e6800000,0x00000000ff700000,0x00000000ff700000)
  from space 4608K, 88% used [0x00000000ff700000,0x00000000ffaf8000,0x00000000ffb80000)
  to   space 4608K, 0% used [0x00000000ffb80000,0x00000000ffb80000,0x0000000100000000)
 ParOldGen       total 704512K, used 138088K [0x00000000bb800000, 0x00000000e6800000, 0x00000000e6800000)
  object space 704512K, 19% used [0x00000000bb800000,0x00000000c3eda388,0x00000000e6800000)
 Metaspace       used 54034K, capacity 57250K, committed 57600K, reserved 1099776K
  class space    used 6511K, capacity 7063K, committed 7168K, reserved 1048576K
2023-08-17T21:06:05.919+0800: 5209.912: [GC (Allocation Failure) [PSYoungGen: 412640K->4032K(413184K)] 550728K->142144K(1117696K), 0.0083925 secs] [Times: user=0.03 sys=0.00, real=0.00 secs] 
Heap after GC invocations=112 (full 0):
 PSYoungGen      total 413184K, used 4032K [0x00000000e6800000, 0x0000000100000000, 0x0000000100000000)
  eden space 408576K, 0% used [0x00000000e6800000,0x00000000e6800000,0x00000000ff700000)
  from space 4608K, 87% used [0x00000000ffb80000,0x00000000fff70000,0x0000000100000000)
  to   space 4608K, 0% used [0x00000000ff700000,0x00000000ff700000,0x00000000ffb80000)
 ParOldGen       total 704512K, used 138112K [0x00000000bb800000, 0x00000000e6800000, 0x00000000e6800000)
  object space 704512K, 19% used [0x00000000bb800000,0x00000000c3ee0388,0x00000000e6800000)
 Metaspace       used 54034K, capacity 57250K, committed 57600K, reserved 1099776K
  class space    used 6511K, capacity 7063K, committed 7168K, reserved 1048576K
}
{Heap before GC invocations=113 (full 0):
 PSYoungGen      total 413184K, used 412608K [0x00000000e6800000, 0x0000000100000000, 0x0000000100000000)
  eden space 408576K, 100% used [0x00000000e6800000,0x00000000ff700000,0x00000000ff700000)
  from space 4608K, 87% used [0x00000000ffb80000,0x00000000fff70000,0x0000000100000000)
  to   space 4608K, 0% used [0x00000000ff700000,0x00000000ff700000,0x00000000ffb80000)
 ParOldGen       total 704512K, used 138112K [0x00000000bb800000, 0x00000000e6800000, 0x00000000e6800000)
  object space 704512K, 19% used [0x00000000bb800000,0x00000000c3ee0388,0x00000000e6800000)
 Metaspace       used 54034K, capacity 57250K, committed 57600K, reserved 1099776K
  class space    used 6511K, capacity 7063K, committed 7168K, reserved 1048576K
2023-08-17T21:06:08.423+0800: 5212.416: [GC (Allocation Failure) [PSYoungGen: 412608K->4032K(413184K)] 550720K->142160K(1117696K), 0.0101987 secs] [Times: user=0.03 sys=0.00, real=0.01 secs] 
Heap after GC invocations=113 (full 0):
 PSYoungGen      total 413184K, used 4032K [0x00000000e6800000, 0x0000000100000000, 0x0000000100000000)
  eden space 408576K, 0% used [0x00000000e6800000,0x00000000e6800000,0x00000000ff700000)
  from space 4608K, 87% used [0x00000000ff700000,0x00000000ffaf0000,0x00000000ffb80000)
  to   space 4608K, 0% used [0x00000000ffb80000,0x00000000ffb80000,0x0000000100000000)
 ParOldGen       total 704512K, used 138128K [0x00000000bb800000, 0x00000000e6800000, 0x00000000e6800000)
  object space 704512K, 19% used [0x00000000bb800000,0x00000000c3ee4388,0x00000000e6800000)
 Metaspace       used 54034K, capacity 57250K, committed 57600K, reserved 1099776K
  class space    used 6511K, capacity 7063K, committed 7168K, reserved 1048576K
}
{Heap before GC invocations=114 (full 0):
 PSYoungGen      total 413184K, used 412608K [0x00000000e6800000, 0x0000000100000000, 0x0000000100000000)
  eden space 408576K, 100% used [0x00000000e6800000,0x00000000ff700000,0x00000000ff700000)
  from space 4608K, 87% used [0x00000000ff700000,0x00000000ffaf0000,0x00000000ffb80000)
  to   space 4608K, 0% used [0x00000000ffb80000,0x00000000ffb80000,0x0000000100000000)
 ParOldGen       total 704512K, used 138128K [0x00000000bb800000, 0x00000000e6800000, 0x00000000e6800000)
  object space 704512K, 19% used [0x00000000bb800000,0x00000000c3ee4388,0x00000000e6800000)
 Metaspace       used 54034K, capacity 57250K, committed 57600K, reserved 1099776K
  class space    used 6511K, capacity 7063K, committed 7168K, reserved 1048576K
2023-08-17T21:06:10.926+0800: 5214.920: [GC (Allocation Failure) [PSYoungGen: 412608K->4064K(413184K)] 550736K->142216K(1117696K), 0.0093796 secs] [Times: user=0.03 sys=0.00, real=0.01 secs] 
Heap after GC invocations=114 (full 0):
 PSYoungGen      total 413184K, used 4064K [0x00000000e6800000, 0x0000000100000000, 0x0000000100000000)
  eden space 408576K, 0% used [0x00000000e6800000,0x00000000e6800000,0x00000000ff700000)
  from space 4608K, 88% used [0x00000000ffb80000,0x00000000fff78000,0x0000000100000000)
  to   space 4608K, 0% used [0x00000000ff700000,0x00000000ff700000,0x00000000ffb80000)
 ParOldGen       total 704512K, used 138152K [0x00000000bb800000, 0x00000000e6800000, 0x00000000e6800000)
  object space 704512K, 19% used [0x00000000bb800000,0x00000000c3eea388,0x00000000e6800000)
 Metaspace       used 54034K, capacity 57250K, committed 57600K, reserved 1099776K
  class space    used 6511K, capacity 7063K, committed 7168K, reserved 1048576K
}
{Heap before GC invocations=115 (full 0):
 PSYoungGen      total 413184K, used 412640K [0x00000000e6800000, 0x0000000100000000, 0x0000000100000000)
  eden space 408576K, 100% used [0x00000000e6800000,0x00000000ff700000,0x00000000ff700000)
  from space 4608K, 88% used [0x00000000ffb80000,0x00000000fff78000,0x0000000100000000)
  to   space 4608K, 0% used [0x00000000ff700000,0x00000000ff700000,0x00000000ffb80000)
 ParOldGen       total 704512K, used 138152K [0x00000000bb800000, 0x00000000e6800000, 0x00000000e6800000)
  object space 704512K, 19% used [0x00000000bb800000,0x00000000c3eea388,0x00000000e6800000)
 Metaspace       used 54034K, capacity 57250K, committed 57600K, reserved 1099776K
  class space    used 6511K, capacity 7063K, committed 7168K, reserved 1048576K
2023-08-17T21:06:13.431+0800: 5217.424: [GC (Allocation Failure) [PSYoungGen: 412640K->4032K(413184K)] 550792K->142208K(1117696K), 0.0082790 secs] [Times: user=0.03 sys=0.00, real=0.01 secs] 
Heap after GC invocations=115 (full 0):
 PSYoungGen      total 413184K, used 4032K [0x00000000e6800000, 0x0000000100000000, 0x0000000100000000)
  eden space 408576K, 0% used [0x00000000e6800000,0x00000000e6800000,0x00000000ff700000)
  from space 4608K, 87% used [0x00000000ff700000,0x00000000ffaf0000,0x00000000ffb80000)
  to   space 4608K, 0% used [0x00000000ffb80000,0x00000000ffb80000,0x0000000100000000)
 ParOldGen       total 704512K, used 138176K [0x00000000bb800000, 0x00000000e6800000, 0x00000000e6800000)
  object space 704512K, 19% used [0x00000000bb800000,0x00000000c3ef0388,0x00000000e6800000)
 Metaspace       used 54034K, capacity 57250K, committed 57600K, reserved 1099776K
  class space    used 6511K, capacity 7063K, committed 7168K, reserved 1048576K
}
{Heap before GC invocations=116 (full 0):
 PSYoungGen      total 413184K, used 412608K [0x00000000e6800000, 0x0000000100000000, 0x0000000100000000)
  eden space 408576K, 100% used [0x00000000e6800000,0x00000000ff700000,0x00000000ff700000)
  from space 4608K, 87% used [0x00000000ff700000,0x00000000ffaf0000,0x00000000ffb80000)
  to   space 4608K, 0% used [0x00000000ffb80000,0x00000000ffb80000,0x0000000100000000)
 ParOldGen       total 704512K, used 138176K [0x00000000bb800000, 0x00000000e6800000, 0x00000000e6800000)
  object space 704512K, 19% used [0x00000000bb800000,0x00000000c3ef0388,0x00000000e6800000)
 Metaspace       used 54034K, capacity 57250K, committed 57600K, reserved 1099776K
  class space    used 6511K, capacity 7063K, committed 7168K, reserved 1048576K
2023-08-17T21:06:15.831+0800: 5219.824: [GC (Allocation Failure) [PSYoungGen: 412608K->4032K(413184K)] 550784K->142224K(1117696K), 0.0086481 secs] [Times: user=0.03 sys=0.00, real=0.01 secs] 
Heap after GC invocations=116 (full 0):
 PSYoungGen      total 413184K, used 4032K [0x00000000e6800000, 0x0000000100000000, 0x0000000100000000)
  eden space 408576K, 0% used [0x00000000e6800000,0x00000000e6800000,0x00000000ff700000)
  from space 4608K, 87% used [0x00000000ffb80000,0x00000000fff70000,0x0000000100000000)
  to   space 4608K, 0% used [0x00000000ff700000,0x00000000ff700000,0x00000000ffb80000)
 ParOldGen       total 704512K, used 138192K [0x00000000bb800000, 0x00000000e6800000, 0x00000000e6800000)
  object space 704512K, 19% used [0x00000000bb800000,0x00000000c3ef4388,0x00000000e6800000)
 Metaspace       used 54034K, capacity 57250K, committed 57600K, reserved 1099776K
  class space    used 6511K, capacity 7063K, committed 7168K, reserved 1048576K
}
{Heap before GC invocations=117 (full 0):
 PSYoungGen      total 413184K, used 412607K [0x00000000e6800000, 0x0000000100000000, 0x0000000100000000)
  eden space 408576K, 99% used [0x00000000e6800000,0x00000000ff6ffff0,0x00000000ff700000)
  from space 4608K, 87% used [0x00000000ffb80000,0x00000000fff70000,0x0000000100000000)
  to   space 4608K, 0% used [0x00000000ff700000,0x00000000ff700000,0x00000000ffb80000)
 ParOldGen       total 704512K, used 138192K [0x00000000bb800000, 0x00000000e6800000, 0x00000000e6800000)
  object space 704512K, 19% used [0x00000000bb800000,0x00000000c3ef4388,0x00000000e6800000)
 Metaspace       used 54034K, capacity 57250K, committed 57600K, reserved 1099776K
  class space    used 6511K, capacity 7063K, committed 7168K, reserved 1048576K
2023-08-17T21:06:18.335+0800: 5222.329: [GC (Allocation Failure) [PSYoungGen: 412607K->4064K(413184K)] 550800K->142256K(1117696K), 0.0083672 secs] [Times: user=0.03 sys=0.01, real=0.01 secs] 
Heap after GC invocations=117 (full 0):
 PSYoungGen      total 413184K, used 4064K [0x00000000e6800000, 0x0000000100000000, 0x0000000100000000)
  eden space 408576K, 0% used [0x00000000e6800000,0x00000000e6800000,0x00000000ff700000)
  from space 4608K, 88% used [0x00000000ff700000,0x00000000ffaf8000,0x00000000ffb80000)
  to   space 4608K, 0% used [0x00000000ffb80000,0x00000000ffb80000,0x0000000100000000)
 ParOldGen       total 704512K, used 138192K [0x00000000bb800000, 0x00000000e6800000, 0x00000000e6800000)
  object space 704512K, 19% used [0x00000000bb800000,0x00000000c3ef4388,0x00000000e6800000)
 Metaspace       used 54034K, capacity 57250K, committed 57600K, reserved 1099776K
  class space    used 6511K, capacity 7063K, committed 7168K, reserved 1048576K
}
{Heap before GC invocations=118 (full 0):
 PSYoungGen      total 413184K, used 412640K [0x00000000e6800000, 0x0000000100000000, 0x0000000100000000)
  eden space 408576K, 100% used [0x00000000e6800000,0x00000000ff700000,0x00000000ff700000)
  from space 4608K, 88% used [0x00000000ff700000,0x00000000ffaf8000,0x00000000ffb80000)
  to   space 4608K, 0% used [0x00000000ffb80000,0x00000000ffb80000,0x0000000100000000)
 ParOldGen       total 704512K, used 138192K [0x00000000bb800000, 0x00000000e6800000, 0x00000000e6800000)
  object space 704512K, 19% used [0x00000000bb800000,0x00000000c3ef4388,0x00000000e6800000)
 Metaspace       used 54034K, capacity 57250K, committed 57600K, reserved 1099776K
  class space    used 6511K, capacity 7063K, committed 7168K, reserved 1048576K
2023-08-17T21:06:20.840+0800: 5224.833: [GC (Allocation Failure) [PSYoungGen: 412640K->3968K(413184K)] 550832K->142192K(1117696K), 0.0086513 secs] [Times: user=0.03 sys=0.00, real=0.01 secs] 
Heap after GC invocations=118 (full 0):
 PSYoungGen      total 413184K, used 3968K [0x00000000e6800000, 0x0000000100000000, 0x0000000100000000)
  eden space 408576K, 0% used [0x00000000e6800000,0x00000000e6800000,0x00000000ff700000)
  from space 4608K, 86% used [0x00000000ffb80000,0x00000000fff60000,0x0000000100000000)
  to   space 4608K, 0% used [0x00000000ff700000,0x00000000ff700000,0x00000000ffb80000)
 ParOldGen       total 704512K, used 138224K [0x00000000bb800000, 0x00000000e6800000, 0x00000000e6800000)
  object space 704512K, 19% used [0x00000000bb800000,0x00000000c3efc388,0x00000000e6800000)
 Metaspace       used 54034K, capacity 57250K, committed 57600K, reserved 1099776K
  class space    used 6511K, capacity 7063K, committed 7168K, reserved 1048576K
}
{Heap before GC invocations=119 (full 0):
 PSYoungGen      total 413184K, used 412544K [0x00000000e6800000, 0x0000000100000000, 0x0000000100000000)
  eden space 408576K, 100% used [0x00000000e6800000,0x00000000ff700000,0x00000000ff700000)
  from space 4608K, 86% used [0x00000000ffb80000,0x00000000fff60000,0x0000000100000000)
  to   space 4608K, 0% used [0x00000000ff700000,0x00000000ff700000,0x00000000ffb80000)
 ParOldGen       total 704512K, used 138224K [0x00000000bb800000, 0x00000000e6800000, 0x00000000e6800000)
  object space 704512K, 19% used [0x00000000bb800000,0x00000000c3efc388,0x00000000e6800000)
 Metaspace       used 54034K, capacity 57250K, committed 57600K, reserved 1099776K
  class space    used 6511K, capacity 7063K, committed 7168K, reserved 1048576K
2023-08-17T21:06:23.341+0800: 5227.334: [GC (Allocation Failure) [PSYoungGen: 412544K->4064K(413184K)] 550768K->142296K(1117696K), 0.0090624 secs] [Times: user=0.03 sys=0.00, real=0.01 secs] 
Heap after GC invocations=119 (full 0):
 PSYoungGen      total 413184K, used 4064K [0x00000000e6800000, 0x0000000100000000, 0x0000000100000000)
  eden space 408576K, 0% used [0x00000000e6800000,0x00000000e6800000,0x00000000ff700000)
  from space 4608K, 88% used [0x00000000ff700000,0x00000000ffaf8000,0x00000000ffb80000)
  to   space 4608K, 0% used [0x00000000ffb80000,0x00000000ffb80000,0x0000000100000000)
 ParOldGen       total 704512K, used 138232K [0x00000000bb800000, 0x00000000e6800000, 0x00000000e6800000)
  object space 704512K, 19% used [0x00000000bb800000,0x00000000c3efe388,0x00000000e6800000)
 Metaspace       used 54034K, capacity 57250K, committed 57600K, reserved 1099776K
  class space    used 6511K, capacity 7063K, committed 7168K, reserved 1048576K
}
{Heap before GC invocations=120 (full 0):
 PSYoungGen      total 413184K, used 412640K [0x00000000e6800000, 0x0000000100000000, 0x0000000100000000)
  eden space 408576K, 100% used [0x00000000e6800000,0x00000000ff700000,0x00000000ff700000)
  from space 4608K, 88% used [0x00000000ff700000,0x00000000ffaf8000,0x00000000ffb80000)
  to   space 4608K, 0% used [0x00000000ffb80000,0x00000000ffb80000,0x0000000100000000)
 ParOldGen       total 704512K, used 138232K [0x00000000bb800000, 0x00000000e6800000, 0x00000000e6800000)
  object space 704512K, 19% used [0x00000000bb800000,0x00000000c3efe388,0x00000000e6800000)
 Metaspace       used 54034K, capacity 57250K, committed 57600K, reserved 1099776K
  class space    used 6511K, capacity 7063K, committed 7168K, reserved 1048576K
2023-08-17T21:06:25.844+0800: 5229.837: [GC (Allocation Failure) [PSYoungGen: 412640K->4224K(413184K)] 550872K->142488K(1117696K), 0.0086342 secs] [Times: user=0.04 sys=0.00, real=0.01 secs] 
Heap after GC invocations=120 (full 0):
 PSYoungGen      total 413184K, used 4224K [0x00000000e6800000, 0x0000000100000000, 0x0000000100000000)
  eden space 408576K, 0% used [0x00000000e6800000,0x00000000e6800000,0x00000000ff700000)
  from space 4608K, 91% used [0x00000000ffb80000,0x00000000fffa0000,0x0000000100000000)
  to   space 4608K, 0% used [0x00000000ff700000,0x00000000ff700000,0x00000000ffb80000)
 ParOldGen       total 704512K, used 138264K [0x00000000bb800000, 0x00000000e6800000, 0x00000000e6800000)
  object space 704512K, 19% used [0x00000000bb800000,0x00000000c3f06388,0x00000000e6800000)
 Metaspace       used 54034K, capacity 57250K, committed 57600K, reserved 1099776K
  class space    used 6511K, capacity 7063K, committed 7168K, reserved 1048576K
}
{Heap before GC invocations=121 (full 0):
 PSYoungGen      total 413184K, used 412800K [0x00000000e6800000, 0x0000000100000000, 0x0000000100000000)
  eden space 408576K, 100% used [0x00000000e6800000,0x00000000ff700000,0x00000000ff700000)
  from space 4608K, 91% used [0x00000000ffb80000,0x00000000fffa0000,0x0000000100000000)
  to   space 4608K, 0% used [0x00000000ff700000,0x00000000ff700000,0x00000000ffb80000)
 ParOldGen       total 704512K, used 138264K [0x00000000bb800000, 0x00000000e6800000, 0x00000000e6800000)
  object space 704512K, 19% used [0x00000000bb800000,0x00000000c3f06388,0x00000000e6800000)
 Metaspace       used 54034K, capacity 57250K, committed 57600K, reserved 1099776K
  class space    used 6511K, capacity 7063K, committed 7168K, reserved 1048576K
2023-08-17T21:06:28.305+0800: 5232.298: [GC (Allocation Failure) [PSYoungGen: 412800K->4288K(413184K)] 551064K->142776K(1117696K), 0.0091896 secs] [Times: user=0.04 sys=0.00, real=0.01 secs] 
Heap after GC invocations=121 (full 0):
 PSYoungGen      total 413184K, used 4288K [0x00000000e6800000, 0x0000000100000000, 0x0000000100000000)
  eden space 408576K, 0% used [0x00000000e6800000,0x00000000e6800000,0x00000000ff700000)
  from space 4608K, 93% used [0x00000000ff700000,0x00000000ffb30000,0x00000000ffb80000)
  to   space 4608K, 0% used [0x00000000ffb80000,0x00000000ffb80000,0x0000000100000000)
 ParOldGen       total 704512K, used 138488K [0x00000000bb800000, 0x00000000e6800000, 0x00000000e6800000)
  object space 704512K, 19% used [0x00000000bb800000,0x00000000c3f3e388,0x00000000e6800000)
 Metaspace       used 54034K, capacity 57250K, committed 57600K, reserved 1099776K
  class space    used 6511K, capacity 7063K, committed 7168K, reserved 1048576K
}
{Heap before GC invocations=122 (full 0):
 PSYoungGen      total 413184K, used 412864K [0x00000000e6800000, 0x0000000100000000, 0x0000000100000000)
  eden space 408576K, 100% used [0x00000000e6800000,0x00000000ff700000,0x00000000ff700000)
  from space 4608K, 93% used [0x00000000ff700000,0x00000000ffb30000,0x00000000ffb80000)
  to   space 4608K, 0% used [0x00000000ffb80000,0x00000000ffb80000,0x0000000100000000)
 ParOldGen       total 704512K, used 138488K [0x00000000bb800000, 0x00000000e6800000, 0x00000000e6800000)
  object space 704512K, 19% used [0x00000000bb800000,0x00000000c3f3e388,0x00000000e6800000)
 Metaspace       used 54034K, capacity 57250K, committed 57600K, reserved 1099776K
  class space    used 6511K, capacity 7063K, committed 7168K, reserved 1048576K
2023-08-17T21:06:30.723+0800: 5234.717: [GC (Allocation Failure) [PSYoungGen: 412864K->4352K(413184K)] 551352K->143152K(1117696K), 0.0089310 secs] [Times: user=0.04 sys=0.00, real=0.01 secs] 
Heap after GC invocations=122 (full 0):
 PSYoungGen      total 413184K, used 4352K [0x00000000e6800000, 0x0000000100000000, 0x0000000100000000)
  eden space 408576K, 0% used [0x00000000e6800000,0x00000000e6800000,0x00000000ff700000)
  from space 4608K, 94% used [0x00000000ffb80000,0x00000000fffc0000,0x0000000100000000)
  to   space 4608K, 0% used [0x00000000ff700000,0x00000000ff700000,0x00000000ffb80000)
 ParOldGen       total 704512K, used 138800K [0x00000000bb800000, 0x00000000e6800000, 0x00000000e6800000)
  object space 704512K, 19% used [0x00000000bb800000,0x00000000c3f8c388,0x00000000e6800000)
 Metaspace       used 54034K, capacity 57250K, committed 57600K, reserved 1099776K
  class space    used 6511K, capacity 7063K, committed 7168K, reserved 1048576K
}
{Heap before GC invocations=123 (full 0):
 PSYoungGen      total 413184K, used 412928K [0x00000000e6800000, 0x0000000100000000, 0x0000000100000000)
  eden space 408576K, 100% used [0x00000000e6800000,0x00000000ff700000,0x00000000ff700000)
  from space 4608K, 94% used [0x00000000ffb80000,0x00000000fffc0000,0x0000000100000000)
  to   space 4608K, 0% used [0x00000000ff700000,0x00000000ff700000,0x00000000ffb80000)
 ParOldGen       total 704512K, used 138800K [0x00000000bb800000, 0x00000000e6800000, 0x00000000e6800000)
  object space 704512K, 19% used [0x00000000bb800000,0x00000000c3f8c388,0x00000000e6800000)
 Metaspace       used 54034K, capacity 57250K, committed 57600K, reserved 1099776K
  class space    used 6511K, capacity 7063K, committed 7168K, reserved 1048576K
2023-08-17T21:06:33.223+0800: 5237.216: [GC (Allocation Failure) [PSYoungGen: 412928K->4352K(413184K)] 551728K->143488K(1117696K), 0.0089836 secs] [Times: user=0.03 sys=0.00, real=0.01 secs] 
Heap after GC invocations=123 (full 0):
 PSYoungGen      total 413184K, used 4352K [0x00000000e6800000, 0x0000000100000000, 0x0000000100000000)
  eden space 408576K, 0% used [0x00000000e6800000,0x00000000e6800000,0x00000000ff700000)
  from space 4608K, 94% used [0x00000000ff700000,0x00000000ffb40000,0x00000000ffb80000)
  to   space 4608K, 0% used [0x00000000ffb80000,0x00000000ffb80000,0x0000000100000000)
 ParOldGen       total 704512K, used 139136K [0x00000000bb800000, 0x00000000e6800000, 0x00000000e6800000)
  object space 704512K, 19% used [0x00000000bb800000,0x00000000c3fe03a8,0x00000000e6800000)
 Metaspace       used 54034K, capacity 57250K, committed 57600K, reserved 1099776K
  class space    used 6511K, capacity 7063K, committed 7168K, reserved 1048576K
}
{Heap before GC invocations=124 (full 0):
 PSYoungGen      total 413184K, used 412928K [0x00000000e6800000, 0x0000000100000000, 0x0000000100000000)
  eden space 408576K, 100% used [0x00000000e6800000,0x00000000ff700000,0x00000000ff700000)
  from space 4608K, 94% used [0x00000000ff700000,0x00000000ffb40000,0x00000000ffb80000)
  to   space 4608K, 0% used [0x00000000ffb80000,0x00000000ffb80000,0x0000000100000000)
 ParOldGen       total 704512K, used 139136K [0x00000000bb800000, 0x00000000e6800000, 0x00000000e6800000)
  object space 704512K, 19% used [0x00000000bb800000,0x00000000c3fe03a8,0x00000000e6800000)
 Metaspace       used 54037K, capacity 57250K, committed 57600K, reserved 1099776K
  class space    used 6511K, capacity 7063K, committed 7168K, reserved 1048576K
2023-08-17T21:06:35.725+0800: 5239.718: [GC (Allocation Failure) [PSYoungGen: 412928K->4128K(413184K)] 552064K->143568K(1117696K), 0.0087505 secs] [Times: user=0.03 sys=0.00, real=0.01 secs] 
Heap after GC invocations=124 (full 0):
 PSYoungGen      total 413184K, used 4128K [0x00000000e6800000, 0x0000000100000000, 0x0000000100000000)
  eden space 408576K, 0% used [0x00000000e6800000,0x00000000e6800000,0x00000000ff700000)
  from space 4608K, 89% used [0x00000000ffb80000,0x00000000fff88000,0x0000000100000000)
  to   space 4608K, 0% used [0x00000000ff700000,0x00000000ff700000,0x00000000ffb80000)
 ParOldGen       total 704512K, used 139440K [0x00000000bb800000, 0x00000000e6800000, 0x00000000e6800000)
  object space 704512K, 19% used [0x00000000bb800000,0x00000000c402c3a8,0x00000000e6800000)
 Metaspace       used 54037K, capacity 57250K, committed 57600K, reserved 1099776K
  class space    used 6511K, capacity 7063K, committed 7168K, reserved 1048576K
}
{Heap before GC invocations=125 (full 0):
 PSYoungGen      total 413184K, used 412699K [0x00000000e6800000, 0x0000000100000000, 0x0000000100000000)
  eden space 408576K, 99% used [0x00000000e6800000,0x00000000ff6fee90,0x00000000ff700000)
  from space 4608K, 89% used [0x00000000ffb80000,0x00000000fff88000,0x0000000100000000)
  to   space 4608K, 0% used [0x00000000ff700000,0x00000000ff700000,0x00000000ffb80000)
 ParOldGen       total 704512K, used 139440K [0x00000000bb800000, 0x00000000e6800000, 0x00000000e6800000)
  object space 704512K, 19% used [0x00000000bb800000,0x00000000c402c3a8,0x00000000e6800000)
 Metaspace       used 54037K, capacity 57250K, committed 57600K, reserved 1099776K
  class space    used 6511K, capacity 7063K, committed 7168K, reserved 1048576K
2023-08-17T21:06:38.228+0800: 5242.222: [GC (Allocation Failure) [PSYoungGen: 412699K->4064K(413184K)] 552140K->143608K(1117696K), 0.0102545 secs] [Times: user=0.03 sys=0.00, real=0.01 secs] 
Heap after GC invocations=125 (full 0):
 PSYoungGen      total 413184K, used 4064K [0x00000000e6800000, 0x0000000100000000, 0x0000000100000000)
  eden space 408576K, 0% used [0x00000000e6800000,0x00000000e6800000,0x00000000ff700000)
  from space 4608K, 88% used [0x00000000ff700000,0x00000000ffaf8000,0x00000000ffb80000)
  to   space 4608K, 0% used [0x00000000ffb80000,0x00000000ffb80000,0x0000000100000000)
 ParOldGen       total 704512K, used 139544K [0x00000000bb800000, 0x00000000e6800000, 0x00000000e6800000)
  object space 704512K, 19% used [0x00000000bb800000,0x00000000c40463a8,0x00000000e6800000)
 Metaspace       used 54037K, capacity 57250K, committed 57600K, reserved 1099776K
  class space    used 6511K, capacity 7063K, committed 7168K, reserved 1048576K
}
{Heap before GC invocations=126 (full 0):
 PSYoungGen      total 413184K, used 412640K [0x00000000e6800000, 0x0000000100000000, 0x0000000100000000)
  eden space 408576K, 100% used [0x00000000e6800000,0x00000000ff700000,0x00000000ff700000)
  from space 4608K, 88% used [0x00000000ff700000,0x00000000ffaf8000,0x00000000ffb80000)
  to   space 4608K, 0% used [0x00000000ffb80000,0x00000000ffb80000,0x0000000100000000)
 ParOldGen       total 704512K, used 139544K [0x00000000bb800000, 0x00000000e6800000, 0x00000000e6800000)
  object space 704512K, 19% used [0x00000000bb800000,0x00000000c40463a8,0x00000000e6800000)
 Metaspace       used 54037K, capacity 57250K, committed 57600K, reserved 1099776K
  class space    used 6511K, capacity 7063K, committed 7168K, reserved 1048576K
2023-08-17T21:06:40.733+0800: 5244.727: [GC (Allocation Failure) [PSYoungGen: 412640K->4000K(413184K)] 552184K->143576K(1117696K), 0.0085439 secs] [Times: user=0.03 sys=0.00, real=0.01 secs] 
Heap after GC invocations=126 (full 0):
 PSYoungGen      total 413184K, used 4000K [0x00000000e6800000, 0x0000000100000000, 0x0000000100000000)
  eden space 408576K, 0% used [0x00000000e6800000,0x00000000e6800000,0x00000000ff700000)
  from space 4608K, 86% used [0x00000000ffb80000,0x00000000fff68000,0x0000000100000000)
  to   space 4608K, 0% used [0x00000000ff700000,0x00000000ff700000,0x00000000ffb80000)
 ParOldGen       total 704512K, used 139576K [0x00000000bb800000, 0x00000000e6800000, 0x00000000e6800000)
  object space 704512K, 19% used [0x00000000bb800000,0x00000000c404e3a8,0x00000000e6800000)
 Metaspace       used 54037K, capacity 57250K, committed 57600K, reserved 1099776K
  class space    used 6511K, capacity 7063K, committed 7168K, reserved 1048576K
}
{Heap before GC invocations=127 (full 0):
 PSYoungGen      total 413184K, used 412576K [0x00000000e6800000, 0x0000000100000000, 0x0000000100000000)
  eden space 408576K, 100% used [0x00000000e6800000,0x00000000ff700000,0x00000000ff700000)
  from space 4608K, 86% used [0x00000000ffb80000,0x00000000fff68000,0x0000000100000000)
  to   space 4608K, 0% used [0x00000000ff700000,0x00000000ff700000,0x00000000ffb80000)
 ParOldGen       total 704512K, used 139576K [0x00000000bb800000, 0x00000000e6800000, 0x00000000e6800000)
  object space 704512K, 19% used [0x00000000bb800000,0x00000000c404e3a8,0x00000000e6800000)
 Metaspace       used 54037K, capacity 57250K, committed 57600K, reserved 1099776K
  class space    used 6511K, capacity 7063K, committed 7168K, reserved 1048576K
2023-08-17T21:06:43.139+0800: 5247.132: [GC (Allocation Failure) [PSYoungGen: 412576K->4064K(413184K)] 552152K->143664K(1117696K), 0.0085529 secs] [Times: user=0.03 sys=0.00, real=0.00 secs] 
Heap after GC invocations=127 (full 0):
 PSYoungGen      total 413184K, used 4064K [0x00000000e6800000, 0x0000000100000000, 0x0000000100000000)
  eden space 408576K, 0% used [0x00000000e6800000,0x00000000e6800000,0x00000000ff700000)
  from space 4608K, 88% used [0x00000000ff700000,0x00000000ffaf8000,0x00000000ffb80000)
  to   space 4608K, 0% used [0x00000000ffb80000,0x00000000ffb80000,0x0000000100000000)
 ParOldGen       total 704512K, used 139600K [0x00000000bb800000, 0x00000000e6800000, 0x00000000e6800000)
  object space 704512K, 19% used [0x00000000bb800000,0x00000000c40543a8,0x00000000e6800000)
 Metaspace       used 54037K, capacity 57250K, committed 57600K, reserved 1099776K
  class space    used 6511K, capacity 7063K, committed 7168K, reserved 1048576K
}
{Heap before GC invocations=128 (full 0):
 PSYoungGen      total 413184K, used 412640K [0x00000000e6800000, 0x0000000100000000, 0x0000000100000000)
  eden space 408576K, 100% used [0x00000000e6800000,0x00000000ff700000,0x00000000ff700000)
  from space 4608K, 88% used [0x00000000ff700000,0x00000000ffaf8000,0x00000000ffb80000)
  to   space 4608K, 0% used [0x00000000ffb80000,0x00000000ffb80000,0x0000000100000000)
 ParOldGen       total 704512K, used 139600K [0x00000000bb800000, 0x00000000e6800000, 0x00000000e6800000)
  object space 704512K, 19% used [0x00000000bb800000,0x00000000c40543a8,0x00000000e6800000)
 Metaspace       used 54037K, capacity 57250K, committed 57600K, reserved 1099776K
  class space    used 6511K, capacity 7063K, committed 7168K, reserved 1048576K
2023-08-17T21:06:45.642+0800: 5249.635: [GC (Allocation Failure) [PSYoungGen: 412640K->4000K(413184K)] 552240K->143608K(1117696K), 0.0093325 secs] [Times: user=0.03 sys=0.00, real=0.01 secs] 
Heap after GC invocations=128 (full 0):
 PSYoungGen      total 413184K, used 4000K [0x00000000e6800000, 0x0000000100000000, 0x0000000100000000)
  eden space 408576K, 0% used [0x00000000e6800000,0x00000000e6800000,0x00000000ff700000)
  from space 4608K, 86% used [0x00000000ffb80000,0x00000000fff68000,0x0000000100000000)
  to   space 4608K, 0% used [0x00000000ff700000,0x00000000ff700000,0x00000000ffb80000)
 ParOldGen       total 704512K, used 139608K [0x00000000bb800000, 0x00000000e6800000, 0x00000000e6800000)
  object space 704512K, 19% used [0x00000000bb800000,0x00000000c40563a8,0x00000000e6800000)
 Metaspace       used 54037K, capacity 57250K, committed 57600K, reserved 1099776K
  class space    used 6511K, capacity 7063K, committed 7168K, reserved 1048576K
}
{Heap before GC invocations=129 (full 0):
 PSYoungGen      total 413184K, used 412576K [0x00000000e6800000, 0x0000000100000000, 0x0000000100000000)
  eden space 408576K, 100% used [0x00000000e6800000,0x00000000ff700000,0x00000000ff700000)
  from space 4608K, 86% used [0x00000000ffb80000,0x00000000fff68000,0x0000000100000000)
  to   space 4608K, 0% used [0x00000000ff700000,0x00000000ff700000,0x00000000ffb80000)
 ParOldGen       total 704512K, used 139608K [0x00000000bb800000, 0x00000000e6800000, 0x00000000e6800000)
  object space 704512K, 19% used [0x00000000bb800000,0x00000000c40563a8,0x00000000e6800000)
 Metaspace       used 54038K, capacity 57250K, committed 57600K, reserved 1099776K
  class space    used 6511K, capacity 7063K, committed 7168K, reserved 1048576K
2023-08-17T21:06:48.091+0800: 5252.084: [GC (Allocation Failure) [PSYoungGen: 412576K->4064K(413184K)] 552184K->143696K(1117696K), 0.0084946 secs] [Times: user=0.03 sys=0.00, real=0.01 secs] 
Heap after GC invocations=129 (full 0):
 PSYoungGen      total 413184K, used 4064K [0x00000000e6800000, 0x0000000100000000, 0x0000000100000000)
  eden space 408576K, 0% used [0x00000000e6800000,0x00000000e6800000,0x00000000ff700000)
  from space 4608K, 88% used [0x00000000ff700000,0x00000000ffaf8000,0x00000000ffb80000)
  to   space 4608K, 0% used [0x00000000ffb80000,0x00000000ffb80000,0x0000000100000000)
 ParOldGen       total 704512K, used 139632K [0x00000000bb800000, 0x00000000e6800000, 0x00000000e6800000)
  object space 704512K, 19% used [0x00000000bb800000,0x00000000c405c3a8,0x00000000e6800000)
 Metaspace       used 54038K, capacity 57250K, committed 57600K, reserved 1099776K
  class space    used 6511K, capacity 7063K, committed 7168K, reserved 1048576K
}
{Heap before GC invocations=130 (full 0):
 PSYoungGen      total 413184K, used 412640K [0x00000000e6800000, 0x0000000100000000, 0x0000000100000000)
  eden space 408576K, 100% used [0x00000000e6800000,0x00000000ff700000,0x00000000ff700000)
  from space 4608K, 88% used [0x00000000ff700000,0x00000000ffaf8000,0x00000000ffb80000)
  to   space 4608K, 0% used [0x00000000ffb80000,0x00000000ffb80000,0x0000000100000000)
 ParOldGen       total 704512K, used 139632K [0x00000000bb800000, 0x00000000e6800000, 0x00000000e6800000)
  object space 704512K, 19% used [0x00000000bb800000,0x00000000c405c3a8,0x00000000e6800000)
 Metaspace       used 54038K, capacity 57250K, committed 57600K, reserved 1099776K
  class space    used 6511K, capacity 7063K, committed 7168K, reserved 1048576K
2023-08-17T21:06:50.595+0800: 5254.588: [GC (Allocation Failure) [PSYoungGen: 412640K->4032K(413184K)] 552272K->143688K(1117696K), 0.0097186 secs] [Times: user=0.02 sys=0.00, real=0.01 secs] 
Heap after GC invocations=130 (full 0):
 PSYoungGen      total 413184K, used 4032K [0x00000000e6800000, 0x0000000100000000, 0x0000000100000000)
  eden space 408576K, 0% used [0x00000000e6800000,0x00000000e6800000,0x00000000ff700000)
  from space 4608K, 87% used [0x00000000ffb80000,0x00000000fff70000,0x0000000100000000)
  to   space 4608K, 0% used [0x00000000ff700000,0x00000000ff700000,0x00000000ffb80000)
 ParOldGen       total 704512K, used 139656K [0x00000000bb800000, 0x00000000e6800000, 0x00000000e6800000)
  object space 704512K, 19% used [0x00000000bb800000,0x00000000c40623a8,0x00000000e6800000)
 Metaspace       used 54038K, capacity 57250K, committed 57600K, reserved 1099776K
  class space    used 6511K, capacity 7063K, committed 7168K, reserved 1048576K
}
{Heap before GC invocations=131 (full 0):
 PSYoungGen      total 413184K, used 412608K [0x00000000e6800000, 0x0000000100000000, 0x0000000100000000)
  eden space 408576K, 100% used [0x00000000e6800000,0x00000000ff700000,0x00000000ff700000)
  from space 4608K, 87% used [0x00000000ffb80000,0x00000000fff70000,0x0000000100000000)
  to   space 4608K, 0% used [0x00000000ff700000,0x00000000ff700000,0x00000000ffb80000)
 ParOldGen       total 704512K, used 139656K [0x00000000bb800000, 0x00000000e6800000, 0x00000000e6800000)
  object space 704512K, 19% used [0x00000000bb800000,0x00000000c40623a8,0x00000000e6800000)
 Metaspace       used 54039K, capacity 57250K, committed 57600K, reserved 1099776K
  class space    used 6511K, capacity 7063K, committed 7168K, reserved 1048576K
2023-08-17T21:06:53.103+0800: 5257.097: [GC (Allocation Failure) [PSYoungGen: 412608K->4000K(413184K)] 552264K->143672K(1117696K), 0.0101653 secs] [Times: user=0.02 sys=0.00, real=0.01 secs] 
Heap after GC invocations=131 (full 0):
 PSYoungGen      total 413184K, used 4000K [0x00000000e6800000, 0x0000000100000000, 0x0000000100000000)
  eden space 408576K, 0% used [0x00000000e6800000,0x00000000e6800000,0x00000000ff700000)
  from space 4608K, 86% used [0x00000000ff700000,0x00000000ffae8000,0x00000000ffb80000)
  to   space 4608K, 0% used [0x00000000ffb80000,0x00000000ffb80000,0x0000000100000000)
 ParOldGen       total 704512K, used 139672K [0x00000000bb800000, 0x00000000e6800000, 0x00000000e6800000)
  object space 704512K, 19% used [0x00000000bb800000,0x00000000c40663a8,0x00000000e6800000)
 Metaspace       used 54039K, capacity 57250K, committed 57600K, reserved 1099776K
  class space    used 6511K, capacity 7063K, committed 7168K, reserved 1048576K
}
{Heap before GC invocations=132 (full 0):
 PSYoungGen      total 413184K, used 412576K [0x00000000e6800000, 0x0000000100000000, 0x0000000100000000)
  eden space 408576K, 100% used [0x00000000e6800000,0x00000000ff700000,0x00000000ff700000)
  from space 4608K, 86% used [0x00000000ff700000,0x00000000ffae8000,0x00000000ffb80000)
  to   space 4608K, 0% used [0x00000000ffb80000,0x00000000ffb80000,0x0000000100000000)
 ParOldGen       total 704512K, used 139672K [0x00000000bb800000, 0x00000000e6800000, 0x00000000e6800000)
  object space 704512K, 19% used [0x00000000bb800000,0x00000000c40663a8,0x00000000e6800000)
 Metaspace       used 54040K, capacity 57250K, committed 57600K, reserved 1099776K
  class space    used 6511K, capacity 7063K, committed 7168K, reserved 1048576K
2023-08-17T21:06:55.604+0800: 5259.598: [GC (Allocation Failure) [PSYoungGen: 412576K->4032K(413184K)] 552248K->143736K(1117696K), 0.0084369 secs] [Times: user=0.03 sys=0.00, real=0.01 secs] 
Heap after GC invocations=132 (full 0):
 PSYoungGen      total 413184K, used 4032K [0x00000000e6800000, 0x0000000100000000, 0x0000000100000000)
  eden space 408576K, 0% used [0x00000000e6800000,0x00000000e6800000,0x00000000ff700000)
  from space 4608K, 87% used [0x00000000ffb80000,0x00000000fff70000,0x0000000100000000)
  to   space 4608K, 0% used [0x00000000ff700000,0x00000000ff700000,0x00000000ffb80000)
 ParOldGen       total 704512K, used 139704K [0x00000000bb800000, 0x00000000e6800000, 0x00000000e6800000)
  object space 704512K, 19% used [0x00000000bb800000,0x00000000c406e3a8,0x00000000e6800000)
 Metaspace       used 54040K, capacity 57250K, committed 57600K, reserved 1099776K
  class space    used 6511K, capacity 7063K, committed 7168K, reserved 1048576K
}
{Heap before GC invocations=133 (full 0):
 PSYoungGen      total 413184K, used 412608K [0x00000000e6800000, 0x0000000100000000, 0x0000000100000000)
  eden space 408576K, 100% used [0x00000000e6800000,0x00000000ff700000,0x00000000ff700000)
  from space 4608K, 87% used [0x00000000ffb80000,0x00000000fff70000,0x0000000100000000)
  to   space 4608K, 0% used [0x00000000ff700000,0x00000000ff700000,0x00000000ffb80000)
 ParOldGen       total 704512K, used 139704K [0x00000000bb800000, 0x00000000e6800000, 0x00000000e6800000)
  object space 704512K, 19% used [0x00000000bb800000,0x00000000c406e3a8,0x00000000e6800000)
 Metaspace       used 54040K, capacity 57250K, committed 57600K, reserved 1099776K
  class space    used 6511K, capacity 7063K, committed 7168K, reserved 1048576K
2023-08-17T21:06:58.108+0800: 5262.101: [GC (Allocation Failure) [PSYoungGen: 412608K->4032K(413184K)] 552312K->143752K(1117696K), 0.0099245 secs] [Times: user=0.03 sys=0.00, real=0.01 secs] 
Heap after GC invocations=133 (full 0):
 PSYoungGen      total 413184K, used 4032K [0x00000000e6800000, 0x0000000100000000, 0x0000000100000000)
  eden space 408576K, 0% used [0x00000000e6800000,0x00000000e6800000,0x00000000ff700000)
  from space 4608K, 87% used [0x00000000ff700000,0x00000000ffaf0000,0x00000000ffb80000)
  to   space 4608K, 0% used [0x00000000ffb80000,0x00000000ffb80000,0x0000000100000000)
 ParOldGen       total 704512K, used 139720K [0x00000000bb800000, 0x00000000e6800000, 0x00000000e6800000)
  object space 704512K, 19% used [0x00000000bb800000,0x00000000c40723a8,0x00000000e6800000)
 Metaspace       used 54040K, capacity 57250K, committed 57600K, reserved 1099776K
  class space    used 6511K, capacity 7063K, committed 7168K, reserved 1048576K
}
{Heap before GC invocations=134 (full 0):
 PSYoungGen      total 413184K, used 412608K [0x00000000e6800000, 0x0000000100000000, 0x0000000100000000)
  eden space 408576K, 100% used [0x00000000e6800000,0x00000000ff700000,0x00000000ff700000)
  from space 4608K, 87% used [0x00000000ff700000,0x00000000ffaf0000,0x00000000ffb80000)
  to   space 4608K, 0% used [0x00000000ffb80000,0x00000000ffb80000,0x0000000100000000)
 ParOldGen       total 704512K, used 139720K [0x00000000bb800000, 0x00000000e6800000, 0x00000000e6800000)
  object space 704512K, 19% used [0x00000000bb800000,0x00000000c40723a8,0x00000000e6800000)
 Metaspace       used 54040K, capacity 57250K, committed 57600K, reserved 1099776K
  class space    used 6511K, capacity 7063K, committed 7168K, reserved 1048576K
2023-08-17T21:07:00.612+0800: 5264.605: [GC (Allocation Failure) [PSYoungGen: 412608K->4000K(413184K)] 552328K->143752K(1117696K), 0.0084252 secs] [Times: user=0.03 sys=0.00, real=0.01 secs] 
Heap after GC invocations=134 (full 0):
 PSYoungGen      total 413184K, used 4000K [0x00000000e6800000, 0x0000000100000000, 0x0000000100000000)
  eden space 408576K, 0% used [0x00000000e6800000,0x00000000e6800000,0x00000000ff700000)
  from space 4608K, 86% used [0x00000000ffb80000,0x00000000fff68000,0x0000000100000000)
  to   space 4608K, 0% used [0x00000000ff700000,0x00000000ff700000,0x00000000ffb80000)
 ParOldGen       total 704512K, used 139752K [0x00000000bb800000, 0x00000000e6800000, 0x00000000e6800000)
  object space 704512K, 19% used [0x00000000bb800000,0x00000000c407a3a8,0x00000000e6800000)
 Metaspace       used 54040K, capacity 57250K, committed 57600K, reserved 1099776K
  class space    used 6511K, capacity 7063K, committed 7168K, reserved 1048576K
}
{Heap before GC invocations=135 (full 0):
 PSYoungGen      total 413184K, used 412576K [0x00000000e6800000, 0x0000000100000000, 0x0000000100000000)
  eden space 408576K, 100% used [0x00000000e6800000,0x00000000ff700000,0x00000000ff700000)
  from space 4608K, 86% used [0x00000000ffb80000,0x00000000fff68000,0x0000000100000000)
  to   space 4608K, 0% used [0x00000000ff700000,0x00000000ff700000,0x00000000ffb80000)
 ParOldGen       total 704512K, used 139752K [0x00000000bb800000, 0x00000000e6800000, 0x00000000e6800000)
  object space 704512K, 19% used [0x00000000bb800000,0x00000000c407a3a8,0x00000000e6800000)
 Metaspace       used 54040K, capacity 57250K, committed 57600K, reserved 1099776K
  class space    used 6511K, capacity 7063K, committed 7168K, reserved 1048576K
2023-08-17T21:07:03.116+0800: 5267.109: [GC (Allocation Failure) [PSYoungGen: 412576K->4032K(413184K)] 552328K->143800K(1117696K), 0.0085372 secs] [Times: user=0.03 sys=0.00, real=0.01 secs] 
Heap after GC invocations=135 (full 0):
 PSYoungGen      total 413184K, used 4032K [0x00000000e6800000, 0x0000000100000000, 0x0000000100000000)
  eden space 408576K, 0% used [0x00000000e6800000,0x00000000e6800000,0x00000000ff700000)
  from space 4608K, 87% used [0x00000000ff700000,0x00000000ffaf0000,0x00000000ffb80000)
  to   space 4608K, 0% used [0x00000000ffb80000,0x00000000ffb80000,0x0000000100000000)
 ParOldGen       total 704512K, used 139768K [0x00000000bb800000, 0x00000000e6800000, 0x00000000e6800000)
  object space 704512K, 19% used [0x00000000bb800000,0x00000000c407e3a8,0x00000000e6800000)
 Metaspace       used 54040K, capacity 57250K, committed 57600K, reserved 1099776K
  class space    used 6511K, capacity 7063K, committed 7168K, reserved 1048576K
}
{Heap before GC invocations=136 (full 0):
 PSYoungGen      total 413184K, used 412608K [0x00000000e6800000, 0x0000000100000000, 0x0000000100000000)
  eden space 408576K, 100% used [0x00000000e6800000,0x00000000ff700000,0x00000000ff700000)
  from space 4608K, 87% used [0x00000000ff700000,0x00000000ffaf0000,0x00000000ffb80000)
  to   space 4608K, 0% used [0x00000000ffb80000,0x00000000ffb80000,0x0000000100000000)
 ParOldGen       total 704512K, used 139768K [0x00000000bb800000, 0x00000000e6800000, 0x00000000e6800000)
  object space 704512K, 19% used [0x00000000bb800000,0x00000000c407e3a8,0x00000000e6800000)
 Metaspace       used 54040K, capacity 57250K, committed 57600K, reserved 1099776K
  class space    used 6511K, capacity 7063K, committed 7168K, reserved 1048576K
2023-08-17T21:07:05.500+0800: 5269.493: [GC (Allocation Failure) [PSYoungGen: 412608K->4000K(413184K)] 552376K->143784K(1117696K), 0.0100885 secs] [Times: user=0.03 sys=0.00, real=0.01 secs] 
Heap after GC invocations=136 (full 0):
 PSYoungGen      total 413184K, used 4000K [0x00000000e6800000, 0x0000000100000000, 0x0000000100000000)
  eden space 408576K, 0% used [0x00000000e6800000,0x00000000e6800000,0x00000000ff700000)
  from space 4608K, 86% used [0x00000000ffb80000,0x00000000fff68000,0x0000000100000000)
  to   space 4608K, 0% used [0x00000000ff700000,0x00000000ff700000,0x00000000ffb80000)
 ParOldGen       total 704512K, used 139784K [0x00000000bb800000, 0x00000000e6800000, 0x00000000e6800000)
  object space 704512K, 19% used [0x00000000bb800000,0x00000000c40823a8,0x00000000e6800000)
 Metaspace       used 54040K, capacity 57250K, committed 57600K, reserved 1099776K
  class space    used 6511K, capacity 7063K, committed 7168K, reserved 1048576K
}
{Heap before GC invocations=137 (full 0):
 PSYoungGen      total 413184K, used 412576K [0x00000000e6800000, 0x0000000100000000, 0x0000000100000000)
  eden space 408576K, 100% used [0x00000000e6800000,0x00000000ff700000,0x00000000ff700000)
  from space 4608K, 86% used [0x00000000ffb80000,0x00000000fff68000,0x0000000100000000)
  to   space 4608K, 0% used [0x00000000ff700000,0x00000000ff700000,0x00000000ffb80000)
 ParOldGen       total 704512K, used 139784K [0x00000000bb800000, 0x00000000e6800000, 0x00000000e6800000)
  object space 704512K, 19% used [0x00000000bb800000,0x00000000c40823a8,0x00000000e6800000)
 Metaspace       used 54040K, capacity 57250K, committed 57600K, reserved 1099776K
  class space    used 6511K, capacity 7063K, committed 7168K, reserved 1048576K
2023-08-17T21:07:08.002+0800: 5271.995: [GC (Allocation Failure) [PSYoungGen: 412576K->4032K(413184K)] 552360K->143832K(1117696K), 0.0085135 secs] [Times: user=0.03 sys=0.00, real=0.01 secs] 
Heap after GC invocations=137 (full 0):
 PSYoungGen      total 413184K, used 4032K [0x00000000e6800000, 0x0000000100000000, 0x0000000100000000)
  eden space 408576K, 0% used [0x00000000e6800000,0x00000000e6800000,0x00000000ff700000)
  from space 4608K, 87% used [0x00000000ff700000,0x00000000ffaf0000,0x00000000ffb80000)
  to   space 4608K, 0% used [0x00000000ffb80000,0x00000000ffb80000,0x0000000100000000)
 ParOldGen       total 704512K, used 139800K [0x00000000bb800000, 0x00000000e6800000, 0x00000000e6800000)
  object space 704512K, 19% used [0x00000000bb800000,0x00000000c40863a8,0x00000000e6800000)
 Metaspace       used 54040K, capacity 57250K, committed 57600K, reserved 1099776K
  class space    used 6511K, capacity 7063K, committed 7168K, reserved 1048576K
}
{Heap before GC invocations=138 (full 0):
 PSYoungGen      total 413184K, used 412608K [0x00000000e6800000, 0x0000000100000000, 0x0000000100000000)
  eden space 408576K, 100% used [0x00000000e6800000,0x00000000ff700000,0x00000000ff700000)
  from space 4608K, 87% used [0x00000000ff700000,0x00000000ffaf0000,0x00000000ffb80000)
  to   space 4608K, 0% used [0x00000000ffb80000,0x00000000ffb80000,0x0000000100000000)
 ParOldGen       total 704512K, used 139800K [0x00000000bb800000, 0x00000000e6800000, 0x00000000e6800000)
  object space 704512K, 19% used [0x00000000bb800000,0x00000000c40863a8,0x00000000e6800000)
 Metaspace       used 54040K, capacity 57250K, committed 57600K, reserved 1099776K
  class space    used 6511K, capacity 7063K, committed 7168K, reserved 1048576K
2023-08-17T21:07:10.505+0800: 5274.498: [GC (Allocation Failure) [PSYoungGen: 412608K->4064K(413184K)] 552408K->143880K(1117696K), 0.0083951 secs] [Times: user=0.03 sys=0.00, real=0.01 secs] 
Heap after GC invocations=138 (full 0):
 PSYoungGen      total 413184K, used 4064K [0x00000000e6800000, 0x0000000100000000, 0x0000000100000000)
  eden space 408576K, 0% used [0x00000000e6800000,0x00000000e6800000,0x00000000ff700000)
  from space 4608K, 88% used [0x00000000ffb80000,0x00000000fff78000,0x0000000100000000)
  to   space 4608K, 0% used [0x00000000ff700000,0x00000000ff700000,0x00000000ffb80000)
 ParOldGen       total 704512K, used 139816K [0x00000000bb800000, 0x00000000e6800000, 0x00000000e6800000)
  object space 704512K, 19% used [0x00000000bb800000,0x00000000c408a3a8,0x00000000e6800000)
 Metaspace       used 54040K, capacity 57250K, committed 57600K, reserved 1099776K
  class space    used 6511K, capacity 7063K, committed 7168K, reserved 1048576K
}
{Heap before GC invocations=139 (full 0):
 PSYoungGen      total 413184K, used 412640K [0x00000000e6800000, 0x0000000100000000, 0x0000000100000000)
  eden space 408576K, 100% used [0x00000000e6800000,0x00000000ff700000,0x00000000ff700000)
  from space 4608K, 88% used [0x00000000ffb80000,0x00000000fff78000,0x0000000100000000)
  to   space 4608K, 0% used [0x00000000ff700000,0x00000000ff700000,0x00000000ffb80000)
 ParOldGen       total 704512K, used 139816K [0x00000000bb800000, 0x00000000e6800000, 0x00000000e6800000)
  object space 704512K, 19% used [0x00000000bb800000,0x00000000c408a3a8,0x00000000e6800000)
 Metaspace       used 54040K, capacity 57250K, committed 57600K, reserved 1099776K
  class space    used 6511K, capacity 7063K, committed 7168K, reserved 1048576K
2023-08-17T21:07:13.008+0800: 5277.001: [GC (Allocation Failure) [PSYoungGen: 412640K->4064K(413184K)] 552456K->143904K(1117696K), 0.0085680 secs] [Times: user=0.04 sys=0.00, real=0.01 secs] 
Heap after GC invocations=139 (full 0):
 PSYoungGen      total 413184K, used 4064K [0x00000000e6800000, 0x0000000100000000, 0x0000000100000000)
  eden space 408576K, 0% used [0x00000000e6800000,0x00000000e6800000,0x00000000ff700000)
  from space 4608K, 88% used [0x00000000ff700000,0x00000000ffaf8000,0x00000000ffb80000)
  to   space 4608K, 0% used [0x00000000ffb80000,0x00000000ffb80000,0x0000000100000000)
 ParOldGen       total 704512K, used 139840K [0x00000000bb800000, 0x00000000e6800000, 0x00000000e6800000)
  object space 704512K, 19% used [0x00000000bb800000,0x00000000c40903a8,0x00000000e6800000)
 Metaspace       used 54040K, capacity 57250K, committed 57600K, reserved 1099776K
  class space    used 6511K, capacity 7063K, committed 7168K, reserved 1048576K
}
{Heap before GC invocations=140 (full 0):
 PSYoungGen      total 413184K, used 412640K [0x00000000e6800000, 0x0000000100000000, 0x0000000100000000)
  eden space 408576K, 100% used [0x00000000e6800000,0x00000000ff700000,0x00000000ff700000)
  from space 4608K, 88% used [0x00000000ff700000,0x00000000ffaf8000,0x00000000ffb80000)
  to   space 4608K, 0% used [0x00000000ffb80000,0x00000000ffb80000,0x0000000100000000)
 ParOldGen       total 704512K, used 139840K [0x00000000bb800000, 0x00000000e6800000, 0x00000000e6800000)
  object space 704512K, 19% used [0x00000000bb800000,0x00000000c40903a8,0x00000000e6800000)
 Metaspace       used 54040K, capacity 57250K, committed 57600K, reserved 1099776K
  class space    used 6511K, capacity 7063K, committed 7168K, reserved 1048576K
2023-08-17T21:07:15.511+0800: 5279.504: [GC (Allocation Failure) [PSYoungGen: 412640K->3968K(413184K)] 552480K->143824K(1117696K), 0.0095351 secs] [Times: user=0.03 sys=0.00, real=0.01 secs] 
Heap after GC invocations=140 (full 0):
 PSYoungGen      total 413184K, used 3968K [0x00000000e6800000, 0x0000000100000000, 0x0000000100000000)
  eden space 408576K, 0% used [0x00000000e6800000,0x00000000e6800000,0x00000000ff700000)
  from space 4608K, 86% used [0x00000000ffb80000,0x00000000fff60000,0x0000000100000000)
  to   space 4608K, 0% used [0x00000000ff700000,0x00000000ff700000,0x00000000ffb80000)
 ParOldGen       total 704512K, used 139856K [0x00000000bb800000, 0x00000000e6800000, 0x00000000e6800000)
  object space 704512K, 19% used [0x00000000bb800000,0x00000000c40943a8,0x00000000e6800000)
 Metaspace       used 54040K, capacity 57250K, committed 57600K, reserved 1099776K
  class space    used 6511K, capacity 7063K, committed 7168K, reserved 1048576K
}
{Heap before GC invocations=141 (full 0):
 PSYoungGen      total 413184K, used 412544K [0x00000000e6800000, 0x0000000100000000, 0x0000000100000000)
  eden space 408576K, 100% used [0x00000000e6800000,0x00000000ff700000,0x00000000ff700000)
  from space 4608K, 86% used [0x00000000ffb80000,0x00000000fff60000,0x0000000100000000)
  to   space 4608K, 0% used [0x00000000ff700000,0x00000000ff700000,0x00000000ffb80000)
 ParOldGen       total 704512K, used 139856K [0x00000000bb800000, 0x00000000e6800000, 0x00000000e6800000)
  object space 704512K, 19% used [0x00000000bb800000,0x00000000c40943a8,0x00000000e6800000)
 Metaspace       used 54040K, capacity 57250K, committed 57600K, reserved 1099776K
  class space    used 6511K, capacity 7063K, committed 7168K, reserved 1048576K
2023-08-17T21:07:17.938+0800: 5281.932: [GC (Allocation Failure) [PSYoungGen: 412544K->4032K(413184K)] 552400K->143904K(1117696K), 0.0085664 secs] [Times: user=0.04 sys=0.00, real=0.00 secs] 
Heap after GC invocations=141 (full 0):
 PSYoungGen      total 413184K, used 4032K [0x00000000e6800000, 0x0000000100000000, 0x0000000100000000)
  eden space 408576K, 0% used [0x00000000e6800000,0x00000000e6800000,0x00000000ff700000)
  from space 4608K, 87% used [0x00000000ff700000,0x00000000ffaf0000,0x00000000ffb80000)
  to   space 4608K, 0% used [0x00000000ffb80000,0x00000000ffb80000,0x0000000100000000)
 ParOldGen       total 704512K, used 139872K [0x00000000bb800000, 0x00000000e6800000, 0x00000000e6800000)
  object space 704512K, 19% used [0x00000000bb800000,0x00000000c40983a8,0x00000000e6800000)
 Metaspace       used 54040K, capacity 57250K, committed 57600K, reserved 1099776K
  class space    used 6511K, capacity 7063K, committed 7168K, reserved 1048576K
}
{Heap before GC invocations=142 (full 0):
 PSYoungGen      total 413184K, used 412608K [0x00000000e6800000, 0x0000000100000000, 0x0000000100000000)
  eden space 408576K, 100% used [0x00000000e6800000,0x00000000ff700000,0x00000000ff700000)
  from space 4608K, 87% used [0x00000000ff700000,0x00000000ffaf0000,0x00000000ffb80000)
  to   space 4608K, 0% used [0x00000000ffb80000,0x00000000ffb80000,0x0000000100000000)
 ParOldGen       total 704512K, used 139872K [0x00000000bb800000, 0x00000000e6800000, 0x00000000e6800000)
  object space 704512K, 19% used [0x00000000bb800000,0x00000000c40983a8,0x00000000e6800000)
 Metaspace       used 54040K, capacity 57250K, committed 57600K, reserved 1099776K
  class space    used 6511K, capacity 7063K, committed 7168K, reserved 1048576K
2023-08-17T21:07:20.402+0800: 5284.395: [GC (Allocation Failure) [PSYoungGen: 412608K->4032K(413184K)] 552480K->143920K(1117696K), 0.0097816 secs] [Times: user=0.03 sys=0.00, real=0.01 secs] 
Heap after GC invocations=142 (full 0):
 PSYoungGen      total 413184K, used 4032K [0x00000000e6800000, 0x0000000100000000, 0x0000000100000000)
  eden space 408576K, 0% used [0x00000000e6800000,0x00000000e6800000,0x00000000ff700000)
  from space 4608K, 87% used [0x00000000ffb80000,0x00000000fff70000,0x0000000100000000)
  to   space 4608K, 0% used [0x00000000ff700000,0x00000000ff700000,0x00000000ffb80000)
 ParOldGen       total 704512K, used 139888K [0x00000000bb800000, 0x00000000e6800000, 0x00000000e6800000)
  object space 704512K, 19% used [0x00000000bb800000,0x00000000c409c3a8,0x00000000e6800000)
 Metaspace       used 54040K, capacity 57250K, committed 57600K, reserved 1099776K
  class space    used 6511K, capacity 7063K, committed 7168K, reserved 1048576K
}
{Heap before GC invocations=143 (full 0):
 PSYoungGen      total 413184K, used 412608K [0x00000000e6800000, 0x0000000100000000, 0x0000000100000000)
  eden space 408576K, 100% used [0x00000000e6800000,0x00000000ff700000,0x00000000ff700000)
  from space 4608K, 87% used [0x00000000ffb80000,0x00000000fff70000,0x0000000100000000)
  to   space 4608K, 0% used [0x00000000ff700000,0x00000000ff700000,0x00000000ffb80000)
 ParOldGen       total 704512K, used 139888K [0x00000000bb800000, 0x00000000e6800000, 0x00000000e6800000)
  object space 704512K, 19% used [0x00000000bb800000,0x00000000c409c3a8,0x00000000e6800000)
 Metaspace       used 54040K, capacity 57250K, committed 57600K, reserved 1099776K
  class space    used 6511K, capacity 7063K, committed 7168K, reserved 1048576K
2023-08-17T21:07:22.904+0800: 5286.898: [GC (Allocation Failure) [PSYoungGen: 412608K->4032K(413184K)] 552496K->143944K(1117696K), 0.0084133 secs] [Times: user=0.03 sys=0.00, real=0.01 secs] 
Heap after GC invocations=143 (full 0):
 PSYoungGen      total 413184K, used 4032K [0x00000000e6800000, 0x0000000100000000, 0x0000000100000000)
  eden space 408576K, 0% used [0x00000000e6800000,0x00000000e6800000,0x00000000ff700000)
  from space 4608K, 87% used [0x00000000ff700000,0x00000000ffaf0000,0x00000000ffb80000)
  to   space 4608K, 0% used [0x00000000ffb80000,0x00000000ffb80000,0x0000000100000000)
 ParOldGen       total 704512K, used 139912K [0x00000000bb800000, 0x00000000e6800000, 0x00000000e6800000)
  object space 704512K, 19% used [0x00000000bb800000,0x00000000c40a23a8,0x00000000e6800000)
 Metaspace       used 54040K, capacity 57250K, committed 57600K, reserved 1099776K
  class space    used 6511K, capacity 7063K, committed 7168K, reserved 1048576K
}
{Heap before GC invocations=144 (full 0):
 PSYoungGen      total 413184K, used 412608K [0x00000000e6800000, 0x0000000100000000, 0x0000000100000000)
  eden space 408576K, 100% used [0x00000000e6800000,0x00000000ff700000,0x00000000ff700000)
  from space 4608K, 87% used [0x00000000ff700000,0x00000000ffaf0000,0x00000000ffb80000)
  to   space 4608K, 0% used [0x00000000ffb80000,0x00000000ffb80000,0x0000000100000000)
 ParOldGen       total 704512K, used 139912K [0x00000000bb800000, 0x00000000e6800000, 0x00000000e6800000)
  object space 704512K, 19% used [0x00000000bb800000,0x00000000c40a23a8,0x00000000e6800000)
 Metaspace       used 54040K, capacity 57250K, committed 57600K, reserved 1099776K
  class space    used 6511K, capacity 7063K, committed 7168K, reserved 1048576K
2023-08-17T21:07:25.408+0800: 5289.401: [GC (Allocation Failure) [PSYoungGen: 412608K->4160K(413184K)] 552520K->144096K(1117696K), 0.0085238 secs] [Times: user=0.03 sys=0.00, real=0.01 secs] 
Heap after GC invocations=144 (full 0):
 PSYoungGen      total 413184K, used 4160K [0x00000000e6800000, 0x0000000100000000, 0x0000000100000000)
  eden space 408576K, 0% used [0x00000000e6800000,0x00000000e6800000,0x00000000ff700000)
  from space 4608K, 90% used [0x00000000ffb80000,0x00000000fff90000,0x0000000100000000)
  to   space 4608K, 0% used [0x00000000ff700000,0x00000000ff700000,0x00000000ffb80000)
 ParOldGen       total 704512K, used 139936K [0x00000000bb800000, 0x00000000e6800000, 0x00000000e6800000)
  object space 704512K, 19% used [0x00000000bb800000,0x00000000c40a83a8,0x00000000e6800000)
 Metaspace       used 54040K, capacity 57250K, committed 57600K, reserved 1099776K
  class space    used 6511K, capacity 7063K, committed 7168K, reserved 1048576K
}
{Heap before GC invocations=145 (full 0):
 PSYoungGen      total 413184K, used 412736K [0x00000000e6800000, 0x0000000100000000, 0x0000000100000000)
  eden space 408576K, 100% used [0x00000000e6800000,0x00000000ff700000,0x00000000ff700000)
  from space 4608K, 90% used [0x00000000ffb80000,0x00000000fff90000,0x0000000100000000)
  to   space 4608K, 0% used [0x00000000ff700000,0x00000000ff700000,0x00000000ffb80000)
 ParOldGen       total 704512K, used 139936K [0x00000000bb800000, 0x00000000e6800000, 0x00000000e6800000)
  object space 704512K, 19% used [0x00000000bb800000,0x00000000c40a83a8,0x00000000e6800000)
 Metaspace       used 54040K, capacity 57250K, committed 57600K, reserved 1099776K
  class space    used 6511K, capacity 7063K, committed 7168K, reserved 1048576K
2023-08-17T21:07:27.911+0800: 5291.905: [GC (Allocation Failure) [PSYoungGen: 412736K->4320K(413184K)] 552672K->144408K(1117696K), 0.0086879 secs] [Times: user=0.04 sys=0.00, real=0.01 secs] 
Heap after GC invocations=145 (full 0):
 PSYoungGen      total 413184K, used 4320K [0x00000000e6800000, 0x0000000100000000, 0x0000000100000000)
  eden space 408576K, 0% used [0x00000000e6800000,0x00000000e6800000,0x00000000ff700000)
  from space 4608K, 93% used [0x00000000ff700000,0x00000000ffb38000,0x00000000ffb80000)
  to   space 4608K, 0% used [0x00000000ffb80000,0x00000000ffb80000,0x0000000100000000)
 ParOldGen       total 704512K, used 140088K [0x00000000bb800000, 0x00000000e6800000, 0x00000000e6800000)
  object space 704512K, 19% used [0x00000000bb800000,0x00000000c40ce3a8,0x00000000e6800000)
 Metaspace       used 54040K, capacity 57250K, committed 57600K, reserved 1099776K
  class space    used 6511K, capacity 7063K, committed 7168K, reserved 1048576K
}
{Heap before GC invocations=146 (full 0):
 PSYoungGen      total 413184K, used 412896K [0x00000000e6800000, 0x0000000100000000, 0x0000000100000000)
  eden space 408576K, 100% used [0x00000000e6800000,0x00000000ff700000,0x00000000ff700000)
  from space 4608K, 93% used [0x00000000ff700000,0x00000000ffb38000,0x00000000ffb80000)
  to   space 4608K, 0% used [0x00000000ffb80000,0x00000000ffb80000,0x0000000100000000)
 ParOldGen       total 704512K, used 140088K [0x00000000bb800000, 0x00000000e6800000, 0x00000000e6800000)
  object space 704512K, 19% used [0x00000000bb800000,0x00000000c40ce3a8,0x00000000e6800000)
 Metaspace       used 54040K, capacity 57250K, committed 57600K, reserved 1099776K
  class space    used 6511K, capacity 7063K, committed 7168K, reserved 1048576K
2023-08-17T21:07:30.328+0800: 5294.321: [GC (Allocation Failure) [PSYoungGen: 412896K->4288K(413184K)] 552984K->144680K(1117696K), 0.0105809 secs] [Times: user=0.03 sys=0.00, real=0.02 secs] 
Heap after GC invocations=146 (full 0):
 PSYoungGen      total 413184K, used 4288K [0x00000000e6800000, 0x0000000100000000, 0x0000000100000000)
  eden space 408576K, 0% used [0x00000000e6800000,0x00000000e6800000,0x00000000ff700000)
  from space 4608K, 93% used [0x00000000ffb80000,0x00000000fffb0000,0x0000000100000000)
  to   space 4608K, 0% used [0x00000000ff700000,0x00000000ff700000,0x00000000ffb80000)
 ParOldGen       total 704512K, used 140392K [0x00000000bb800000, 0x00000000e6800000, 0x00000000e6800000)
  object space 704512K, 19% used [0x00000000bb800000,0x00000000c411a3a8,0x00000000e6800000)
 Metaspace       used 54040K, capacity 57250K, committed 57600K, reserved 1099776K
  class space    used 6511K, capacity 7063K, committed 7168K, reserved 1048576K
}
{Heap before GC invocations=147 (full 0):
 PSYoungGen      total 413184K, used 412864K [0x00000000e6800000, 0x0000000100000000, 0x0000000100000000)
  eden space 408576K, 100% used [0x00000000e6800000,0x00000000ff700000,0x00000000ff700000)
  from space 4608K, 93% used [0x00000000ffb80000,0x00000000fffb0000,0x0000000100000000)
  to   space 4608K, 0% used [0x00000000ff700000,0x00000000ff700000,0x00000000ffb80000)
 ParOldGen       total 704512K, used 140392K [0x00000000bb800000, 0x00000000e6800000, 0x00000000e6800000)
  object space 704512K, 19% used [0x00000000bb800000,0x00000000c411a3a8,0x00000000e6800000)
 Metaspace       used 54040K, capacity 57250K, committed 57600K, reserved 1099776K
  class space    used 6511K, capacity 7063K, committed 7168K, reserved 1048576K
2023-08-17T21:07:32.831+0800: 5296.824: [GC (Allocation Failure) [PSYoungGen: 412864K->4288K(413184K)] 553256K->144992K(1117696K), 0.0092171 secs] [Times: user=0.03 sys=0.00, real=0.01 secs] 
Heap after GC invocations=147 (full 0):
 PSYoungGen      total 413184K, used 4288K [0x00000000e6800000, 0x0000000100000000, 0x0000000100000000)
  eden space 408576K, 0% used [0x00000000e6800000,0x00000000e6800000,0x00000000ff700000)
  from space 4608K, 93% used [0x00000000ff700000,0x00000000ffb30000,0x00000000ffb80000)
  to   space 4608K, 0% used [0x00000000ffb80000,0x00000000ffb80000,0x0000000100000000)
 ParOldGen       total 704512K, used 140704K [0x00000000bb800000, 0x00000000e6800000, 0x00000000e6800000)
  object space 704512K, 19% used [0x00000000bb800000,0x00000000c41683a8,0x00000000e6800000)
 Metaspace       used 54040K, capacity 57250K, committed 57600K, reserved 1099776K
  class space    used 6511K, capacity 7063K, committed 7168K, reserved 1048576K
}
{Heap before GC invocations=148 (full 0):
 PSYoungGen      total 413184K, used 412864K [0x00000000e6800000, 0x0000000100000000, 0x0000000100000000)
  eden space 408576K, 100% used [0x00000000e6800000,0x00000000ff700000,0x00000000ff700000)
  from space 4608K, 93% used [0x00000000ff700000,0x00000000ffb30000,0x00000000ffb80000)
  to   space 4608K, 0% used [0x00000000ffb80000,0x00000000ffb80000,0x0000000100000000)
 ParOldGen       total 704512K, used 140704K [0x00000000bb800000, 0x00000000e6800000, 0x00000000e6800000)
  object space 704512K, 19% used [0x00000000bb800000,0x00000000c41683a8,0x00000000e6800000)
 Metaspace       used 54040K, capacity 57250K, committed 57600K, reserved 1099776K
  class space    used 6511K, capacity 7063K, committed 7168K, reserved 1048576K
2023-08-17T21:07:35.291+0800: 5299.284: [GC (Allocation Failure) [PSYoungGen: 412864K->4160K(413184K)] 553568K->145168K(1117696K), 0.0106544 secs] [Times: user=0.03 sys=0.00, real=0.01 secs] 
Heap after GC invocations=148 (full 0):
 PSYoungGen      total 413184K, used 4160K [0x00000000e6800000, 0x0000000100000000, 0x0000000100000000)
  eden space 408576K, 0% used [0x00000000e6800000,0x00000000e6800000,0x00000000ff700000)
  from space 4608K, 90% used [0x00000000ffb80000,0x00000000fff90000,0x0000000100000000)
  to   space 4608K, 0% used [0x00000000ff700000,0x00000000ff700000,0x00000000ffb80000)
 ParOldGen       total 704512K, used 141008K [0x00000000bb800000, 0x00000000e6800000, 0x00000000e6800000)
  object space 704512K, 20% used [0x00000000bb800000,0x00000000c41b43a8,0x00000000e6800000)
 Metaspace       used 54040K, capacity 57250K, committed 57600K, reserved 1099776K
  class space    used 6511K, capacity 7063K, committed 7168K, reserved 1048576K
}
{Heap before GC invocations=149 (full 0):
 PSYoungGen      total 413184K, used 412736K [0x00000000e6800000, 0x0000000100000000, 0x0000000100000000)
  eden space 408576K, 100% used [0x00000000e6800000,0x00000000ff700000,0x00000000ff700000)
  from space 4608K, 90% used [0x00000000ffb80000,0x00000000fff90000,0x0000000100000000)
  to   space 4608K, 0% used [0x00000000ff700000,0x00000000ff700000,0x00000000ffb80000)
 ParOldGen       total 704512K, used 141008K [0x00000000bb800000, 0x00000000e6800000, 0x00000000e6800000)
  object space 704512K, 20% used [0x00000000bb800000,0x00000000c41b43a8,0x00000000e6800000)
 Metaspace       used 54040K, capacity 57250K, committed 57600K, reserved 1099776K
  class space    used 6511K, capacity 7063K, committed 7168K, reserved 1048576K
2023-08-17T21:07:37.790+0800: 5301.783: [GC (Allocation Failure) [PSYoungGen: 412736K->4000K(413184K)] 553744K->145192K(1117696K), 0.0098762 secs] [Times: user=0.03 sys=0.00, real=0.01 secs] 
Heap after GC invocations=149 (full 0):
 PSYoungGen      total 413184K, used 4000K [0x00000000e6800000, 0x0000000100000000, 0x0000000100000000)
  eden space 408576K, 0% used [0x00000000e6800000,0x00000000e6800000,0x00000000ff700000)
  from space 4608K, 86% used [0x00000000ff700000,0x00000000ffae8000,0x00000000ffb80000)
  to   space 4608K, 0% used [0x00000000ffb80000,0x00000000ffb80000,0x0000000100000000)
 ParOldGen       total 704512K, used 141192K [0x00000000bb800000, 0x00000000e6800000, 0x00000000e6800000)
  object space 704512K, 20% used [0x00000000bb800000,0x00000000c41e23a8,0x00000000e6800000)
 Metaspace       used 54040K, capacity 57250K, committed 57600K, reserved 1099776K
  class space    used 6511K, capacity 7063K, committed 7168K, reserved 1048576K
}
{Heap before GC invocations=150 (full 0):
 PSYoungGen      total 413184K, used 412576K [0x00000000e6800000, 0x0000000100000000, 0x0000000100000000)
  eden space 408576K, 100% used [0x00000000e6800000,0x00000000ff700000,0x00000000ff700000)
  from space 4608K, 86% used [0x00000000ff700000,0x00000000ffae8000,0x00000000ffb80000)
  to   space 4608K, 0% used [0x00000000ffb80000,0x00000000ffb80000,0x0000000100000000)
 ParOldGen       total 704512K, used 141192K [0x00000000bb800000, 0x00000000e6800000, 0x00000000e6800000)
  object space 704512K, 20% used [0x00000000bb800000,0x00000000c41e23a8,0x00000000e6800000)
 Metaspace       used 54040K, capacity 57250K, committed 57600K, reserved 1099776K
  class space    used 6511K, capacity 7063K, committed 7168K, reserved 1048576K
2023-08-17T21:07:40.292+0800: 5304.285: [GC (Allocation Failure) [PSYoungGen: 412576K->4032K(413184K)] 553768K->145248K(1117696K), 0.0092527 secs] [Times: user=0.03 sys=0.00, real=0.01 secs] 
Heap after GC invocations=150 (full 0):
 PSYoungGen      total 413184K, used 4032K [0x00000000e6800000, 0x0000000100000000, 0x0000000100000000)
  eden space 408576K, 0% used [0x00000000e6800000,0x00000000e6800000,0x00000000ff700000)
  from space 4608K, 87% used [0x00000000ffb80000,0x00000000fff70000,0x0000000100000000)
  to   space 4608K, 0% used [0x00000000ff700000,0x00000000ff700000,0x00000000ffb80000)
 ParOldGen       total 704512K, used 141216K [0x00000000bb800000, 0x00000000e6800000, 0x00000000e6800000)
  object space 704512K, 20% used [0x00000000bb800000,0x00000000c41e83a8,0x00000000e6800000)
 Metaspace       used 54040K, capacity 57250K, committed 57600K, reserved 1099776K
  class space    used 6511K, capacity 7063K, committed 7168K, reserved 1048576K
}
{Heap before GC invocations=151 (full 0):
 PSYoungGen      total 413184K, used 412608K [0x00000000e6800000, 0x0000000100000000, 0x0000000100000000)
  eden space 408576K, 100% used [0x00000000e6800000,0x00000000ff700000,0x00000000ff700000)
  from space 4608K, 87% used [0x00000000ffb80000,0x00000000fff70000,0x0000000100000000)
  to   space 4608K, 0% used [0x00000000ff700000,0x00000000ff700000,0x00000000ffb80000)
 ParOldGen       total 704512K, used 141216K [0x00000000bb800000, 0x00000000e6800000, 0x00000000e6800000)
  object space 704512K, 20% used [0x00000000bb800000,0x00000000c41e83a8,0x00000000e6800000)
 Metaspace       used 54040K, capacity 57250K, committed 57600K, reserved 1099776K
  class space    used 6511K, capacity 7063K, committed 7168K, reserved 1048576K
2023-08-17T21:07:42.795+0800: 5306.789: [GC (Allocation Failure) [PSYoungGen: 412608K->4096K(413184K)] 553824K->145320K(1117696K), 0.0084664 secs] [Times: user=0.03 sys=0.00, real=0.01 secs] 
